
bin/BareMetal.elf:     file format elf32-littlearm

Sections:
Idx Name          Size      VMA       LMA       File off  Algn
  0 .text         00000d88  00000000  00000000  00001000  2**2
                  CONTENTS, ALLOC, LOAD, READONLY, CODE
  1 .data         00000000  20000000  20000000  00001d88  2**0
                  CONTENTS, ALLOC, LOAD, DATA
  2 .bss          00000000  20000000  20000000  00000000  2**0
                  ALLOC
  3 .heap         00000200  20002df0  20002df0  00001df0  2**2
                  ALLOC
  4 .stack        00001010  20002ff0  20002ff0  00001df0  2**2
                  ALLOC
  5 .debug_info   00000737  00000000  00000000  00001d88  2**0
                  CONTENTS, READONLY, DEBUGGING, OCTETS
  6 .debug_abbrev 00000332  00000000  00000000  000024bf  2**0
                  CONTENTS, READONLY, DEBUGGING, OCTETS
  7 .debug_aranges 00000040  00000000  00000000  000027f1  2**0
                  CONTENTS, READONLY, DEBUGGING, OCTETS
  8 .debug_line   0000066f  00000000  00000000  00002831  2**0
                  CONTENTS, READONLY, DEBUGGING, OCTETS
  9 .debug_str    00000437  00000000  00000000  00002ea0  2**0
                  CONTENTS, READONLY, DEBUGGING, OCTETS
 10 .comment      00000089  00000000  00000000  000032d7  2**0
                  CONTENTS, READONLY
 11 .ARM.attributes 0000002c  00000000  00000000  00003360  2**0
                  CONTENTS, READONLY
 12 .debug_frame  00000470  00000000  00000000  0000338c  2**2
                  CONTENTS, READONLY, DEBUGGING, OCTETS
 13 .debug_line_str 000000c9  00000000  00000000  000037fc  2**0
                  CONTENTS, READONLY, DEBUGGING, OCTETS

Disassembly of section .text:

00000000 <vector_table>:
   0:	00 40 00 20 cf 0a 00 00 65 0b 00 00 6d 0b 00 00     .@. ....e...m...
	...
  2c:	65 0b 00 00 00 00 00 00 00 00 00 00 65 0b 00 00     e...........e...
  3c:	65 0b 00 00 65 0b 00 00 65 0b 00 00 65 0b 00 00     e...e...e...e...
  4c:	65 0b 00 00 65 0b 00 00 65 0b 00 00 65 0b 00 00     e...e...e...e...
  5c:	65 0b 00 00 65 0b 00 00 65 0b 00 00 65 0b 00 00     e...e...e...e...
  6c:	65 0b 00 00 65 0b 00 00 65 0b 00 00 65 0b 00 00     e...e...e...e...
  7c:	65 0b 00 00 65 0b 00 00 65 0b 00 00 65 0b 00 00     e...e...e...e...
  8c:	65 0b 00 00 65 0b 00 00 65 0b 00 00 65 0b 00 00     e...e...e...e...
  9c:	65 0b 00 00 65 0b 00 00 65 0b 00 00 65 0b 00 00     e...e...e...e...
  ac:	65 0b 00 00 00 00 00 00 00 00 00 00 00 00 00 00     e...............
  bc:	00 00 00 00                                         ....

000000c0 <Delay>:
#define SDA_LOW()   (GPIO_PRT3_DR &= ~(1u << SDA_PIN))

/* ================================================================
 *  Delays  (24 MHz IMO)
 * ================================================================ */
static void Delay(volatile uint32_t n)      { while (n--); }
  c0:	b580      	push	{r7, lr}
  c2:	b082      	sub	sp, #8
  c4:	af00      	add	r7, sp, #0
  c6:	6078      	str	r0, [r7, #4]
  c8:	46c0      	nop			@ (mov r8, r8)
  ca:	687b      	ldr	r3, [r7, #4]
  cc:	1e5a      	subs	r2, r3, #1
  ce:	607a      	str	r2, [r7, #4]
  d0:	2b00      	cmp	r3, #0
  d2:	d1fa      	bne.n	ca <Delay+0xa>
  d4:	46c0      	nop			@ (mov r8, r8)
  d6:	46c0      	nop			@ (mov r8, r8)
  d8:	46bd      	mov	sp, r7
  da:	b002      	add	sp, #8
  dc:	bd80      	pop	{r7, pc}

000000de <I2C_Delay>:
static void I2C_Delay(void)                 { Delay(50u); }
  de:	b580      	push	{r7, lr}
  e0:	af00      	add	r7, sp, #0
  e2:	2032      	movs	r0, #50	@ 0x32
  e4:	f7ff ffec 	bl	c0 <Delay>
  e8:	46c0      	nop			@ (mov r8, r8)
  ea:	46bd      	mov	sp, r7
  ec:	bd80      	pop	{r7, pc}

000000ee <DelayUs>:

static void DelayUs(uint32_t us)
{
  ee:	b580      	push	{r7, lr}
  f0:	b084      	sub	sp, #16
  f2:	af00      	add	r7, sp, #0
  f4:	6078      	str	r0, [r7, #4]
    for (volatile uint32_t i = 0; i < us * US_LOOPS_PER_US; i++);
  f6:	2300      	movs	r3, #0
  f8:	60fb      	str	r3, [r7, #12]
  fa:	e002      	b.n	102 <DelayUs+0x14>
  fc:	68fb      	ldr	r3, [r7, #12]
  fe:	3301      	adds	r3, #1
 100:	60fb      	str	r3, [r7, #12]
 102:	687a      	ldr	r2, [r7, #4]
 104:	0013      	movs	r3, r2
 106:	005b      	lsls	r3, r3, #1
 108:	189b      	adds	r3, r3, r2
 10a:	005b      	lsls	r3, r3, #1
 10c:	001a      	movs	r2, r3
 10e:	68fb      	ldr	r3, [r7, #12]
 110:	429a      	cmp	r2, r3
 112:	d8f3      	bhi.n	fc <DelayUs+0xe>
}
 114:	46c0      	nop			@ (mov r8, r8)
 116:	46c0      	nop			@ (mov r8, r8)
 118:	46bd      	mov	sp, r7
 11a:	b004      	add	sp, #16
 11c:	bd80      	pop	{r7, pc}

0000011e <DelayMs>:

static void DelayMs(uint32_t ms)
{
 11e:	b580      	push	{r7, lr}
 120:	b084      	sub	sp, #16
 122:	af00      	add	r7, sp, #0
 124:	6078      	str	r0, [r7, #4]
    for (uint32_t m = 0; m < ms; m++)
 126:	2300      	movs	r3, #0
 128:	60fb      	str	r3, [r7, #12]
 12a:	e00c      	b.n	146 <DelayMs+0x28>
        for (volatile uint32_t i = 0; i < 6000u; i++);
 12c:	2300      	movs	r3, #0
 12e:	60bb      	str	r3, [r7, #8]
 130:	e002      	b.n	138 <DelayMs+0x1a>
 132:	68bb      	ldr	r3, [r7, #8]
 134:	3301      	adds	r3, #1
 136:	60bb      	str	r3, [r7, #8]
 138:	68bb      	ldr	r3, [r7, #8]
 13a:	4a07      	ldr	r2, [pc, #28]	@ (158 <DelayMs+0x3a>)
 13c:	4293      	cmp	r3, r2
 13e:	d9f8      	bls.n	132 <DelayMs+0x14>
    for (uint32_t m = 0; m < ms; m++)
 140:	68fb      	ldr	r3, [r7, #12]
 142:	3301      	adds	r3, #1
 144:	60fb      	str	r3, [r7, #12]
 146:	68fa      	ldr	r2, [r7, #12]
 148:	687b      	ldr	r3, [r7, #4]
 14a:	429a      	cmp	r2, r3
 14c:	d3ee      	bcc.n	12c <DelayMs+0xe>
}
 14e:	46c0      	nop			@ (mov r8, r8)
 150:	46c0      	nop			@ (mov r8, r8)
 152:	46bd      	mov	sp, r7
 154:	b004      	add	sp, #16
 156:	bd80      	pop	{r7, pc}
 158:	0000176f 	.word	0x0000176f

0000015c <clock_config>:

/* ================================================================
 *  Clock + Peripheral Clock Config
 * ================================================================ */
static void clock_config(void)
{
 15c:	b580      	push	{r7, lr}
 15e:	af00      	add	r7, sp, #0
    *((uint32_t *)0x40030F08) = 0u;   /* IMO = 24 MHz */
 160:	4b04      	ldr	r3, [pc, #16]	@ (174 <clock_config+0x18>)
 162:	2200      	movs	r2, #0
 164:	601a      	str	r2, [r3, #0]
    *((uint32_t *)0x40030028) = 0u;   /* HFCLK = IMO, div 1 */
 166:	4b04      	ldr	r3, [pc, #16]	@ (178 <clock_config+0x1c>)
 168:	2200      	movs	r2, #0
 16a:	601a      	str	r2, [r3, #0]
}
 16c:	46c0      	nop			@ (mov r8, r8)
 16e:	46bd      	mov	sp, r7
 170:	bd80      	pop	{r7, pc}
 172:	46c0      	nop			@ (mov r8, r8)
 174:	40030f08 	.word	0x40030f08
 178:	40030028 	.word	0x40030028

0000017c <peri_clock_config>:

static void peri_clock_config(void)
{
 17c:	b580      	push	{r7, lr}
 17e:	af00      	add	r7, sp, #0
    /* ADC peripheral clock — Divider 1 → 12 MHz */
    *((uint32_t *)0x40010000)  = (1u << 30) | (1u << 6) | (1u << 0);
 180:	4b09      	ldr	r3, [pc, #36]	@ (1a8 <peri_clock_config+0x2c>)
 182:	4a0a      	ldr	r2, [pc, #40]	@ (1ac <peri_clock_config+0x30>)
 184:	601a      	str	r2, [r3, #0]
    *((uint32_t *)0x40010304)  = (2u - 1u) << 8;
 186:	4b0a      	ldr	r3, [pc, #40]	@ (1b0 <peri_clock_config+0x34>)
 188:	2280      	movs	r2, #128	@ 0x80
 18a:	0052      	lsls	r2, r2, #1
 18c:	601a      	str	r2, [r3, #0]
    *((uint32_t *)0x40010000) |= (1u << 31) | (3u << 14) | (63u << 8)
 18e:	4b06      	ldr	r3, [pc, #24]	@ (1a8 <peri_clock_config+0x2c>)
 190:	681a      	ldr	r2, [r3, #0]
 192:	4b05      	ldr	r3, [pc, #20]	@ (1a8 <peri_clock_config+0x2c>)
 194:	4907      	ldr	r1, [pc, #28]	@ (1b4 <peri_clock_config+0x38>)
 196:	430a      	orrs	r2, r1
 198:	601a      	str	r2, [r3, #0]
                               | (1u << 6)  | (1u << 0);
    *((uint32_t *)0x40010148)  = (1u << 6) | (1u << 0);
 19a:	4b07      	ldr	r3, [pc, #28]	@ (1b8 <peri_clock_config+0x3c>)
 19c:	2241      	movs	r2, #65	@ 0x41
 19e:	601a      	str	r2, [r3, #0]
}
 1a0:	46c0      	nop			@ (mov r8, r8)
 1a2:	46bd      	mov	sp, r7
 1a4:	bd80      	pop	{r7, pc}
 1a6:	46c0      	nop			@ (mov r8, r8)
 1a8:	40010000 	.word	0x40010000
 1ac:	40000041 	.word	0x40000041
 1b0:	40010304 	.word	0x40010304
 1b4:	8000ff41 	.word	0x8000ff41
 1b8:	40010148 	.word	0x40010148

000001bc <I2C_Init>:

/* ================================================================
 *  I2C Bit-bang
 * ================================================================ */
static void I2C_Init(void)
{
 1bc:	b580      	push	{r7, lr}
 1be:	af00      	add	r7, sp, #0
    GPIO_PRT3_PC = (GPIO_PRT3_PC & ~0x3Fu) | (4u << 0) | (4u << 3);
 1c0:	4b08      	ldr	r3, [pc, #32]	@ (1e4 <I2C_Init+0x28>)
 1c2:	681b      	ldr	r3, [r3, #0]
 1c4:	223f      	movs	r2, #63	@ 0x3f
 1c6:	4393      	bics	r3, r2
 1c8:	001a      	movs	r2, r3
 1ca:	4b06      	ldr	r3, [pc, #24]	@ (1e4 <I2C_Init+0x28>)
 1cc:	2124      	movs	r1, #36	@ 0x24
 1ce:	430a      	orrs	r2, r1
 1d0:	601a      	str	r2, [r3, #0]
    GPIO_PRT3_DR |= (1u << SCL_PIN) | (1u << SDA_PIN);
 1d2:	4b05      	ldr	r3, [pc, #20]	@ (1e8 <I2C_Init+0x2c>)
 1d4:	681a      	ldr	r2, [r3, #0]
 1d6:	4b04      	ldr	r3, [pc, #16]	@ (1e8 <I2C_Init+0x2c>)
 1d8:	2103      	movs	r1, #3
 1da:	430a      	orrs	r2, r1
 1dc:	601a      	str	r2, [r3, #0]
}
 1de:	46c0      	nop			@ (mov r8, r8)
 1e0:	46bd      	mov	sp, r7
 1e2:	bd80      	pop	{r7, pc}
 1e4:	40040308 	.word	0x40040308
 1e8:	40040300 	.word	0x40040300

000001ec <I2C_Start>:

static void I2C_Start(void)
{
 1ec:	b580      	push	{r7, lr}
 1ee:	af00      	add	r7, sp, #0
    SDA_HIGH(); SCL_HIGH(); I2C_Delay();
 1f0:	4b10      	ldr	r3, [pc, #64]	@ (234 <__HEAP_SIZE+0x34>)
 1f2:	681a      	ldr	r2, [r3, #0]
 1f4:	4b0f      	ldr	r3, [pc, #60]	@ (234 <__HEAP_SIZE+0x34>)
 1f6:	2102      	movs	r1, #2
 1f8:	430a      	orrs	r2, r1
 1fa:	601a      	str	r2, [r3, #0]
 1fc:	4b0d      	ldr	r3, [pc, #52]	@ (234 <__HEAP_SIZE+0x34>)
 1fe:	681a      	ldr	r2, [r3, #0]
 200:	4b0c      	ldr	r3, [pc, #48]	@ (234 <__HEAP_SIZE+0x34>)
 202:	2101      	movs	r1, #1
 204:	430a      	orrs	r2, r1
 206:	601a      	str	r2, [r3, #0]
 208:	f7ff ff69 	bl	de <I2C_Delay>
    SDA_LOW();              I2C_Delay();
 20c:	4b09      	ldr	r3, [pc, #36]	@ (234 <__HEAP_SIZE+0x34>)
 20e:	681a      	ldr	r2, [r3, #0]
 210:	4b08      	ldr	r3, [pc, #32]	@ (234 <__HEAP_SIZE+0x34>)
 212:	2102      	movs	r1, #2
 214:	438a      	bics	r2, r1
 216:	601a      	str	r2, [r3, #0]
 218:	f7ff ff61 	bl	de <I2C_Delay>
    SCL_LOW();              I2C_Delay();
 21c:	4b05      	ldr	r3, [pc, #20]	@ (234 <__HEAP_SIZE+0x34>)
 21e:	681a      	ldr	r2, [r3, #0]
 220:	4b04      	ldr	r3, [pc, #16]	@ (234 <__HEAP_SIZE+0x34>)
 222:	2101      	movs	r1, #1
 224:	438a      	bics	r2, r1
 226:	601a      	str	r2, [r3, #0]
 228:	f7ff ff59 	bl	de <I2C_Delay>
}
 22c:	46c0      	nop			@ (mov r8, r8)
 22e:	46bd      	mov	sp, r7
 230:	bd80      	pop	{r7, pc}
 232:	46c0      	nop			@ (mov r8, r8)
 234:	40040300 	.word	0x40040300

00000238 <I2C_Stop>:

static void I2C_Stop(void)
{
 238:	b580      	push	{r7, lr}
 23a:	af00      	add	r7, sp, #0
    SDA_LOW();  I2C_Delay();
 23c:	4b0d      	ldr	r3, [pc, #52]	@ (274 <I2C_Stop+0x3c>)
 23e:	681a      	ldr	r2, [r3, #0]
 240:	4b0c      	ldr	r3, [pc, #48]	@ (274 <I2C_Stop+0x3c>)
 242:	2102      	movs	r1, #2
 244:	438a      	bics	r2, r1
 246:	601a      	str	r2, [r3, #0]
 248:	f7ff ff49 	bl	de <I2C_Delay>
    SCL_HIGH(); I2C_Delay();
 24c:	4b09      	ldr	r3, [pc, #36]	@ (274 <I2C_Stop+0x3c>)
 24e:	681a      	ldr	r2, [r3, #0]
 250:	4b08      	ldr	r3, [pc, #32]	@ (274 <I2C_Stop+0x3c>)
 252:	2101      	movs	r1, #1
 254:	430a      	orrs	r2, r1
 256:	601a      	str	r2, [r3, #0]
 258:	f7ff ff41 	bl	de <I2C_Delay>
    SDA_HIGH(); I2C_Delay();
 25c:	4b05      	ldr	r3, [pc, #20]	@ (274 <I2C_Stop+0x3c>)
 25e:	681a      	ldr	r2, [r3, #0]
 260:	4b04      	ldr	r3, [pc, #16]	@ (274 <I2C_Stop+0x3c>)
 262:	2102      	movs	r1, #2
 264:	430a      	orrs	r2, r1
 266:	601a      	str	r2, [r3, #0]
 268:	f7ff ff39 	bl	de <I2C_Delay>
}
 26c:	46c0      	nop			@ (mov r8, r8)
 26e:	46bd      	mov	sp, r7
 270:	bd80      	pop	{r7, pc}
 272:	46c0      	nop			@ (mov r8, r8)
 274:	40040300 	.word	0x40040300

00000278 <I2C_WriteBit>:

static void I2C_WriteBit(uint8_t bit)
{
 278:	b580      	push	{r7, lr}
 27a:	b082      	sub	sp, #8
 27c:	af00      	add	r7, sp, #0
 27e:	0002      	movs	r2, r0
 280:	1dfb      	adds	r3, r7, #7
 282:	701a      	strb	r2, [r3, #0]
    if (bit) SDA_HIGH(); else SDA_LOW();
 284:	1dfb      	adds	r3, r7, #7
 286:	781b      	ldrb	r3, [r3, #0]
 288:	2b00      	cmp	r3, #0
 28a:	d006      	beq.n	29a <I2C_WriteBit+0x22>
 28c:	4b11      	ldr	r3, [pc, #68]	@ (2d4 <I2C_WriteBit+0x5c>)
 28e:	681a      	ldr	r2, [r3, #0]
 290:	4b10      	ldr	r3, [pc, #64]	@ (2d4 <I2C_WriteBit+0x5c>)
 292:	2102      	movs	r1, #2
 294:	430a      	orrs	r2, r1
 296:	601a      	str	r2, [r3, #0]
 298:	e005      	b.n	2a6 <I2C_WriteBit+0x2e>
 29a:	4b0e      	ldr	r3, [pc, #56]	@ (2d4 <I2C_WriteBit+0x5c>)
 29c:	681a      	ldr	r2, [r3, #0]
 29e:	4b0d      	ldr	r3, [pc, #52]	@ (2d4 <I2C_WriteBit+0x5c>)
 2a0:	2102      	movs	r1, #2
 2a2:	438a      	bics	r2, r1
 2a4:	601a      	str	r2, [r3, #0]
    I2C_Delay();
 2a6:	f7ff ff1a 	bl	de <I2C_Delay>
    SCL_HIGH(); I2C_Delay();
 2aa:	4b0a      	ldr	r3, [pc, #40]	@ (2d4 <I2C_WriteBit+0x5c>)
 2ac:	681a      	ldr	r2, [r3, #0]
 2ae:	4b09      	ldr	r3, [pc, #36]	@ (2d4 <I2C_WriteBit+0x5c>)
 2b0:	2101      	movs	r1, #1
 2b2:	430a      	orrs	r2, r1
 2b4:	601a      	str	r2, [r3, #0]
 2b6:	f7ff ff12 	bl	de <I2C_Delay>
    SCL_LOW();  I2C_Delay();
 2ba:	4b06      	ldr	r3, [pc, #24]	@ (2d4 <I2C_WriteBit+0x5c>)
 2bc:	681a      	ldr	r2, [r3, #0]
 2be:	4b05      	ldr	r3, [pc, #20]	@ (2d4 <I2C_WriteBit+0x5c>)
 2c0:	2101      	movs	r1, #1
 2c2:	438a      	bics	r2, r1
 2c4:	601a      	str	r2, [r3, #0]
 2c6:	f7ff ff0a 	bl	de <I2C_Delay>
}
 2ca:	46c0      	nop			@ (mov r8, r8)
 2cc:	46bd      	mov	sp, r7
 2ce:	b002      	add	sp, #8
 2d0:	bd80      	pop	{r7, pc}
 2d2:	46c0      	nop			@ (mov r8, r8)
 2d4:	40040300 	.word	0x40040300

000002d8 <I2C_WriteByte>:

static void I2C_WriteByte(uint8_t byte)
{
 2d8:	b590      	push	{r4, r7, lr}
 2da:	b085      	sub	sp, #20
 2dc:	af00      	add	r7, sp, #0
 2de:	0002      	movs	r2, r0
 2e0:	1dfb      	adds	r3, r7, #7
 2e2:	701a      	strb	r2, [r3, #0]
    for (int8_t i = 7; i >= 0; i--)
 2e4:	230f      	movs	r3, #15
 2e6:	18fb      	adds	r3, r7, r3
 2e8:	2207      	movs	r2, #7
 2ea:	701a      	strb	r2, [r3, #0]
 2ec:	e016      	b.n	31c <I2C_WriteByte+0x44>
        I2C_WriteBit((byte >> i) & 1u);
 2ee:	1dfb      	adds	r3, r7, #7
 2f0:	781a      	ldrb	r2, [r3, #0]
 2f2:	240f      	movs	r4, #15
 2f4:	193b      	adds	r3, r7, r4
 2f6:	781b      	ldrb	r3, [r3, #0]
 2f8:	b25b      	sxtb	r3, r3
 2fa:	411a      	asrs	r2, r3
 2fc:	0013      	movs	r3, r2
 2fe:	b2db      	uxtb	r3, r3
 300:	2201      	movs	r2, #1
 302:	4013      	ands	r3, r2
 304:	b2db      	uxtb	r3, r3
 306:	0018      	movs	r0, r3
 308:	f7ff ffb6 	bl	278 <I2C_WriteBit>
    for (int8_t i = 7; i >= 0; i--)
 30c:	193b      	adds	r3, r7, r4
 30e:	781b      	ldrb	r3, [r3, #0]
 310:	b25b      	sxtb	r3, r3
 312:	b2db      	uxtb	r3, r3
 314:	3b01      	subs	r3, #1
 316:	b2da      	uxtb	r2, r3
 318:	193b      	adds	r3, r7, r4
 31a:	701a      	strb	r2, [r3, #0]
 31c:	230f      	movs	r3, #15
 31e:	18fb      	adds	r3, r7, r3
 320:	781b      	ldrb	r3, [r3, #0]
 322:	2b7f      	cmp	r3, #127	@ 0x7f
 324:	d9e3      	bls.n	2ee <I2C_WriteByte+0x16>
    SDA_HIGH(); I2C_Delay();
 326:	4b0e      	ldr	r3, [pc, #56]	@ (360 <I2C_WriteByte+0x88>)
 328:	681a      	ldr	r2, [r3, #0]
 32a:	4b0d      	ldr	r3, [pc, #52]	@ (360 <I2C_WriteByte+0x88>)
 32c:	2102      	movs	r1, #2
 32e:	430a      	orrs	r2, r1
 330:	601a      	str	r2, [r3, #0]
 332:	f7ff fed4 	bl	de <I2C_Delay>
    SCL_HIGH(); I2C_Delay();
 336:	4b0a      	ldr	r3, [pc, #40]	@ (360 <I2C_WriteByte+0x88>)
 338:	681a      	ldr	r2, [r3, #0]
 33a:	4b09      	ldr	r3, [pc, #36]	@ (360 <I2C_WriteByte+0x88>)
 33c:	2101      	movs	r1, #1
 33e:	430a      	orrs	r2, r1
 340:	601a      	str	r2, [r3, #0]
 342:	f7ff fecc 	bl	de <I2C_Delay>
    SCL_LOW();  I2C_Delay();
 346:	4b06      	ldr	r3, [pc, #24]	@ (360 <I2C_WriteByte+0x88>)
 348:	681a      	ldr	r2, [r3, #0]
 34a:	4b05      	ldr	r3, [pc, #20]	@ (360 <I2C_WriteByte+0x88>)
 34c:	2101      	movs	r1, #1
 34e:	438a      	bics	r2, r1
 350:	601a      	str	r2, [r3, #0]
 352:	f7ff fec4 	bl	de <I2C_Delay>
}
 356:	46c0      	nop			@ (mov r8, r8)
 358:	46bd      	mov	sp, r7
 35a:	b005      	add	sp, #20
 35c:	bd90      	pop	{r4, r7, pc}
 35e:	46c0      	nop			@ (mov r8, r8)
 360:	40040300 	.word	0x40040300

00000364 <PCF8574_Write>:

static void PCF8574_Write(uint8_t data)
{
 364:	b580      	push	{r7, lr}
 366:	b082      	sub	sp, #8
 368:	af00      	add	r7, sp, #0
 36a:	0002      	movs	r2, r0
 36c:	1dfb      	adds	r3, r7, #7
 36e:	701a      	strb	r2, [r3, #0]
    I2C_Start();
 370:	f7ff ff3c 	bl	1ec <I2C_Start>
    I2C_WriteByte((LCD_ADDR << 1u) | 0u);
 374:	204e      	movs	r0, #78	@ 0x4e
 376:	f7ff ffaf 	bl	2d8 <I2C_WriteByte>
    I2C_WriteByte(data);
 37a:	1dfb      	adds	r3, r7, #7
 37c:	781b      	ldrb	r3, [r3, #0]
 37e:	0018      	movs	r0, r3
 380:	f7ff ffaa 	bl	2d8 <I2C_WriteByte>
    I2C_Stop();
 384:	f7ff ff58 	bl	238 <I2C_Stop>
}
 388:	46c0      	nop			@ (mov r8, r8)
 38a:	46bd      	mov	sp, r7
 38c:	b002      	add	sp, #8
 38e:	bd80      	pop	{r7, pc}

00000390 <LCD_PulseEnable>:

/* ================================================================
 *  HD44780 LCD (4-bit via PCF8574)
 * ================================================================ */
static void LCD_PulseEnable(uint8_t data)
{
 390:	b580      	push	{r7, lr}
 392:	b082      	sub	sp, #8
 394:	af00      	add	r7, sp, #0
 396:	0002      	movs	r2, r0
 398:	1dfb      	adds	r3, r7, #7
 39a:	701a      	strb	r2, [r3, #0]
    PCF8574_Write(data | LCD_EN);
 39c:	1dfb      	adds	r3, r7, #7
 39e:	781b      	ldrb	r3, [r3, #0]
 3a0:	2204      	movs	r2, #4
 3a2:	4313      	orrs	r3, r2
 3a4:	b2db      	uxtb	r3, r3
 3a6:	0018      	movs	r0, r3
 3a8:	f7ff ffdc 	bl	364 <PCF8574_Write>
    I2C_Delay();
 3ac:	f7ff fe97 	bl	de <I2C_Delay>
    PCF8574_Write(data & ~LCD_EN);
 3b0:	1dfb      	adds	r3, r7, #7
 3b2:	781b      	ldrb	r3, [r3, #0]
 3b4:	2204      	movs	r2, #4
 3b6:	4393      	bics	r3, r2
 3b8:	b2db      	uxtb	r3, r3
 3ba:	0018      	movs	r0, r3
 3bc:	f7ff ffd2 	bl	364 <PCF8574_Write>
    Delay(2000u);
 3c0:	23fa      	movs	r3, #250	@ 0xfa
 3c2:	00db      	lsls	r3, r3, #3
 3c4:	0018      	movs	r0, r3
 3c6:	f7ff fe7b 	bl	c0 <Delay>
}
 3ca:	46c0      	nop			@ (mov r8, r8)
 3cc:	46bd      	mov	sp, r7
 3ce:	b002      	add	sp, #8
 3d0:	bd80      	pop	{r7, pc}

000003d2 <LCD_SendNibble>:

static void LCD_SendNibble(uint8_t nibble, uint8_t mode)
{
 3d2:	b580      	push	{r7, lr}
 3d4:	b084      	sub	sp, #16
 3d6:	af00      	add	r7, sp, #0
 3d8:	0002      	movs	r2, r0
 3da:	1dfb      	adds	r3, r7, #7
 3dc:	701a      	strb	r2, [r3, #0]
 3de:	1dbb      	adds	r3, r7, #6
 3e0:	1c0a      	adds	r2, r1, #0
 3e2:	701a      	strb	r2, [r3, #0]
    uint8_t d = LCD_BL | mode;
 3e4:	200f      	movs	r0, #15
 3e6:	183b      	adds	r3, r7, r0
 3e8:	1dba      	adds	r2, r7, #6
 3ea:	7812      	ldrb	r2, [r2, #0]
 3ec:	2108      	movs	r1, #8
 3ee:	430a      	orrs	r2, r1
 3f0:	701a      	strb	r2, [r3, #0]
    if (nibble & 0x8u) d |= LCD_D7;
 3f2:	1dfb      	adds	r3, r7, #7
 3f4:	781b      	ldrb	r3, [r3, #0]
 3f6:	2208      	movs	r2, #8
 3f8:	4013      	ands	r3, r2
 3fa:	d006      	beq.n	40a <LCD_SendNibble+0x38>
 3fc:	183b      	adds	r3, r7, r0
 3fe:	183a      	adds	r2, r7, r0
 400:	7812      	ldrb	r2, [r2, #0]
 402:	2180      	movs	r1, #128	@ 0x80
 404:	4249      	negs	r1, r1
 406:	430a      	orrs	r2, r1
 408:	701a      	strb	r2, [r3, #0]
    if (nibble & 0x4u) d |= LCD_D6;
 40a:	1dfb      	adds	r3, r7, #7
 40c:	781b      	ldrb	r3, [r3, #0]
 40e:	2204      	movs	r2, #4
 410:	4013      	ands	r3, r2
 412:	d006      	beq.n	422 <LCD_SendNibble+0x50>
 414:	220f      	movs	r2, #15
 416:	18bb      	adds	r3, r7, r2
 418:	18ba      	adds	r2, r7, r2
 41a:	7812      	ldrb	r2, [r2, #0]
 41c:	2140      	movs	r1, #64	@ 0x40
 41e:	430a      	orrs	r2, r1
 420:	701a      	strb	r2, [r3, #0]
    if (nibble & 0x2u) d |= LCD_D5;
 422:	1dfb      	adds	r3, r7, #7
 424:	781b      	ldrb	r3, [r3, #0]
 426:	2202      	movs	r2, #2
 428:	4013      	ands	r3, r2
 42a:	d006      	beq.n	43a <LCD_SendNibble+0x68>
 42c:	220f      	movs	r2, #15
 42e:	18bb      	adds	r3, r7, r2
 430:	18ba      	adds	r2, r7, r2
 432:	7812      	ldrb	r2, [r2, #0]
 434:	2120      	movs	r1, #32
 436:	430a      	orrs	r2, r1
 438:	701a      	strb	r2, [r3, #0]
    if (nibble & 0x1u) d |= LCD_D4;
 43a:	1dfb      	adds	r3, r7, #7
 43c:	781b      	ldrb	r3, [r3, #0]
 43e:	2201      	movs	r2, #1
 440:	4013      	ands	r3, r2
 442:	d006      	beq.n	452 <LCD_SendNibble+0x80>
 444:	220f      	movs	r2, #15
 446:	18bb      	adds	r3, r7, r2
 448:	18ba      	adds	r2, r7, r2
 44a:	7812      	ldrb	r2, [r2, #0]
 44c:	2110      	movs	r1, #16
 44e:	430a      	orrs	r2, r1
 450:	701a      	strb	r2, [r3, #0]
    LCD_PulseEnable(d);
 452:	230f      	movs	r3, #15
 454:	18fb      	adds	r3, r7, r3
 456:	781b      	ldrb	r3, [r3, #0]
 458:	0018      	movs	r0, r3
 45a:	f7ff ff99 	bl	390 <LCD_PulseEnable>
}
 45e:	46c0      	nop			@ (mov r8, r8)
 460:	46bd      	mov	sp, r7
 462:	b004      	add	sp, #16
 464:	bd80      	pop	{r7, pc}

00000466 <LCD_SendByte>:

static void LCD_SendByte(uint8_t byte, uint8_t mode)
{
 466:	b580      	push	{r7, lr}
 468:	b082      	sub	sp, #8
 46a:	af00      	add	r7, sp, #0
 46c:	0002      	movs	r2, r0
 46e:	1dfb      	adds	r3, r7, #7
 470:	701a      	strb	r2, [r3, #0]
 472:	1dbb      	adds	r3, r7, #6
 474:	1c0a      	adds	r2, r1, #0
 476:	701a      	strb	r2, [r3, #0]
    LCD_SendNibble(byte >> 4u,   mode);
 478:	1dfb      	adds	r3, r7, #7
 47a:	781b      	ldrb	r3, [r3, #0]
 47c:	091b      	lsrs	r3, r3, #4
 47e:	b2da      	uxtb	r2, r3
 480:	1dbb      	adds	r3, r7, #6
 482:	781b      	ldrb	r3, [r3, #0]
 484:	0019      	movs	r1, r3
 486:	0010      	movs	r0, r2
 488:	f7ff ffa3 	bl	3d2 <LCD_SendNibble>
    LCD_SendNibble(byte & 0x0Fu, mode);
 48c:	1dfb      	adds	r3, r7, #7
 48e:	781b      	ldrb	r3, [r3, #0]
 490:	220f      	movs	r2, #15
 492:	4013      	ands	r3, r2
 494:	b2da      	uxtb	r2, r3
 496:	1dbb      	adds	r3, r7, #6
 498:	781b      	ldrb	r3, [r3, #0]
 49a:	0019      	movs	r1, r3
 49c:	0010      	movs	r0, r2
 49e:	f7ff ff98 	bl	3d2 <LCD_SendNibble>
    Delay(2000u);
 4a2:	23fa      	movs	r3, #250	@ 0xfa
 4a4:	00db      	lsls	r3, r3, #3
 4a6:	0018      	movs	r0, r3
 4a8:	f7ff fe0a 	bl	c0 <Delay>
}
 4ac:	46c0      	nop			@ (mov r8, r8)
 4ae:	46bd      	mov	sp, r7
 4b0:	b002      	add	sp, #8
 4b2:	bd80      	pop	{r7, pc}

000004b4 <LCD_Cmd>:

static void LCD_Cmd(uint8_t cmd) { LCD_SendByte(cmd, 0u);     }
 4b4:	b580      	push	{r7, lr}
 4b6:	b082      	sub	sp, #8
 4b8:	af00      	add	r7, sp, #0
 4ba:	0002      	movs	r2, r0
 4bc:	1dfb      	adds	r3, r7, #7
 4be:	701a      	strb	r2, [r3, #0]
 4c0:	1dfb      	adds	r3, r7, #7
 4c2:	781b      	ldrb	r3, [r3, #0]
 4c4:	2100      	movs	r1, #0
 4c6:	0018      	movs	r0, r3
 4c8:	f7ff ffcd 	bl	466 <LCD_SendByte>
 4cc:	46c0      	nop			@ (mov r8, r8)
 4ce:	46bd      	mov	sp, r7
 4d0:	b002      	add	sp, #8
 4d2:	bd80      	pop	{r7, pc}

000004d4 <LCD_Char>:
static void LCD_Char(uint8_t ch) { LCD_SendByte(ch,  LCD_RS); }
 4d4:	b580      	push	{r7, lr}
 4d6:	b082      	sub	sp, #8
 4d8:	af00      	add	r7, sp, #0
 4da:	0002      	movs	r2, r0
 4dc:	1dfb      	adds	r3, r7, #7
 4de:	701a      	strb	r2, [r3, #0]
 4e0:	1dfb      	adds	r3, r7, #7
 4e2:	781b      	ldrb	r3, [r3, #0]
 4e4:	2101      	movs	r1, #1
 4e6:	0018      	movs	r0, r3
 4e8:	f7ff ffbd 	bl	466 <LCD_SendByte>
 4ec:	46c0      	nop			@ (mov r8, r8)
 4ee:	46bd      	mov	sp, r7
 4f0:	b002      	add	sp, #8
 4f2:	bd80      	pop	{r7, pc}

000004f4 <LCD_Init>:

static void LCD_Init(void)
{
 4f4:	b580      	push	{r7, lr}
 4f6:	af00      	add	r7, sp, #0
    Delay(500000u);
 4f8:	4b19      	ldr	r3, [pc, #100]	@ (560 <LCD_Init+0x6c>)
 4fa:	0018      	movs	r0, r3
 4fc:	f7ff fde0 	bl	c0 <Delay>
    LCD_SendNibble(0x03u, 0u); Delay(50000u);
 500:	2100      	movs	r1, #0
 502:	2003      	movs	r0, #3
 504:	f7ff ff65 	bl	3d2 <LCD_SendNibble>
 508:	4b16      	ldr	r3, [pc, #88]	@ (564 <LCD_Init+0x70>)
 50a:	0018      	movs	r0, r3
 50c:	f7ff fdd8 	bl	c0 <Delay>
    LCD_SendNibble(0x03u, 0u); Delay(5000u);
 510:	2100      	movs	r1, #0
 512:	2003      	movs	r0, #3
 514:	f7ff ff5d 	bl	3d2 <LCD_SendNibble>
 518:	4b13      	ldr	r3, [pc, #76]	@ (568 <LCD_Init+0x74>)
 51a:	0018      	movs	r0, r3
 51c:	f7ff fdd0 	bl	c0 <Delay>
    LCD_SendNibble(0x03u, 0u); Delay(2000u);
 520:	2100      	movs	r1, #0
 522:	2003      	movs	r0, #3
 524:	f7ff ff55 	bl	3d2 <LCD_SendNibble>
 528:	23fa      	movs	r3, #250	@ 0xfa
 52a:	00db      	lsls	r3, r3, #3
 52c:	0018      	movs	r0, r3
 52e:	f7ff fdc7 	bl	c0 <Delay>
    LCD_SendNibble(0x02u, 0u);
 532:	2100      	movs	r1, #0
 534:	2002      	movs	r0, #2
 536:	f7ff ff4c 	bl	3d2 <LCD_SendNibble>
    LCD_Cmd(0x28u);
 53a:	2028      	movs	r0, #40	@ 0x28
 53c:	f7ff ffba 	bl	4b4 <LCD_Cmd>
    LCD_Cmd(0x0Cu);
 540:	200c      	movs	r0, #12
 542:	f7ff ffb7 	bl	4b4 <LCD_Cmd>
    LCD_Cmd(0x06u);
 546:	2006      	movs	r0, #6
 548:	f7ff ffb4 	bl	4b4 <LCD_Cmd>
    LCD_Cmd(0x01u);
 54c:	2001      	movs	r0, #1
 54e:	f7ff ffb1 	bl	4b4 <LCD_Cmd>
    Delay(20000u);
 552:	4b06      	ldr	r3, [pc, #24]	@ (56c <LCD_Init+0x78>)
 554:	0018      	movs	r0, r3
 556:	f7ff fdb3 	bl	c0 <Delay>
}
 55a:	46c0      	nop			@ (mov r8, r8)
 55c:	46bd      	mov	sp, r7
 55e:	bd80      	pop	{r7, pc}
 560:	0007a120 	.word	0x0007a120
 564:	0000c350 	.word	0x0000c350
 568:	00001388 	.word	0x00001388
 56c:	00004e20 	.word	0x00004e20

00000570 <LCD_SetCursor>:

static void LCD_SetCursor(uint8_t row, uint8_t col)
{
 570:	b580      	push	{r7, lr}
 572:	b084      	sub	sp, #16
 574:	af00      	add	r7, sp, #0
 576:	0002      	movs	r2, r0
 578:	1dfb      	adds	r3, r7, #7
 57a:	701a      	strb	r2, [r3, #0]
 57c:	1dbb      	adds	r3, r7, #6
 57e:	1c0a      	adds	r2, r1, #0
 580:	701a      	strb	r2, [r3, #0]
    uint8_t addr = (row == 0u) ? 0x00u : 0x40u;
 582:	1dfb      	adds	r3, r7, #7
 584:	781b      	ldrb	r3, [r3, #0]
 586:	2b00      	cmp	r3, #0
 588:	d104      	bne.n	594 <LCD_SetCursor+0x24>
 58a:	230f      	movs	r3, #15
 58c:	18fb      	adds	r3, r7, r3
 58e:	2200      	movs	r2, #0
 590:	701a      	strb	r2, [r3, #0]
 592:	e003      	b.n	59c <LCD_SetCursor+0x2c>
 594:	230f      	movs	r3, #15
 596:	18fb      	adds	r3, r7, r3
 598:	2240      	movs	r2, #64	@ 0x40
 59a:	701a      	strb	r2, [r3, #0]
    LCD_Cmd(0x80u | (addr + col));
 59c:	230f      	movs	r3, #15
 59e:	18fa      	adds	r2, r7, r3
 5a0:	1dbb      	adds	r3, r7, #6
 5a2:	7812      	ldrb	r2, [r2, #0]
 5a4:	781b      	ldrb	r3, [r3, #0]
 5a6:	18d3      	adds	r3, r2, r3
 5a8:	b2db      	uxtb	r3, r3
 5aa:	2280      	movs	r2, #128	@ 0x80
 5ac:	4252      	negs	r2, r2
 5ae:	4313      	orrs	r3, r2
 5b0:	b2db      	uxtb	r3, r3
 5b2:	0018      	movs	r0, r3
 5b4:	f7ff ff7e 	bl	4b4 <LCD_Cmd>
}
 5b8:	46c0      	nop			@ (mov r8, r8)
 5ba:	46bd      	mov	sp, r7
 5bc:	b004      	add	sp, #16
 5be:	bd80      	pop	{r7, pc}

000005c0 <LCD_Print>:

static void LCD_Print(const char *s)
{
 5c0:	b580      	push	{r7, lr}
 5c2:	b082      	sub	sp, #8
 5c4:	af00      	add	r7, sp, #0
 5c6:	6078      	str	r0, [r7, #4]
    while (*s) LCD_Char((uint8_t)(*s++));
 5c8:	e006      	b.n	5d8 <LCD_Print+0x18>
 5ca:	687b      	ldr	r3, [r7, #4]
 5cc:	1c5a      	adds	r2, r3, #1
 5ce:	607a      	str	r2, [r7, #4]
 5d0:	781b      	ldrb	r3, [r3, #0]
 5d2:	0018      	movs	r0, r3
 5d4:	f7ff ff7e 	bl	4d4 <LCD_Char>
 5d8:	687b      	ldr	r3, [r7, #4]
 5da:	781b      	ldrb	r3, [r3, #0]
 5dc:	2b00      	cmp	r3, #0
 5de:	d1f4      	bne.n	5ca <LCD_Print+0xa>
}
 5e0:	46c0      	nop			@ (mov r8, r8)
 5e2:	46c0      	nop			@ (mov r8, r8)
 5e4:	46bd      	mov	sp, r7
 5e6:	b002      	add	sp, #8
 5e8:	bd80      	pop	{r7, pc}

000005ea <LCD_Clear>:

static void LCD_Clear(void)
{
 5ea:	b580      	push	{r7, lr}
 5ec:	af00      	add	r7, sp, #0
    LCD_Cmd(0x01u);
 5ee:	2001      	movs	r0, #1
 5f0:	f7ff ff60 	bl	4b4 <LCD_Cmd>
    Delay(20000u);
 5f4:	4b03      	ldr	r3, [pc, #12]	@ (604 <LCD_Clear+0x1a>)
 5f6:	0018      	movs	r0, r3
 5f8:	f7ff fd62 	bl	c0 <Delay>
}
 5fc:	46c0      	nop			@ (mov r8, r8)
 5fe:	46bd      	mov	sp, r7
 600:	bd80      	pop	{r7, pc}
 602:	46c0      	nop			@ (mov r8, r8)
 604:	00004e20 	.word	0x00004e20

00000608 <LCD_PrintUInt>:

static void LCD_PrintUInt(uint16_t val, uint8_t width)
{
 608:	b590      	push	{r4, r7, lr}
 60a:	b085      	sub	sp, #20
 60c:	af00      	add	r7, sp, #0
 60e:	0002      	movs	r2, r0
 610:	1dbb      	adds	r3, r7, #6
 612:	801a      	strh	r2, [r3, #0]
 614:	1d7b      	adds	r3, r7, #5
 616:	1c0a      	adds	r2, r1, #0
 618:	701a      	strb	r2, [r3, #0]
    char buf[6] = {' ',' ',' ',' ',' ','\0'};
 61a:	2008      	movs	r0, #8
 61c:	183b      	adds	r3, r7, r0
 61e:	4a24      	ldr	r2, [pc, #144]	@ (6b0 <LCD_PrintUInt+0xa8>)
 620:	6811      	ldr	r1, [r2, #0]
 622:	6019      	str	r1, [r3, #0]
 624:	8892      	ldrh	r2, [r2, #4]
 626:	809a      	strh	r2, [r3, #4]
    uint8_t i = width - 1u;
 628:	210f      	movs	r1, #15
 62a:	187b      	adds	r3, r7, r1
 62c:	1d7a      	adds	r2, r7, #5
 62e:	7812      	ldrb	r2, [r2, #0]
 630:	3a01      	subs	r2, #1
 632:	701a      	strb	r2, [r3, #0]
    if (val == 0u)
 634:	1dbb      	adds	r3, r7, #6
 636:	881b      	ldrh	r3, [r3, #0]
 638:	2b00      	cmp	r3, #0
 63a:	d124      	bne.n	686 <LCD_PrintUInt+0x7e>
        buf[i] = '0';
 63c:	187b      	adds	r3, r7, r1
 63e:	781b      	ldrb	r3, [r3, #0]
 640:	183a      	adds	r2, r7, r0
 642:	2130      	movs	r1, #48	@ 0x30
 644:	54d1      	strb	r1, [r2, r3]
 646:	e029      	b.n	69c <LCD_PrintUInt+0x94>
    else
        while (val > 0u && i < width)
        {
            buf[i--] = '0' + (val % 10u);
 648:	1dbb      	adds	r3, r7, #6
 64a:	881b      	ldrh	r3, [r3, #0]
 64c:	210a      	movs	r1, #10
 64e:	0018      	movs	r0, r3
 650:	f000 fb16 	bl	c80 <__aeabi_uidivmod>
 654:	000b      	movs	r3, r1
 656:	b29b      	uxth	r3, r3
 658:	b2da      	uxtb	r2, r3
 65a:	210f      	movs	r1, #15
 65c:	187b      	adds	r3, r7, r1
 65e:	781b      	ldrb	r3, [r3, #0]
 660:	1879      	adds	r1, r7, r1
 662:	1e58      	subs	r0, r3, #1
 664:	7008      	strb	r0, [r1, #0]
 666:	0019      	movs	r1, r3
 668:	0013      	movs	r3, r2
 66a:	3330      	adds	r3, #48	@ 0x30
 66c:	b2da      	uxtb	r2, r3
 66e:	2308      	movs	r3, #8
 670:	18fb      	adds	r3, r7, r3
 672:	545a      	strb	r2, [r3, r1]
            val /= 10u;
 674:	1dbc      	adds	r4, r7, #6
 676:	1dbb      	adds	r3, r7, #6
 678:	881b      	ldrh	r3, [r3, #0]
 67a:	210a      	movs	r1, #10
 67c:	0018      	movs	r0, r3
 67e:	f000 fa79 	bl	b74 <__udivsi3>
 682:	0003      	movs	r3, r0
 684:	8023      	strh	r3, [r4, #0]
        while (val > 0u && i < width)
 686:	1dbb      	adds	r3, r7, #6
 688:	881b      	ldrh	r3, [r3, #0]
 68a:	2b00      	cmp	r3, #0
 68c:	d006      	beq.n	69c <LCD_PrintUInt+0x94>
 68e:	230f      	movs	r3, #15
 690:	18fa      	adds	r2, r7, r3
 692:	1d7b      	adds	r3, r7, #5
 694:	7812      	ldrb	r2, [r2, #0]
 696:	781b      	ldrb	r3, [r3, #0]
 698:	429a      	cmp	r2, r3
 69a:	d3d5      	bcc.n	648 <LCD_PrintUInt+0x40>
        }
    LCD_Print(buf);
 69c:	2308      	movs	r3, #8
 69e:	18fb      	adds	r3, r7, r3
 6a0:	0018      	movs	r0, r3
 6a2:	f7ff ff8d 	bl	5c0 <LCD_Print>
}
 6a6:	46c0      	nop			@ (mov r8, r8)
 6a8:	46bd      	mov	sp, r7
 6aa:	b005      	add	sp, #20
 6ac:	bd90      	pop	{r4, r7, pc}
 6ae:	46c0      	nop			@ (mov r8, r8)
 6b0:	00000cd4 	.word	0x00000cd4

000006b4 <Soil_Init>:

/* ================================================================
 *  GPIO Init
 * ================================================================ */
static void Soil_Init(void)
{
 6b4:	b580      	push	{r7, lr}
 6b6:	af00      	add	r7, sp, #0
    /* P2.0 = hi-Z digital input */
    GPIO_PRT2_PC   &= ~(0x7u << 0);
 6b8:	4b07      	ldr	r3, [pc, #28]	@ (6d8 <Soil_Init+0x24>)
 6ba:	681a      	ldr	r2, [r3, #0]
 6bc:	4b06      	ldr	r3, [pc, #24]	@ (6d8 <Soil_Init+0x24>)
 6be:	2107      	movs	r1, #7
 6c0:	438a      	bics	r2, r1
 6c2:	601a      	str	r2, [r3, #0]
    HSIOM_PRT2_SEL &= ~(0xFu << 0);
 6c4:	4b05      	ldr	r3, [pc, #20]	@ (6dc <Soil_Init+0x28>)
 6c6:	681a      	ldr	r2, [r3, #0]
 6c8:	4b04      	ldr	r3, [pc, #16]	@ (6dc <Soil_Init+0x28>)
 6ca:	210f      	movs	r1, #15
 6cc:	438a      	bics	r2, r1
 6ce:	601a      	str	r2, [r3, #0]
}
 6d0:	46c0      	nop			@ (mov r8, r8)
 6d2:	46bd      	mov	sp, r7
 6d4:	bd80      	pop	{r7, pc}
 6d6:	46c0      	nop			@ (mov r8, r8)
 6d8:	40040208 	.word	0x40040208
 6dc:	40020200 	.word	0x40020200

000006e0 <Ultrasonic_Init>:
 *  PC register layout (TRM Section 15.1.3, pp.755-757):
 *    TRIG P1.1: bits [5:3] = 0x6 (push-pull output "0_1")
 *    ECHO P1.2: bits [8:6] = 0x1 (digital input "INPUT")
 * ================================================================ */
static void Ultrasonic_Init(void)
{
 6e0:	b580      	push	{r7, lr}
 6e2:	af00      	add	r7, sp, #0
    /* Clear drive-mode bits for TRIG (P1.1) and ECHO (P1.2) */
    GPIO_PRT1_PC &= ~(0x3Fu << (TRIG_PIN * 3u));
 6e4:	4b10      	ldr	r3, [pc, #64]	@ (728 <Ultrasonic_Init+0x48>)
 6e6:	681a      	ldr	r2, [r3, #0]
 6e8:	4b0f      	ldr	r3, [pc, #60]	@ (728 <Ultrasonic_Init+0x48>)
 6ea:	4910      	ldr	r1, [pc, #64]	@ (72c <Ultrasonic_Init+0x4c>)
 6ec:	400a      	ands	r2, r1
 6ee:	601a      	str	r2, [r3, #0]

    /* TRIG = push-pull output (DM=6), ECHO = digital input (DM=1) */
    GPIO_PRT1_PC |= (0x6u << (TRIG_PIN * 3u))
 6f0:	4b0d      	ldr	r3, [pc, #52]	@ (728 <Ultrasonic_Init+0x48>)
 6f2:	681a      	ldr	r2, [r3, #0]
 6f4:	4b0c      	ldr	r3, [pc, #48]	@ (728 <Ultrasonic_Init+0x48>)
 6f6:	2170      	movs	r1, #112	@ 0x70
 6f8:	430a      	orrs	r2, r1
 6fa:	601a      	str	r2, [r3, #0]
                  | (0x1u << (ECHO_PIN  * 3u));

    HSIOM_PRT1_SEL &= ~(0xFu << (TRIG_PIN * 4u));
 6fc:	4b0c      	ldr	r3, [pc, #48]	@ (730 <Ultrasonic_Init+0x50>)
 6fe:	681a      	ldr	r2, [r3, #0]
 700:	4b0b      	ldr	r3, [pc, #44]	@ (730 <Ultrasonic_Init+0x50>)
 702:	21f0      	movs	r1, #240	@ 0xf0
 704:	438a      	bics	r2, r1
 706:	601a      	str	r2, [r3, #0]
    HSIOM_PRT1_SEL &= ~(0xFu << (ECHO_PIN  * 4u));
 708:	4b09      	ldr	r3, [pc, #36]	@ (730 <Ultrasonic_Init+0x50>)
 70a:	681a      	ldr	r2, [r3, #0]
 70c:	4b08      	ldr	r3, [pc, #32]	@ (730 <Ultrasonic_Init+0x50>)
 70e:	4909      	ldr	r1, [pc, #36]	@ (734 <Ultrasonic_Init+0x54>)
 710:	400a      	ands	r2, r1
 712:	601a      	str	r2, [r3, #0]

    TRIG_LOW();
 714:	4b08      	ldr	r3, [pc, #32]	@ (738 <Ultrasonic_Init+0x58>)
 716:	681a      	ldr	r2, [r3, #0]
 718:	4b07      	ldr	r3, [pc, #28]	@ (738 <Ultrasonic_Init+0x58>)
 71a:	2102      	movs	r1, #2
 71c:	438a      	bics	r2, r1
 71e:	601a      	str	r2, [r3, #0]
}
 720:	46c0      	nop			@ (mov r8, r8)
 722:	46bd      	mov	sp, r7
 724:	bd80      	pop	{r7, pc}
 726:	46c0      	nop			@ (mov r8, r8)
 728:	40040108 	.word	0x40040108
 72c:	fffffe07 	.word	0xfffffe07
 730:	40020100 	.word	0x40020100
 734:	fffff0ff 	.word	0xfffff0ff
 738:	40040100 	.word	0x40040100

0000073c <Ultrasonic_GetDistanceCm>:

static uint32_t Ultrasonic_GetDistanceCm(void)
{
 73c:	b580      	push	{r7, lr}
 73e:	b084      	sub	sp, #16
 740:	af00      	add	r7, sp, #0
    uint32_t echo_count = 0u;
 742:	2300      	movs	r3, #0
 744:	60fb      	str	r3, [r7, #12]
    uint32_t timeout    = 0u;
 746:	2300      	movs	r3, #0
 748:	60bb      	str	r3, [r7, #8]

    /* Clean LOW, then 10 µs trigger pulse */
    TRIG_LOW();
 74a:	4b27      	ldr	r3, [pc, #156]	@ (7e8 <Ultrasonic_GetDistanceCm+0xac>)
 74c:	681a      	ldr	r2, [r3, #0]
 74e:	4b26      	ldr	r3, [pc, #152]	@ (7e8 <Ultrasonic_GetDistanceCm+0xac>)
 750:	2102      	movs	r1, #2
 752:	438a      	bics	r2, r1
 754:	601a      	str	r2, [r3, #0]
    DelayUs(2u);
 756:	2002      	movs	r0, #2
 758:	f7ff fcc9 	bl	ee <DelayUs>
    TRIG_HIGH();
 75c:	4b22      	ldr	r3, [pc, #136]	@ (7e8 <Ultrasonic_GetDistanceCm+0xac>)
 75e:	681a      	ldr	r2, [r3, #0]
 760:	4b21      	ldr	r3, [pc, #132]	@ (7e8 <Ultrasonic_GetDistanceCm+0xac>)
 762:	2102      	movs	r1, #2
 764:	430a      	orrs	r2, r1
 766:	601a      	str	r2, [r3, #0]
    DelayUs(10u);
 768:	200a      	movs	r0, #10
 76a:	f7ff fcc0 	bl	ee <DelayUs>
    TRIG_LOW();
 76e:	4b1e      	ldr	r3, [pc, #120]	@ (7e8 <Ultrasonic_GetDistanceCm+0xac>)
 770:	681a      	ldr	r2, [r3, #0]
 772:	4b1d      	ldr	r3, [pc, #116]	@ (7e8 <Ultrasonic_GetDistanceCm+0xac>)
 774:	2102      	movs	r1, #2
 776:	438a      	bics	r2, r1
 778:	601a      	str	r2, [r3, #0]

    /* Wait for ECHO to go HIGH */
    timeout = 0u;
 77a:	2300      	movs	r3, #0
 77c:	60bb      	str	r3, [r7, #8]
    while (ECHO_READ() == 0u)
 77e:	e008      	b.n	792 <Ultrasonic_GetDistanceCm+0x56>
    {
        timeout++;
 780:	68bb      	ldr	r3, [r7, #8]
 782:	3301      	adds	r3, #1
 784:	60bb      	str	r3, [r7, #8]
        if (timeout >= US_TIMEOUT) return 0u;
 786:	68bb      	ldr	r3, [r7, #8]
 788:	4a18      	ldr	r2, [pc, #96]	@ (7ec <Ultrasonic_GetDistanceCm+0xb0>)
 78a:	4293      	cmp	r3, r2
 78c:	d901      	bls.n	792 <Ultrasonic_GetDistanceCm+0x56>
 78e:	2300      	movs	r3, #0
 790:	e025      	b.n	7de <Ultrasonic_GetDistanceCm+0xa2>
    while (ECHO_READ() == 0u)
 792:	4b17      	ldr	r3, [pc, #92]	@ (7f0 <Ultrasonic_GetDistanceCm+0xb4>)
 794:	681b      	ldr	r3, [r3, #0]
 796:	089b      	lsrs	r3, r3, #2
 798:	2201      	movs	r2, #1
 79a:	4013      	ands	r3, r2
 79c:	d0f0      	beq.n	780 <Ultrasonic_GetDistanceCm+0x44>
    }

    /* Count while ECHO is HIGH */
    echo_count = 0u;
 79e:	2300      	movs	r3, #0
 7a0:	60fb      	str	r3, [r7, #12]
    while (ECHO_READ() == 1u)
 7a2:	e006      	b.n	7b2 <Ultrasonic_GetDistanceCm+0x76>
    {
        echo_count++;
 7a4:	68fb      	ldr	r3, [r7, #12]
 7a6:	3301      	adds	r3, #1
 7a8:	60fb      	str	r3, [r7, #12]
        if (echo_count >= US_TIMEOUT) break;
 7aa:	68fb      	ldr	r3, [r7, #12]
 7ac:	4a0f      	ldr	r2, [pc, #60]	@ (7ec <Ultrasonic_GetDistanceCm+0xb0>)
 7ae:	4293      	cmp	r3, r2
 7b0:	d807      	bhi.n	7c2 <Ultrasonic_GetDistanceCm+0x86>
    while (ECHO_READ() == 1u)
 7b2:	4b0f      	ldr	r3, [pc, #60]	@ (7f0 <Ultrasonic_GetDistanceCm+0xb4>)
 7b4:	681b      	ldr	r3, [r3, #0]
 7b6:	089b      	lsrs	r3, r3, #2
 7b8:	2201      	movs	r2, #1
 7ba:	4013      	ands	r3, r2
 7bc:	2b01      	cmp	r3, #1
 7be:	d0f1      	beq.n	7a4 <Ultrasonic_GetDistanceCm+0x68>
 7c0:	e000      	b.n	7c4 <Ultrasonic_GetDistanceCm+0x88>
        if (echo_count >= US_TIMEOUT) break;
 7c2:	46c0      	nop			@ (mov r8, r8)
    }

    /* echo_count / US_LOOPS_PER_US = pulse µs; pulse µs / 58 = cm */
    uint32_t pulse_us = echo_count / US_LOOPS_PER_US;
 7c4:	68fb      	ldr	r3, [r7, #12]
 7c6:	2106      	movs	r1, #6
 7c8:	0018      	movs	r0, r3
 7ca:	f000 f9d3 	bl	b74 <__udivsi3>
 7ce:	0003      	movs	r3, r0
 7d0:	607b      	str	r3, [r7, #4]
    return pulse_us / 58u;
 7d2:	687b      	ldr	r3, [r7, #4]
 7d4:	213a      	movs	r1, #58	@ 0x3a
 7d6:	0018      	movs	r0, r3
 7d8:	f000 f9cc 	bl	b74 <__udivsi3>
 7dc:	0003      	movs	r3, r0
}
 7de:	0018      	movs	r0, r3
 7e0:	46bd      	mov	sp, r7
 7e2:	b004      	add	sp, #16
 7e4:	bd80      	pop	{r7, pc}
 7e6:	46c0      	nop			@ (mov r8, r8)
 7e8:	40040100 	.word	0x40040100
 7ec:	0002bf1f 	.word	0x0002bf1f
 7f0:	40040104 	.word	0x40040104

000007f4 <ADC_Init>:

static void ADC_Init(void)
{
 7f4:	b580      	push	{r7, lr}
 7f6:	af00      	add	r7, sp, #0
    /* P2.1 = analog input (drive mode 0 = hi-Z analog) */
    GPIO_PRT2_PC   &= ~(0x7u << 3u);
 7f8:	4b11      	ldr	r3, [pc, #68]	@ (840 <ADC_Init+0x4c>)
 7fa:	681a      	ldr	r2, [r3, #0]
 7fc:	4b10      	ldr	r3, [pc, #64]	@ (840 <ADC_Init+0x4c>)
 7fe:	2138      	movs	r1, #56	@ 0x38
 800:	438a      	bics	r2, r1
 802:	601a      	str	r2, [r3, #0]
    HSIOM_PRT2_SEL &= ~(0xFu << 4u);
 804:	4b0f      	ldr	r3, [pc, #60]	@ (844 <ADC_Init+0x50>)
 806:	681a      	ldr	r2, [r3, #0]
 808:	4b0e      	ldr	r3, [pc, #56]	@ (844 <ADC_Init+0x50>)
 80a:	21f0      	movs	r1, #240	@ 0xf0
 80c:	438a      	bics	r2, r1
 80e:	601a      	str	r2, [r3, #0]

    /* SAR_CTRL: Vref=VDDA, bypass, NEG=Vref, enabled */
    SAR_CTRL |= (0x6u << 4) | (1u << 7) | (0x7u << 9)
 810:	4b0d      	ldr	r3, [pc, #52]	@ (848 <ADC_Init+0x54>)
 812:	681a      	ldr	r2, [r3, #0]
 814:	4b0c      	ldr	r3, [pc, #48]	@ (848 <ADC_Init+0x54>)
 816:	490d      	ldr	r1, [pc, #52]	@ (84c <ADC_Init+0x58>)
 818:	430a      	orrs	r2, r1
 81a:	601a      	str	r2, [r3, #0]
              | (1u << 30)  | (1u << 31);

    /* Mux: Vplus = P2.1 */
    SAR_MUX_SWITCH0 = (1u << 1);
 81c:	4b0c      	ldr	r3, [pc, #48]	@ (850 <ADC_Init+0x5c>)
 81e:	2202      	movs	r2, #2
 820:	601a      	str	r2, [r3, #0]

    /* Sample time = 10 cycles */
    SAR_SAMPLE_TIME |= 0xAu;
 822:	4b0c      	ldr	r3, [pc, #48]	@ (854 <ADC_Init+0x60>)
 824:	681a      	ldr	r2, [r3, #0]
 826:	4b0b      	ldr	r3, [pc, #44]	@ (854 <ADC_Init+0x60>)
 828:	210a      	movs	r1, #10
 82a:	430a      	orrs	r2, r1
 82c:	601a      	str	r2, [r3, #0]

    /* Chan0: P2.1, 12-bit */
    SAR_CHAN0_CFG = (1u << 0);
 82e:	4b0a      	ldr	r3, [pc, #40]	@ (858 <ADC_Init+0x64>)
 830:	2201      	movs	r2, #1
 832:	601a      	str	r2, [r3, #0]

    /* Enable channel 0 */
    SAR_CHAN_EN = (1u << 0);
 834:	4b09      	ldr	r3, [pc, #36]	@ (85c <ADC_Init+0x68>)
 836:	2201      	movs	r2, #1
 838:	601a      	str	r2, [r3, #0]
}
 83a:	46c0      	nop			@ (mov r8, r8)
 83c:	46bd      	mov	sp, r7
 83e:	bd80      	pop	{r7, pc}
 840:	40040208 	.word	0x40040208
 844:	40020200 	.word	0x40020200
 848:	403a0000 	.word	0x403a0000
 84c:	c0000ee0 	.word	0xc0000ee0
 850:	403a0300 	.word	0x403a0300
 854:	403a0010 	.word	0x403a0010
 858:	403a0080 	.word	0x403a0080
 85c:	403a0020 	.word	0x403a0020

00000860 <LDR_Read>:
/* ================================================================
 *  LDR Read via ADC
 *  Returns 12-bit raw value (0=dark, 4095=bright)
 * ================================================================ */
static uint16_t LDR_Read(void)
{
 860:	b580      	push	{r7, lr}
 862:	af00      	add	r7, sp, #0
    SAR_START_CTRL = (1u << 0);
 864:	4b0c      	ldr	r3, [pc, #48]	@ (898 <LDR_Read+0x38>)
 866:	2201      	movs	r2, #1
 868:	601a      	str	r2, [r3, #0]
    while ((SAR_INTR & 0x1u) != 0x1u);
 86a:	46c0      	nop			@ (mov r8, r8)
 86c:	4b0b      	ldr	r3, [pc, #44]	@ (89c <LDR_Read+0x3c>)
 86e:	681b      	ldr	r3, [r3, #0]
 870:	2201      	movs	r2, #1
 872:	4013      	ands	r3, r2
 874:	2b01      	cmp	r3, #1
 876:	d1f9      	bne.n	86c <LDR_Read+0xc>
    SAR_INTR |= 0x1u;
 878:	4b08      	ldr	r3, [pc, #32]	@ (89c <LDR_Read+0x3c>)
 87a:	681a      	ldr	r2, [r3, #0]
 87c:	4b07      	ldr	r3, [pc, #28]	@ (89c <LDR_Read+0x3c>)
 87e:	2101      	movs	r1, #1
 880:	430a      	orrs	r2, r1
 882:	601a      	str	r2, [r3, #0]
    return (uint16_t)(SAR_CHAN_RESULT & 0xFFFu);
 884:	4b06      	ldr	r3, [pc, #24]	@ (8a0 <LDR_Read+0x40>)
 886:	681b      	ldr	r3, [r3, #0]
 888:	b29b      	uxth	r3, r3
 88a:	051b      	lsls	r3, r3, #20
 88c:	0d1b      	lsrs	r3, r3, #20
 88e:	b29b      	uxth	r3, r3
}
 890:	0018      	movs	r0, r3
 892:	46bd      	mov	sp, r7
 894:	bd80      	pop	{r7, pc}
 896:	46c0      	nop			@ (mov r8, r8)
 898:	403a0024 	.word	0x403a0024
 89c:	403a0210 	.word	0x403a0210
 8a0:	403a0180 	.word	0x403a0180

000008a4 <Screen_SoilLDR>:
 *  Screen 1:  Water tank
 *    Row0: "Tank Level:     "
 *    Row1: "  12 cm  GOOD   "
 * ================================================================ */
static void Screen_SoilLDR(uint8_t soilDry, uint16_t ldr)
{
 8a4:	b580      	push	{r7, lr}
 8a6:	b082      	sub	sp, #8
 8a8:	af00      	add	r7, sp, #0
 8aa:	0002      	movs	r2, r0
 8ac:	1dfb      	adds	r3, r7, #7
 8ae:	701a      	strb	r2, [r3, #0]
 8b0:	1d3b      	adds	r3, r7, #4
 8b2:	1c0a      	adds	r2, r1, #0
 8b4:	801a      	strh	r2, [r3, #0]
    LCD_Clear();
 8b6:	f7ff fe98 	bl	5ea <LCD_Clear>

    LCD_SetCursor(0, 0);
 8ba:	2100      	movs	r1, #0
 8bc:	2000      	movs	r0, #0
 8be:	f7ff fe57 	bl	570 <LCD_SetCursor>
    LCD_Print("Soil:");
 8c2:	4b18      	ldr	r3, [pc, #96]	@ (924 <Screen_SoilLDR+0x80>)
 8c4:	0018      	movs	r0, r3
 8c6:	f7ff fe7b 	bl	5c0 <LCD_Print>
    LCD_Print(soilDry ? "DRY " : "WET ");
 8ca:	1dfb      	adds	r3, r7, #7
 8cc:	781b      	ldrb	r3, [r3, #0]
 8ce:	2b00      	cmp	r3, #0
 8d0:	d001      	beq.n	8d6 <Screen_SoilLDR+0x32>
 8d2:	4b15      	ldr	r3, [pc, #84]	@ (928 <Screen_SoilLDR+0x84>)
 8d4:	e000      	b.n	8d8 <Screen_SoilLDR+0x34>
 8d6:	4b15      	ldr	r3, [pc, #84]	@ (92c <Screen_SoilLDR+0x88>)
 8d8:	0018      	movs	r0, r3
 8da:	f7ff fe71 	bl	5c0 <LCD_Print>
    LCD_Print(ldr > 2000u ? "Sun:HI" : "Sun:LO");
 8de:	1d3b      	adds	r3, r7, #4
 8e0:	881a      	ldrh	r2, [r3, #0]
 8e2:	23fa      	movs	r3, #250	@ 0xfa
 8e4:	00db      	lsls	r3, r3, #3
 8e6:	429a      	cmp	r2, r3
 8e8:	d901      	bls.n	8ee <Screen_SoilLDR+0x4a>
 8ea:	4b11      	ldr	r3, [pc, #68]	@ (930 <Screen_SoilLDR+0x8c>)
 8ec:	e000      	b.n	8f0 <Screen_SoilLDR+0x4c>
 8ee:	4b11      	ldr	r3, [pc, #68]	@ (934 <Screen_SoilLDR+0x90>)
 8f0:	0018      	movs	r0, r3
 8f2:	f7ff fe65 	bl	5c0 <LCD_Print>

    LCD_SetCursor(1, 0);
 8f6:	2100      	movs	r1, #0
 8f8:	2001      	movs	r0, #1
 8fa:	f7ff fe39 	bl	570 <LCD_SetCursor>
    LCD_Print("LDR:");
 8fe:	4b0e      	ldr	r3, [pc, #56]	@ (938 <Screen_SoilLDR+0x94>)
 900:	0018      	movs	r0, r3
 902:	f7ff fe5d 	bl	5c0 <LCD_Print>
    LCD_PrintUInt(ldr, 4);
 906:	1d3b      	adds	r3, r7, #4
 908:	881b      	ldrh	r3, [r3, #0]
 90a:	2104      	movs	r1, #4
 90c:	0018      	movs	r0, r3
 90e:	f7ff fe7b 	bl	608 <LCD_PrintUInt>
    LCD_Print("       ");
 912:	4b0a      	ldr	r3, [pc, #40]	@ (93c <Screen_SoilLDR+0x98>)
 914:	0018      	movs	r0, r3
 916:	f7ff fe53 	bl	5c0 <LCD_Print>
}
 91a:	46c0      	nop			@ (mov r8, r8)
 91c:	46bd      	mov	sp, r7
 91e:	b002      	add	sp, #8
 920:	bd80      	pop	{r7, pc}
 922:	46c0      	nop			@ (mov r8, r8)
 924:	00000cdc 	.word	0x00000cdc
 928:	00000ce4 	.word	0x00000ce4
 92c:	00000cec 	.word	0x00000cec
 930:	00000cf4 	.word	0x00000cf4
 934:	00000cfc 	.word	0x00000cfc
 938:	00000d04 	.word	0x00000d04
 93c:	00000d0c 	.word	0x00000d0c

00000940 <Screen_Tank>:

static void Screen_Tank(uint32_t dist_cm)
{
 940:	b580      	push	{r7, lr}
 942:	b082      	sub	sp, #8
 944:	af00      	add	r7, sp, #0
 946:	6078      	str	r0, [r7, #4]
    LCD_Clear();
 948:	f7ff fe4f 	bl	5ea <LCD_Clear>
    LCD_SetCursor(0, 0);
 94c:	2100      	movs	r1, #0
 94e:	2000      	movs	r0, #0
 950:	f7ff fe0e 	bl	570 <LCD_SetCursor>
    LCD_Print("Tank Level:     ");
 954:	4b1c      	ldr	r3, [pc, #112]	@ (9c8 <Screen_Tank+0x88>)
 956:	0018      	movs	r0, r3
 958:	f7ff fe32 	bl	5c0 <LCD_Print>
    LCD_SetCursor(1, 0);
 95c:	2100      	movs	r1, #0
 95e:	2001      	movs	r0, #1
 960:	f7ff fe06 	bl	570 <LCD_SetCursor>

    if (dist_cm == 0u)
 964:	687b      	ldr	r3, [r7, #4]
 966:	2b00      	cmp	r3, #0
 968:	d104      	bne.n	974 <Screen_Tank+0x34>
    {
        LCD_Print("  Out of range  ");
 96a:	4b18      	ldr	r3, [pc, #96]	@ (9cc <Screen_Tank+0x8c>)
 96c:	0018      	movs	r0, r3
 96e:	f7ff fe27 	bl	5c0 <LCD_Print>
        return;
 972:	e025      	b.n	9c0 <Screen_Tank+0x80>
    }

    LCD_PrintUInt((uint16_t)dist_cm, 3);
 974:	687b      	ldr	r3, [r7, #4]
 976:	b29b      	uxth	r3, r3
 978:	2103      	movs	r1, #3
 97a:	0018      	movs	r0, r3
 97c:	f7ff fe44 	bl	608 <LCD_PrintUInt>
    LCD_Print("cm ");
 980:	4b13      	ldr	r3, [pc, #76]	@ (9d0 <Screen_Tank+0x90>)
 982:	0018      	movs	r0, r3
 984:	f7ff fe1c 	bl	5c0 <LCD_Print>
    if      (dist_cm < 5u)  LCD_Print("FULL ");
 988:	687b      	ldr	r3, [r7, #4]
 98a:	2b04      	cmp	r3, #4
 98c:	d804      	bhi.n	998 <Screen_Tank+0x58>
 98e:	4b11      	ldr	r3, [pc, #68]	@ (9d4 <Screen_Tank+0x94>)
 990:	0018      	movs	r0, r3
 992:	f7ff fe15 	bl	5c0 <LCD_Print>
 996:	e013      	b.n	9c0 <Screen_Tank+0x80>
    else if (dist_cm < 15u) LCD_Print("GOOD ");
 998:	687b      	ldr	r3, [r7, #4]
 99a:	2b0e      	cmp	r3, #14
 99c:	d804      	bhi.n	9a8 <Screen_Tank+0x68>
 99e:	4b0e      	ldr	r3, [pc, #56]	@ (9d8 <Screen_Tank+0x98>)
 9a0:	0018      	movs	r0, r3
 9a2:	f7ff fe0d 	bl	5c0 <LCD_Print>
 9a6:	e00b      	b.n	9c0 <Screen_Tank+0x80>
    else if (dist_cm < 25u) LCD_Print("LOW! ");
 9a8:	687b      	ldr	r3, [r7, #4]
 9aa:	2b18      	cmp	r3, #24
 9ac:	d804      	bhi.n	9b8 <Screen_Tank+0x78>
 9ae:	4b0b      	ldr	r3, [pc, #44]	@ (9dc <Screen_Tank+0x9c>)
 9b0:	0018      	movs	r0, r3
 9b2:	f7ff fe05 	bl	5c0 <LCD_Print>
 9b6:	e003      	b.n	9c0 <Screen_Tank+0x80>
    else                    LCD_Print("EMTY!");
 9b8:	4b09      	ldr	r3, [pc, #36]	@ (9e0 <Screen_Tank+0xa0>)
 9ba:	0018      	movs	r0, r3
 9bc:	f7ff fe00 	bl	5c0 <LCD_Print>
}
 9c0:	46bd      	mov	sp, r7
 9c2:	b002      	add	sp, #8
 9c4:	bd80      	pop	{r7, pc}
 9c6:	46c0      	nop			@ (mov r8, r8)
 9c8:	00000d14 	.word	0x00000d14
 9cc:	00000d28 	.word	0x00000d28
 9d0:	00000d3c 	.word	0x00000d3c
 9d4:	00000d40 	.word	0x00000d40
 9d8:	00000d48 	.word	0x00000d48
 9dc:	00000d50 	.word	0x00000d50
 9e0:	00000d58 	.word	0x00000d58

000009e4 <main>:
 *  Main
 * ================================================================ */
#define SCREEN_HOLD  18000000u   /* ~3 s at 24 MHz */

int main(void)
{
 9e4:	b590      	push	{r4, r7, lr}
 9e6:	b083      	sub	sp, #12
 9e8:	af00      	add	r7, sp, #0
    clock_config();
 9ea:	f7ff fbb7 	bl	15c <clock_config>
    peri_clock_config();
 9ee:	f7ff fbc5 	bl	17c <peri_clock_config>
    I2C_Init();
 9f2:	f7ff fbe3 	bl	1bc <I2C_Init>
    LCD_Init();
 9f6:	f7ff fd7d 	bl	4f4 <LCD_Init>
    Soil_Init();
 9fa:	f7ff fe5b 	bl	6b4 <Soil_Init>
    Ultrasonic_Init();
 9fe:	f7ff fe6f 	bl	6e0 <Ultrasonic_Init>
    ADC_Init();
 a02:	f7ff fef7 	bl	7f4 <ADC_Init>

    /* Splash */
    LCD_Clear();
 a06:	f7ff fdf0 	bl	5ea <LCD_Clear>
    LCD_SetCursor(0, 0); LCD_Print(" Smart Farm Sys ");
 a0a:	2100      	movs	r1, #0
 a0c:	2000      	movs	r0, #0
 a0e:	f7ff fdaf 	bl	570 <LCD_SetCursor>
 a12:	4b28      	ldr	r3, [pc, #160]	@ (ab4 <main+0xd0>)
 a14:	0018      	movs	r0, r3
 a16:	f7ff fdd3 	bl	5c0 <LCD_Print>
    LCD_SetCursor(1, 0); LCD_Print(" PSoC 4100S Plus");
 a1a:	2100      	movs	r1, #0
 a1c:	2001      	movs	r0, #1
 a1e:	f7ff fda7 	bl	570 <LCD_SetCursor>
 a22:	4b25      	ldr	r3, [pc, #148]	@ (ab8 <main+0xd4>)
 a24:	0018      	movs	r0, r3
 a26:	f7ff fdcb 	bl	5c0 <LCD_Print>
    DelayMs(2000u);
 a2a:	23fa      	movs	r3, #250	@ 0xfa
 a2c:	00db      	lsls	r3, r3, #3
 a2e:	0018      	movs	r0, r3
 a30:	f7ff fb75 	bl	11e <DelayMs>

    uint8_t  screen  = 0u;
 a34:	1dfb      	adds	r3, r7, #7
 a36:	2200      	movs	r2, #0
 a38:	701a      	strb	r2, [r3, #0]
    uint16_t ldr     = 0u;
 a3a:	1d3b      	adds	r3, r7, #4
 a3c:	2200      	movs	r2, #0
 a3e:	801a      	strh	r2, [r3, #0]
    uint32_t dist_cm = 0u;
 a40:	2300      	movs	r3, #0
 a42:	603b      	str	r3, [r7, #0]

    for (;;)
    {
        switch (screen)
 a44:	1dfb      	adds	r3, r7, #7
 a46:	781b      	ldrb	r3, [r3, #0]
 a48:	2b00      	cmp	r3, #0
 a4a:	d002      	beq.n	a52 <main+0x6e>
 a4c:	2b01      	cmp	r3, #1
 a4e:	d012      	beq.n	a76 <main+0x92>
 a50:	e01a      	b.n	a88 <main+0xa4>
        {
            case 0u:
                ldr = LDR_Read();
 a52:	1d3c      	adds	r4, r7, #4
 a54:	f7ff ff04 	bl	860 <LDR_Read>
 a58:	0003      	movs	r3, r0
 a5a:	8023      	strh	r3, [r4, #0]
                Screen_SoilLDR(SOIL_READ(), ldr);
 a5c:	4b17      	ldr	r3, [pc, #92]	@ (abc <main+0xd8>)
 a5e:	681b      	ldr	r3, [r3, #0]
 a60:	b2db      	uxtb	r3, r3
 a62:	2201      	movs	r2, #1
 a64:	4013      	ands	r3, r2
 a66:	b2da      	uxtb	r2, r3
 a68:	1d3b      	adds	r3, r7, #4
 a6a:	881b      	ldrh	r3, [r3, #0]
 a6c:	0019      	movs	r1, r3
 a6e:	0010      	movs	r0, r2
 a70:	f7ff ff18 	bl	8a4 <Screen_SoilLDR>
                break;
 a74:	e00c      	b.n	a90 <main+0xac>

            case 1u:
                dist_cm = Ultrasonic_GetDistanceCm();
 a76:	f7ff fe61 	bl	73c <Ultrasonic_GetDistanceCm>
 a7a:	0003      	movs	r3, r0
 a7c:	603b      	str	r3, [r7, #0]
                Screen_Tank(dist_cm);
 a7e:	683b      	ldr	r3, [r7, #0]
 a80:	0018      	movs	r0, r3
 a82:	f7ff ff5d 	bl	940 <Screen_Tank>
                break;
 a86:	e003      	b.n	a90 <main+0xac>

            default:
                screen = 0u;
 a88:	1dfb      	adds	r3, r7, #7
 a8a:	2200      	movs	r2, #0
 a8c:	701a      	strb	r2, [r3, #0]
                break;
 a8e:	46c0      	nop			@ (mov r8, r8)
        }

        Delay(SCREEN_HOLD);
 a90:	4b0b      	ldr	r3, [pc, #44]	@ (ac0 <main+0xdc>)
 a92:	0018      	movs	r0, r3
 a94:	f7ff fb14 	bl	c0 <Delay>
        if (++screen > 1u) screen = 0u;
 a98:	1dfb      	adds	r3, r7, #7
 a9a:	1dfa      	adds	r2, r7, #7
 a9c:	7812      	ldrb	r2, [r2, #0]
 a9e:	3201      	adds	r2, #1
 aa0:	701a      	strb	r2, [r3, #0]
 aa2:	1dfb      	adds	r3, r7, #7
 aa4:	781b      	ldrb	r3, [r3, #0]
 aa6:	2b01      	cmp	r3, #1
 aa8:	d9cc      	bls.n	a44 <main+0x60>
 aaa:	1dfb      	adds	r3, r7, #7
 aac:	2200      	movs	r2, #0
 aae:	701a      	strb	r2, [r3, #0]
        switch (screen)
 ab0:	e7c8      	b.n	a44 <main+0x60>
 ab2:	46c0      	nop			@ (mov r8, r8)
 ab4:	00000d60 	.word	0x00000d60
 ab8:	00000d74 	.word	0x00000d74
 abc:	40040204 	.word	0x40040204
 ac0:	0112a880 	.word	0x0112a880

00000ac4 <_init>:
 ac4:	b580      	push	{r7, lr}
 ac6:	af00      	add	r7, sp, #0
 ac8:	46c0      	nop			@ (mov r8, r8)
 aca:	46bd      	mov	sp, r7
 acc:	bd80      	pop	{r7, pc}

00000ace <Reset_handler>:
 ace:	b580      	push	{r7, lr}
 ad0:	b086      	sub	sp, #24
 ad2:	af00      	add	r7, sp, #0
 ad4:	4b1c      	ldr	r3, [pc, #112]	@ (b48 <Reset_handler+0x7a>)
 ad6:	4a1d      	ldr	r2, [pc, #116]	@ (b4c <Reset_handler+0x7e>)
 ad8:	601a      	str	r2, [r3, #0]
 ada:	4a1d      	ldr	r2, [pc, #116]	@ (b50 <Reset_handler+0x82>)
 adc:	4b1d      	ldr	r3, [pc, #116]	@ (b54 <Reset_handler+0x86>)
 ade:	1ad3      	subs	r3, r2, r3
 ae0:	109b      	asrs	r3, r3, #2
 ae2:	607b      	str	r3, [r7, #4]
 ae4:	4b1b      	ldr	r3, [pc, #108]	@ (b54 <Reset_handler+0x86>)
 ae6:	617b      	str	r3, [r7, #20]
 ae8:	4b1b      	ldr	r3, [pc, #108]	@ (b58 <Reset_handler+0x8a>)
 aea:	613b      	str	r3, [r7, #16]
 aec:	2300      	movs	r3, #0
 aee:	60fb      	str	r3, [r7, #12]
 af0:	e00a      	b.n	b08 <Reset_handler+0x3a>
 af2:	693a      	ldr	r2, [r7, #16]
 af4:	1d13      	adds	r3, r2, #4
 af6:	613b      	str	r3, [r7, #16]
 af8:	697b      	ldr	r3, [r7, #20]
 afa:	1d19      	adds	r1, r3, #4
 afc:	6179      	str	r1, [r7, #20]
 afe:	6812      	ldr	r2, [r2, #0]
 b00:	601a      	str	r2, [r3, #0]
 b02:	68fb      	ldr	r3, [r7, #12]
 b04:	3301      	adds	r3, #1
 b06:	60fb      	str	r3, [r7, #12]
 b08:	68fa      	ldr	r2, [r7, #12]
 b0a:	687b      	ldr	r3, [r7, #4]
 b0c:	429a      	cmp	r2, r3
 b0e:	d3f0      	bcc.n	af2 <Reset_handler+0x24>
 b10:	4a12      	ldr	r2, [pc, #72]	@ (b5c <Reset_handler+0x8e>)
 b12:	4b13      	ldr	r3, [pc, #76]	@ (b60 <Reset_handler+0x92>)
 b14:	1ad3      	subs	r3, r2, r3
 b16:	109b      	asrs	r3, r3, #2
 b18:	607b      	str	r3, [r7, #4]
 b1a:	4b11      	ldr	r3, [pc, #68]	@ (b60 <Reset_handler+0x92>)
 b1c:	617b      	str	r3, [r7, #20]
 b1e:	2300      	movs	r3, #0
 b20:	60bb      	str	r3, [r7, #8]
 b22:	e007      	b.n	b34 <Reset_handler+0x66>
 b24:	697b      	ldr	r3, [r7, #20]
 b26:	1d1a      	adds	r2, r3, #4
 b28:	617a      	str	r2, [r7, #20]
 b2a:	2200      	movs	r2, #0
 b2c:	601a      	str	r2, [r3, #0]
 b2e:	68bb      	ldr	r3, [r7, #8]
 b30:	3301      	adds	r3, #1
 b32:	60bb      	str	r3, [r7, #8]
 b34:	68ba      	ldr	r2, [r7, #8]
 b36:	687b      	ldr	r3, [r7, #4]
 b38:	429a      	cmp	r2, r3
 b3a:	d3f3      	bcc.n	b24 <Reset_handler+0x56>
 b3c:	f000 f8a6 	bl	c8c <__libc_init_array>
 b40:	f7ff ff50 	bl	9e4 <main>
 b44:	46c0      	nop			@ (mov r8, r8)
 b46:	e7fd      	b.n	b44 <Reset_handler+0x76>
 b48:	40030038 	.word	0x40030038
 b4c:	aced8865 	.word	0xaced8865
 b50:	20000000 	.word	0x20000000
 b54:	20000000 	.word	0x20000000
 b58:	00000d88 	.word	0x00000d88
 b5c:	20000000 	.word	0x20000000
 b60:	20000000 	.word	0x20000000

00000b64 <Default_Handler>:
 b64:	b580      	push	{r7, lr}
 b66:	af00      	add	r7, sp, #0
 b68:	46c0      	nop			@ (mov r8, r8)
 b6a:	e7fd      	b.n	b68 <Default_Handler+0x4>

00000b6c <HRDFLT_Handler>:
 b6c:	b580      	push	{r7, lr}
 b6e:	af00      	add	r7, sp, #0
 b70:	46c0      	nop			@ (mov r8, r8)
 b72:	e7fd      	b.n	b70 <HRDFLT_Handler+0x4>

00000b74 <__udivsi3>:
 b74:	2200      	movs	r2, #0
 b76:	0843      	lsrs	r3, r0, #1
 b78:	428b      	cmp	r3, r1
 b7a:	d374      	bcc.n	c66 <__udivsi3+0xf2>
 b7c:	0903      	lsrs	r3, r0, #4
 b7e:	428b      	cmp	r3, r1
 b80:	d35f      	bcc.n	c42 <__udivsi3+0xce>
 b82:	0a03      	lsrs	r3, r0, #8
 b84:	428b      	cmp	r3, r1
 b86:	d344      	bcc.n	c12 <__udivsi3+0x9e>
 b88:	0b03      	lsrs	r3, r0, #12
 b8a:	428b      	cmp	r3, r1
 b8c:	d328      	bcc.n	be0 <__udivsi3+0x6c>
 b8e:	0c03      	lsrs	r3, r0, #16
 b90:	428b      	cmp	r3, r1
 b92:	d30d      	bcc.n	bb0 <__udivsi3+0x3c>
 b94:	22ff      	movs	r2, #255	@ 0xff
 b96:	0209      	lsls	r1, r1, #8
 b98:	ba12      	rev	r2, r2
 b9a:	0c03      	lsrs	r3, r0, #16
 b9c:	428b      	cmp	r3, r1
 b9e:	d302      	bcc.n	ba6 <__udivsi3+0x32>
 ba0:	1212      	asrs	r2, r2, #8
 ba2:	0209      	lsls	r1, r1, #8
 ba4:	d065      	beq.n	c72 <__udivsi3+0xfe>
 ba6:	0b03      	lsrs	r3, r0, #12
 ba8:	428b      	cmp	r3, r1
 baa:	d319      	bcc.n	be0 <__udivsi3+0x6c>
 bac:	e000      	b.n	bb0 <__udivsi3+0x3c>
 bae:	0a09      	lsrs	r1, r1, #8
 bb0:	0bc3      	lsrs	r3, r0, #15
 bb2:	428b      	cmp	r3, r1
 bb4:	d301      	bcc.n	bba <__udivsi3+0x46>
 bb6:	03cb      	lsls	r3, r1, #15
 bb8:	1ac0      	subs	r0, r0, r3
 bba:	4152      	adcs	r2, r2
 bbc:	0b83      	lsrs	r3, r0, #14
 bbe:	428b      	cmp	r3, r1
 bc0:	d301      	bcc.n	bc6 <__udivsi3+0x52>
 bc2:	038b      	lsls	r3, r1, #14
 bc4:	1ac0      	subs	r0, r0, r3
 bc6:	4152      	adcs	r2, r2
 bc8:	0b43      	lsrs	r3, r0, #13
 bca:	428b      	cmp	r3, r1
 bcc:	d301      	bcc.n	bd2 <__udivsi3+0x5e>
 bce:	034b      	lsls	r3, r1, #13
 bd0:	1ac0      	subs	r0, r0, r3
 bd2:	4152      	adcs	r2, r2
 bd4:	0b03      	lsrs	r3, r0, #12
 bd6:	428b      	cmp	r3, r1
 bd8:	d301      	bcc.n	bde <__udivsi3+0x6a>
 bda:	030b      	lsls	r3, r1, #12
 bdc:	1ac0      	subs	r0, r0, r3
 bde:	4152      	adcs	r2, r2
 be0:	0ac3      	lsrs	r3, r0, #11
 be2:	428b      	cmp	r3, r1
 be4:	d301      	bcc.n	bea <__udivsi3+0x76>
 be6:	02cb      	lsls	r3, r1, #11
 be8:	1ac0      	subs	r0, r0, r3
 bea:	4152      	adcs	r2, r2
 bec:	0a83      	lsrs	r3, r0, #10
 bee:	428b      	cmp	r3, r1
 bf0:	d301      	bcc.n	bf6 <__udivsi3+0x82>
 bf2:	028b      	lsls	r3, r1, #10
 bf4:	1ac0      	subs	r0, r0, r3
 bf6:	4152      	adcs	r2, r2
 bf8:	0a43      	lsrs	r3, r0, #9
 bfa:	428b      	cmp	r3, r1
 bfc:	d301      	bcc.n	c02 <__udivsi3+0x8e>
 bfe:	024b      	lsls	r3, r1, #9
 c00:	1ac0      	subs	r0, r0, r3
 c02:	4152      	adcs	r2, r2
 c04:	0a03      	lsrs	r3, r0, #8
 c06:	428b      	cmp	r3, r1
 c08:	d301      	bcc.n	c0e <__udivsi3+0x9a>
 c0a:	020b      	lsls	r3, r1, #8
 c0c:	1ac0      	subs	r0, r0, r3
 c0e:	4152      	adcs	r2, r2
 c10:	d2cd      	bcs.n	bae <__udivsi3+0x3a>
 c12:	09c3      	lsrs	r3, r0, #7
 c14:	428b      	cmp	r3, r1
 c16:	d301      	bcc.n	c1c <__udivsi3+0xa8>
 c18:	01cb      	lsls	r3, r1, #7
 c1a:	1ac0      	subs	r0, r0, r3
 c1c:	4152      	adcs	r2, r2
 c1e:	0983      	lsrs	r3, r0, #6
 c20:	428b      	cmp	r3, r1
 c22:	d301      	bcc.n	c28 <__udivsi3+0xb4>
 c24:	018b      	lsls	r3, r1, #6
 c26:	1ac0      	subs	r0, r0, r3
 c28:	4152      	adcs	r2, r2
 c2a:	0943      	lsrs	r3, r0, #5
 c2c:	428b      	cmp	r3, r1
 c2e:	d301      	bcc.n	c34 <__udivsi3+0xc0>
 c30:	014b      	lsls	r3, r1, #5
 c32:	1ac0      	subs	r0, r0, r3
 c34:	4152      	adcs	r2, r2
 c36:	0903      	lsrs	r3, r0, #4
 c38:	428b      	cmp	r3, r1
 c3a:	d301      	bcc.n	c40 <__udivsi3+0xcc>
 c3c:	010b      	lsls	r3, r1, #4
 c3e:	1ac0      	subs	r0, r0, r3
 c40:	4152      	adcs	r2, r2
 c42:	08c3      	lsrs	r3, r0, #3
 c44:	428b      	cmp	r3, r1
 c46:	d301      	bcc.n	c4c <__udivsi3+0xd8>
 c48:	00cb      	lsls	r3, r1, #3
 c4a:	1ac0      	subs	r0, r0, r3
 c4c:	4152      	adcs	r2, r2
 c4e:	0883      	lsrs	r3, r0, #2
 c50:	428b      	cmp	r3, r1
 c52:	d301      	bcc.n	c58 <__udivsi3+0xe4>
 c54:	008b      	lsls	r3, r1, #2
 c56:	1ac0      	subs	r0, r0, r3
 c58:	4152      	adcs	r2, r2
 c5a:	0843      	lsrs	r3, r0, #1
 c5c:	428b      	cmp	r3, r1
 c5e:	d301      	bcc.n	c64 <__udivsi3+0xf0>
 c60:	004b      	lsls	r3, r1, #1
 c62:	1ac0      	subs	r0, r0, r3
 c64:	4152      	adcs	r2, r2
 c66:	1a41      	subs	r1, r0, r1
 c68:	d200      	bcs.n	c6c <__udivsi3+0xf8>
 c6a:	4601      	mov	r1, r0
 c6c:	4152      	adcs	r2, r2
 c6e:	4610      	mov	r0, r2
 c70:	4770      	bx	lr
 c72:	e7ff      	b.n	c74 <__udivsi3+0x100>
 c74:	b501      	push	{r0, lr}
 c76:	2000      	movs	r0, #0
 c78:	f000 f806 	bl	c88 <__aeabi_idiv0>
 c7c:	bd02      	pop	{r1, pc}
 c7e:	46c0      	nop			@ (mov r8, r8)

00000c80 <__aeabi_uidivmod>:
 c80:	2900      	cmp	r1, #0
 c82:	d0f7      	beq.n	c74 <__udivsi3+0x100>
 c84:	e776      	b.n	b74 <__udivsi3>
 c86:	4770      	bx	lr

00000c88 <__aeabi_idiv0>:
 c88:	4770      	bx	lr
 c8a:	46c0      	nop			@ (mov r8, r8)

00000c8c <__libc_init_array>:
 c8c:	b570      	push	{r4, r5, r6, lr}
 c8e:	2600      	movs	r6, #0
 c90:	4c0c      	ldr	r4, [pc, #48]	@ (cc4 <__libc_init_array+0x38>)
 c92:	4d0d      	ldr	r5, [pc, #52]	@ (cc8 <__libc_init_array+0x3c>)
 c94:	1b64      	subs	r4, r4, r5
 c96:	10a4      	asrs	r4, r4, #2
 c98:	42a6      	cmp	r6, r4
 c9a:	d109      	bne.n	cb0 <__libc_init_array+0x24>
 c9c:	2600      	movs	r6, #0
 c9e:	f7ff ff11 	bl	ac4 <_init>
 ca2:	4c0a      	ldr	r4, [pc, #40]	@ (ccc <__libc_init_array+0x40>)
 ca4:	4d0a      	ldr	r5, [pc, #40]	@ (cd0 <__libc_init_array+0x44>)
 ca6:	1b64      	subs	r4, r4, r5
 ca8:	10a4      	asrs	r4, r4, #2
 caa:	42a6      	cmp	r6, r4
 cac:	d105      	bne.n	cba <__libc_init_array+0x2e>
 cae:	bd70      	pop	{r4, r5, r6, pc}
 cb0:	00b3      	lsls	r3, r6, #2
 cb2:	58eb      	ldr	r3, [r5, r3]
 cb4:	4798      	blx	r3
 cb6:	3601      	adds	r6, #1
 cb8:	e7ee      	b.n	c98 <__libc_init_array+0xc>
 cba:	00b3      	lsls	r3, r6, #2
 cbc:	58eb      	ldr	r3, [r5, r3]
 cbe:	4798      	blx	r3
 cc0:	3601      	adds	r6, #1
 cc2:	e7f2      	b.n	caa <__libc_init_array+0x1e>
	...
 cd4:	20202020 	.word	0x20202020
 cd8:	00000020 	.word	0x00000020
 cdc:	6c696f53 	.word	0x6c696f53
 ce0:	0000003a 	.word	0x0000003a
 ce4:	20595244 	.word	0x20595244
 ce8:	00000000 	.word	0x00000000
 cec:	20544557 	.word	0x20544557
 cf0:	00000000 	.word	0x00000000
 cf4:	3a6e7553 	.word	0x3a6e7553
 cf8:	00004948 	.word	0x00004948
 cfc:	3a6e7553 	.word	0x3a6e7553
 d00:	00004f4c 	.word	0x00004f4c
 d04:	3a52444c 	.word	0x3a52444c
 d08:	00000000 	.word	0x00000000
 d0c:	20202020 	.word	0x20202020
 d10:	00202020 	.word	0x00202020
 d14:	6b6e6154 	.word	0x6b6e6154
 d18:	76654c20 	.word	0x76654c20
 d1c:	203a6c65 	.word	0x203a6c65
 d20:	20202020 	.word	0x20202020
 d24:	00000000 	.word	0x00000000
 d28:	754f2020 	.word	0x754f2020
 d2c:	666f2074 	.word	0x666f2074
 d30:	6e617220 	.word	0x6e617220
 d34:	20206567 	.word	0x20206567
 d38:	00000000 	.word	0x00000000
 d3c:	00206d63 	.word	0x00206d63
 d40:	4c4c5546 	.word	0x4c4c5546
 d44:	00000020 	.word	0x00000020
 d48:	444f4f47 	.word	0x444f4f47
 d4c:	00000020 	.word	0x00000020
 d50:	21574f4c 	.word	0x21574f4c
 d54:	00000020 	.word	0x00000020
 d58:	59544d45 	.word	0x59544d45
 d5c:	00000021 	.word	0x00000021
 d60:	616d5320 	.word	0x616d5320
 d64:	46207472 	.word	0x46207472
 d68:	206d7261 	.word	0x206d7261
 d6c:	20737953 	.word	0x20737953
 d70:	00000000 	.word	0x00000000
 d74:	6f535020 	.word	0x6f535020
 d78:	31342043 	.word	0x31342043
 d7c:	20533030 	.word	0x20533030
 d80:	73756c50 	.word	0x73756c50
 d84:	00000000 	.word	0x00000000
