
bin/BareMetal.elf:     file format elf32-littlearm

Sections:
Idx Name          Size      VMA       LMA       File off  Algn
  0 .text         000006cc  00000000  00000000  00001000  2**2
                  CONTENTS, ALLOC, LOAD, READONLY, CODE
  1 .data         00000000  20000000  20000000  000016cc  2**0
                  CONTENTS, ALLOC, LOAD, DATA
  2 .bss          00000000  20000000  20000000  00000000  2**0
                  ALLOC
  3 .heap         00000200  20002df0  20002df0  00001df0  2**2
                  ALLOC
  4 .stack        00001010  20002ff0  20002ff0  00001df0  2**2
                  ALLOC
  5 .debug_info   00000538  00000000  00000000  000016cc  2**0
                  CONTENTS, READONLY, DEBUGGING, OCTETS
  6 .debug_abbrev 00000278  00000000  00000000  00001c04  2**0
                  CONTENTS, READONLY, DEBUGGING, OCTETS
  7 .debug_aranges 00000040  00000000  00000000  00001e7c  2**0
                  CONTENTS, READONLY, DEBUGGING, OCTETS
  8 .debug_line   00000445  00000000  00000000  00001ebc  2**0
                  CONTENTS, READONLY, DEBUGGING, OCTETS
  9 .debug_str    0000034e  00000000  00000000  00002301  2**0
                  CONTENTS, READONLY, DEBUGGING, OCTETS
 10 .comment      00000089  00000000  00000000  0000264f  2**0
                  CONTENTS, READONLY
 11 .ARM.attributes 0000002c  00000000  00000000  000026d8  2**0
                  CONTENTS, READONLY
 12 .debug_frame  000002e8  00000000  00000000  00002704  2**2
                  CONTENTS, READONLY, DEBUGGING, OCTETS

Disassembly of section .text:

00000000 <vector_table>:
   0:	00 40 00 20 b7 05 00 00 4d 06 00 00 55 06 00 00     .@. ....M...U...
	...
  2c:	4d 06 00 00 00 00 00 00 00 00 00 00 4d 06 00 00     M...........M...
  3c:	4d 06 00 00 4d 06 00 00 4d 06 00 00 4d 06 00 00     M...M...M...M...
  4c:	4d 06 00 00 4d 06 00 00 4d 06 00 00 4d 06 00 00     M...M...M...M...
  5c:	4d 06 00 00 4d 06 00 00 4d 06 00 00 4d 06 00 00     M...M...M...M...
  6c:	4d 06 00 00 4d 06 00 00 4d 06 00 00 4d 06 00 00     M...M...M...M...
  7c:	4d 06 00 00 4d 06 00 00 4d 06 00 00 4d 06 00 00     M...M...M...M...
  8c:	4d 06 00 00 4d 06 00 00 4d 06 00 00 4d 06 00 00     M...M...M...M...
  9c:	4d 06 00 00 4d 06 00 00 4d 06 00 00 4d 06 00 00     M...M...M...M...
  ac:	4d 06 00 00 00 00 00 00 00 00 00 00 00 00 00 00     M...............
  bc:	00 00 00 00                                         ....

000000c0 <Delay>:

/*------------------------------------------------------------------
 *  Delays
 *------------------------------------------------------------------*/
static void Delay(uint32_t n)
{
  c0:	b580      	push	{r7, lr}
  c2:	b084      	sub	sp, #16
  c4:	af00      	add	r7, sp, #0
  c6:	6078      	str	r0, [r7, #4]
    for (uint32_t i = 0; i < n; i++);
  c8:	2300      	movs	r3, #0
  ca:	60fb      	str	r3, [r7, #12]
  cc:	e002      	b.n	d4 <Delay+0x14>
  ce:	68fb      	ldr	r3, [r7, #12]
  d0:	3301      	adds	r3, #1
  d2:	60fb      	str	r3, [r7, #12]
  d4:	68fa      	ldr	r2, [r7, #12]
  d6:	687b      	ldr	r3, [r7, #4]
  d8:	429a      	cmp	r2, r3
  da:	d3f8      	bcc.n	ce <Delay+0xe>
}
  dc:	46c0      	nop			@ (mov r8, r8)
  de:	46c0      	nop			@ (mov r8, r8)
  e0:	46bd      	mov	sp, r7
  e2:	b004      	add	sp, #16
  e4:	bd80      	pop	{r7, pc}

000000e6 <I2C_Delay>:

static void I2C_Delay(void)
{
  e6:	b580      	push	{r7, lr}
  e8:	b082      	sub	sp, #8
  ea:	af00      	add	r7, sp, #0
    for (volatile uint32_t i = 0; i < 50u; i++);
  ec:	2300      	movs	r3, #0
  ee:	607b      	str	r3, [r7, #4]
  f0:	e002      	b.n	f8 <I2C_Delay+0x12>
  f2:	687b      	ldr	r3, [r7, #4]
  f4:	3301      	adds	r3, #1
  f6:	607b      	str	r3, [r7, #4]
  f8:	687b      	ldr	r3, [r7, #4]
  fa:	2b31      	cmp	r3, #49	@ 0x31
  fc:	d9f9      	bls.n	f2 <I2C_Delay+0xc>
}
  fe:	46c0      	nop			@ (mov r8, r8)
 100:	46c0      	nop			@ (mov r8, r8)
 102:	46bd      	mov	sp, r7
 104:	b002      	add	sp, #8
 106:	bd80      	pop	{r7, pc}

00000108 <I2C_Init>:

/*------------------------------------------------------------------
 *  I2C primitives
 *------------------------------------------------------------------*/
static void I2C_Init(void)
{
 108:	b580      	push	{r7, lr}
 10a:	af00      	add	r7, sp, #0
    /* P3.0 and P3.1: open-drain (drive mode 4), default HIGH */
    GPIO_PRT3_PC = (GPIO_PRT3_PC & ~(0x3Fu)) | (4u << 0) | (4u << 3);
 10c:	4b08      	ldr	r3, [pc, #32]	@ (130 <I2C_Init+0x28>)
 10e:	681b      	ldr	r3, [r3, #0]
 110:	223f      	movs	r2, #63	@ 0x3f
 112:	4393      	bics	r3, r2
 114:	001a      	movs	r2, r3
 116:	4b06      	ldr	r3, [pc, #24]	@ (130 <I2C_Init+0x28>)
 118:	2124      	movs	r1, #36	@ 0x24
 11a:	430a      	orrs	r2, r1
 11c:	601a      	str	r2, [r3, #0]
    GPIO_PRT3_DR |= (1u << SCL_PIN) | (1u << SDA_PIN);
 11e:	4b05      	ldr	r3, [pc, #20]	@ (134 <I2C_Init+0x2c>)
 120:	681a      	ldr	r2, [r3, #0]
 122:	4b04      	ldr	r3, [pc, #16]	@ (134 <I2C_Init+0x2c>)
 124:	2103      	movs	r1, #3
 126:	430a      	orrs	r2, r1
 128:	601a      	str	r2, [r3, #0]
}
 12a:	46c0      	nop			@ (mov r8, r8)
 12c:	46bd      	mov	sp, r7
 12e:	bd80      	pop	{r7, pc}
 130:	40040308 	.word	0x40040308
 134:	40040300 	.word	0x40040300

00000138 <I2C_Start>:

static void I2C_Start(void)
{
 138:	b580      	push	{r7, lr}
 13a:	af00      	add	r7, sp, #0
    SDA_HIGH(); SCL_HIGH(); I2C_Delay();
 13c:	4b10      	ldr	r3, [pc, #64]	@ (180 <I2C_Start+0x48>)
 13e:	681a      	ldr	r2, [r3, #0]
 140:	4b0f      	ldr	r3, [pc, #60]	@ (180 <I2C_Start+0x48>)
 142:	2102      	movs	r1, #2
 144:	430a      	orrs	r2, r1
 146:	601a      	str	r2, [r3, #0]
 148:	4b0d      	ldr	r3, [pc, #52]	@ (180 <I2C_Start+0x48>)
 14a:	681a      	ldr	r2, [r3, #0]
 14c:	4b0c      	ldr	r3, [pc, #48]	@ (180 <I2C_Start+0x48>)
 14e:	2101      	movs	r1, #1
 150:	430a      	orrs	r2, r1
 152:	601a      	str	r2, [r3, #0]
 154:	f7ff ffc7 	bl	e6 <I2C_Delay>
    SDA_LOW();              I2C_Delay();
 158:	4b09      	ldr	r3, [pc, #36]	@ (180 <I2C_Start+0x48>)
 15a:	681a      	ldr	r2, [r3, #0]
 15c:	4b08      	ldr	r3, [pc, #32]	@ (180 <I2C_Start+0x48>)
 15e:	2102      	movs	r1, #2
 160:	438a      	bics	r2, r1
 162:	601a      	str	r2, [r3, #0]
 164:	f7ff ffbf 	bl	e6 <I2C_Delay>
    SCL_LOW();              I2C_Delay();
 168:	4b05      	ldr	r3, [pc, #20]	@ (180 <I2C_Start+0x48>)
 16a:	681a      	ldr	r2, [r3, #0]
 16c:	4b04      	ldr	r3, [pc, #16]	@ (180 <I2C_Start+0x48>)
 16e:	2101      	movs	r1, #1
 170:	438a      	bics	r2, r1
 172:	601a      	str	r2, [r3, #0]
 174:	f7ff ffb7 	bl	e6 <I2C_Delay>
}
 178:	46c0      	nop			@ (mov r8, r8)
 17a:	46bd      	mov	sp, r7
 17c:	bd80      	pop	{r7, pc}
 17e:	46c0      	nop			@ (mov r8, r8)
 180:	40040300 	.word	0x40040300

00000184 <I2C_Stop>:

static void I2C_Stop(void)
{
 184:	b580      	push	{r7, lr}
 186:	af00      	add	r7, sp, #0
    SDA_LOW();  I2C_Delay();
 188:	4b0d      	ldr	r3, [pc, #52]	@ (1c0 <I2C_Stop+0x3c>)
 18a:	681a      	ldr	r2, [r3, #0]
 18c:	4b0c      	ldr	r3, [pc, #48]	@ (1c0 <I2C_Stop+0x3c>)
 18e:	2102      	movs	r1, #2
 190:	438a      	bics	r2, r1
 192:	601a      	str	r2, [r3, #0]
 194:	f7ff ffa7 	bl	e6 <I2C_Delay>
    SCL_HIGH(); I2C_Delay();
 198:	4b09      	ldr	r3, [pc, #36]	@ (1c0 <I2C_Stop+0x3c>)
 19a:	681a      	ldr	r2, [r3, #0]
 19c:	4b08      	ldr	r3, [pc, #32]	@ (1c0 <I2C_Stop+0x3c>)
 19e:	2101      	movs	r1, #1
 1a0:	430a      	orrs	r2, r1
 1a2:	601a      	str	r2, [r3, #0]
 1a4:	f7ff ff9f 	bl	e6 <I2C_Delay>
    SDA_HIGH(); I2C_Delay();
 1a8:	4b05      	ldr	r3, [pc, #20]	@ (1c0 <I2C_Stop+0x3c>)
 1aa:	681a      	ldr	r2, [r3, #0]
 1ac:	4b04      	ldr	r3, [pc, #16]	@ (1c0 <I2C_Stop+0x3c>)
 1ae:	2102      	movs	r1, #2
 1b0:	430a      	orrs	r2, r1
 1b2:	601a      	str	r2, [r3, #0]
 1b4:	f7ff ff97 	bl	e6 <I2C_Delay>
}
 1b8:	46c0      	nop			@ (mov r8, r8)
 1ba:	46bd      	mov	sp, r7
 1bc:	bd80      	pop	{r7, pc}
 1be:	46c0      	nop			@ (mov r8, r8)
 1c0:	40040300 	.word	0x40040300

000001c4 <I2C_WriteBit>:

static void I2C_WriteBit(uint8_t bit)
{
 1c4:	b580      	push	{r7, lr}
 1c6:	b082      	sub	sp, #8
 1c8:	af00      	add	r7, sp, #0
 1ca:	0002      	movs	r2, r0
 1cc:	1dfb      	adds	r3, r7, #7
 1ce:	701a      	strb	r2, [r3, #0]
    if (bit) SDA_HIGH(); else SDA_LOW();
 1d0:	1dfb      	adds	r3, r7, #7
 1d2:	781b      	ldrb	r3, [r3, #0]
 1d4:	2b00      	cmp	r3, #0
 1d6:	d006      	beq.n	1e6 <I2C_WriteBit+0x22>
 1d8:	4b11      	ldr	r3, [pc, #68]	@ (220 <__HEAP_SIZE+0x20>)
 1da:	681a      	ldr	r2, [r3, #0]
 1dc:	4b10      	ldr	r3, [pc, #64]	@ (220 <__HEAP_SIZE+0x20>)
 1de:	2102      	movs	r1, #2
 1e0:	430a      	orrs	r2, r1
 1e2:	601a      	str	r2, [r3, #0]
 1e4:	e005      	b.n	1f2 <I2C_WriteBit+0x2e>
 1e6:	4b0e      	ldr	r3, [pc, #56]	@ (220 <__HEAP_SIZE+0x20>)
 1e8:	681a      	ldr	r2, [r3, #0]
 1ea:	4b0d      	ldr	r3, [pc, #52]	@ (220 <__HEAP_SIZE+0x20>)
 1ec:	2102      	movs	r1, #2
 1ee:	438a      	bics	r2, r1
 1f0:	601a      	str	r2, [r3, #0]
    I2C_Delay();
 1f2:	f7ff ff78 	bl	e6 <I2C_Delay>
    SCL_HIGH(); I2C_Delay();
 1f6:	4b0a      	ldr	r3, [pc, #40]	@ (220 <__HEAP_SIZE+0x20>)
 1f8:	681a      	ldr	r2, [r3, #0]
 1fa:	4b09      	ldr	r3, [pc, #36]	@ (220 <__HEAP_SIZE+0x20>)
 1fc:	2101      	movs	r1, #1
 1fe:	430a      	orrs	r2, r1
 200:	601a      	str	r2, [r3, #0]
 202:	f7ff ff70 	bl	e6 <I2C_Delay>
    SCL_LOW();  I2C_Delay();
 206:	4b06      	ldr	r3, [pc, #24]	@ (220 <__HEAP_SIZE+0x20>)
 208:	681a      	ldr	r2, [r3, #0]
 20a:	4b05      	ldr	r3, [pc, #20]	@ (220 <__HEAP_SIZE+0x20>)
 20c:	2101      	movs	r1, #1
 20e:	438a      	bics	r2, r1
 210:	601a      	str	r2, [r3, #0]
 212:	f7ff ff68 	bl	e6 <I2C_Delay>
}
 216:	46c0      	nop			@ (mov r8, r8)
 218:	46bd      	mov	sp, r7
 21a:	b002      	add	sp, #8
 21c:	bd80      	pop	{r7, pc}
 21e:	46c0      	nop			@ (mov r8, r8)
 220:	40040300 	.word	0x40040300

00000224 <I2C_WriteByte>:

static void I2C_WriteByte(uint8_t byte)
{
 224:	b590      	push	{r4, r7, lr}
 226:	b085      	sub	sp, #20
 228:	af00      	add	r7, sp, #0
 22a:	0002      	movs	r2, r0
 22c:	1dfb      	adds	r3, r7, #7
 22e:	701a      	strb	r2, [r3, #0]
    for (int8_t i = 7; i >= 0; i--)
 230:	230f      	movs	r3, #15
 232:	18fb      	adds	r3, r7, r3
 234:	2207      	movs	r2, #7
 236:	701a      	strb	r2, [r3, #0]
 238:	e016      	b.n	268 <I2C_WriteByte+0x44>
        I2C_WriteBit((byte >> i) & 1u);
 23a:	1dfb      	adds	r3, r7, #7
 23c:	781a      	ldrb	r2, [r3, #0]
 23e:	240f      	movs	r4, #15
 240:	193b      	adds	r3, r7, r4
 242:	781b      	ldrb	r3, [r3, #0]
 244:	b25b      	sxtb	r3, r3
 246:	411a      	asrs	r2, r3
 248:	0013      	movs	r3, r2
 24a:	b2db      	uxtb	r3, r3
 24c:	2201      	movs	r2, #1
 24e:	4013      	ands	r3, r2
 250:	b2db      	uxtb	r3, r3
 252:	0018      	movs	r0, r3
 254:	f7ff ffb6 	bl	1c4 <I2C_WriteBit>
    for (int8_t i = 7; i >= 0; i--)
 258:	193b      	adds	r3, r7, r4
 25a:	781b      	ldrb	r3, [r3, #0]
 25c:	b25b      	sxtb	r3, r3
 25e:	b2db      	uxtb	r3, r3
 260:	3b01      	subs	r3, #1
 262:	b2da      	uxtb	r2, r3
 264:	193b      	adds	r3, r7, r4
 266:	701a      	strb	r2, [r3, #0]
 268:	230f      	movs	r3, #15
 26a:	18fb      	adds	r3, r7, r3
 26c:	781b      	ldrb	r3, [r3, #0]
 26e:	2b7f      	cmp	r3, #127	@ 0x7f
 270:	d9e3      	bls.n	23a <I2C_WriteByte+0x16>
    /* read ACK (discard) */
    SDA_HIGH(); I2C_Delay();
 272:	4b0e      	ldr	r3, [pc, #56]	@ (2ac <I2C_WriteByte+0x88>)
 274:	681a      	ldr	r2, [r3, #0]
 276:	4b0d      	ldr	r3, [pc, #52]	@ (2ac <I2C_WriteByte+0x88>)
 278:	2102      	movs	r1, #2
 27a:	430a      	orrs	r2, r1
 27c:	601a      	str	r2, [r3, #0]
 27e:	f7ff ff32 	bl	e6 <I2C_Delay>
    SCL_HIGH(); I2C_Delay();
 282:	4b0a      	ldr	r3, [pc, #40]	@ (2ac <I2C_WriteByte+0x88>)
 284:	681a      	ldr	r2, [r3, #0]
 286:	4b09      	ldr	r3, [pc, #36]	@ (2ac <I2C_WriteByte+0x88>)
 288:	2101      	movs	r1, #1
 28a:	430a      	orrs	r2, r1
 28c:	601a      	str	r2, [r3, #0]
 28e:	f7ff ff2a 	bl	e6 <I2C_Delay>
    SCL_LOW();  I2C_Delay();
 292:	4b06      	ldr	r3, [pc, #24]	@ (2ac <I2C_WriteByte+0x88>)
 294:	681a      	ldr	r2, [r3, #0]
 296:	4b05      	ldr	r3, [pc, #20]	@ (2ac <I2C_WriteByte+0x88>)
 298:	2101      	movs	r1, #1
 29a:	438a      	bics	r2, r1
 29c:	601a      	str	r2, [r3, #0]
 29e:	f7ff ff22 	bl	e6 <I2C_Delay>
}
 2a2:	46c0      	nop			@ (mov r8, r8)
 2a4:	46bd      	mov	sp, r7
 2a6:	b005      	add	sp, #20
 2a8:	bd90      	pop	{r4, r7, pc}
 2aa:	46c0      	nop			@ (mov r8, r8)
 2ac:	40040300 	.word	0x40040300

000002b0 <PCF8574_Write>:

static void PCF8574_Write(uint8_t data)
{
 2b0:	b580      	push	{r7, lr}
 2b2:	b082      	sub	sp, #8
 2b4:	af00      	add	r7, sp, #0
 2b6:	0002      	movs	r2, r0
 2b8:	1dfb      	adds	r3, r7, #7
 2ba:	701a      	strb	r2, [r3, #0]
    I2C_Start();
 2bc:	f7ff ff3c 	bl	138 <I2C_Start>
    I2C_WriteByte((LCD_ADDR << 1u) | 0u);  /* address + write bit */
 2c0:	204e      	movs	r0, #78	@ 0x4e
 2c2:	f7ff ffaf 	bl	224 <I2C_WriteByte>
    I2C_WriteByte(data);
 2c6:	1dfb      	adds	r3, r7, #7
 2c8:	781b      	ldrb	r3, [r3, #0]
 2ca:	0018      	movs	r0, r3
 2cc:	f7ff ffaa 	bl	224 <I2C_WriteByte>
    I2C_Stop();
 2d0:	f7ff ff58 	bl	184 <I2C_Stop>
}
 2d4:	46c0      	nop			@ (mov r8, r8)
 2d6:	46bd      	mov	sp, r7
 2d8:	b002      	add	sp, #8
 2da:	bd80      	pop	{r7, pc}

000002dc <LCD_PulseEnable>:

/*------------------------------------------------------------------
 *  HD44780 LCD via PCF8574 (4-bit mode)
 *------------------------------------------------------------------*/
static void LCD_PulseEnable(uint8_t data)
{
 2dc:	b580      	push	{r7, lr}
 2de:	b082      	sub	sp, #8
 2e0:	af00      	add	r7, sp, #0
 2e2:	0002      	movs	r2, r0
 2e4:	1dfb      	adds	r3, r7, #7
 2e6:	701a      	strb	r2, [r3, #0]
    PCF8574_Write(data | LCD_EN);
 2e8:	1dfb      	adds	r3, r7, #7
 2ea:	781b      	ldrb	r3, [r3, #0]
 2ec:	2204      	movs	r2, #4
 2ee:	4313      	orrs	r3, r2
 2f0:	b2db      	uxtb	r3, r3
 2f2:	0018      	movs	r0, r3
 2f4:	f7ff ffdc 	bl	2b0 <PCF8574_Write>
    I2C_Delay();
 2f8:	f7ff fef5 	bl	e6 <I2C_Delay>
    PCF8574_Write(data & ~LCD_EN);
 2fc:	1dfb      	adds	r3, r7, #7
 2fe:	781b      	ldrb	r3, [r3, #0]
 300:	2204      	movs	r2, #4
 302:	4393      	bics	r3, r2
 304:	b2db      	uxtb	r3, r3
 306:	0018      	movs	r0, r3
 308:	f7ff ffd2 	bl	2b0 <PCF8574_Write>
    Delay(2000);
 30c:	23fa      	movs	r3, #250	@ 0xfa
 30e:	00db      	lsls	r3, r3, #3
 310:	0018      	movs	r0, r3
 312:	f7ff fed5 	bl	c0 <Delay>
}
 316:	46c0      	nop			@ (mov r8, r8)
 318:	46bd      	mov	sp, r7
 31a:	b002      	add	sp, #8
 31c:	bd80      	pop	{r7, pc}

0000031e <LCD_SendNibble>:

static void LCD_SendNibble(uint8_t nibble, uint8_t mode)
{
 31e:	b580      	push	{r7, lr}
 320:	b084      	sub	sp, #16
 322:	af00      	add	r7, sp, #0
 324:	0002      	movs	r2, r0
 326:	1dfb      	adds	r3, r7, #7
 328:	701a      	strb	r2, [r3, #0]
 32a:	1dbb      	adds	r3, r7, #6
 32c:	1c0a      	adds	r2, r1, #0
 32e:	701a      	strb	r2, [r3, #0]
    uint8_t data = LCD_BL | mode;
 330:	200f      	movs	r0, #15
 332:	183b      	adds	r3, r7, r0
 334:	1dba      	adds	r2, r7, #6
 336:	7812      	ldrb	r2, [r2, #0]
 338:	2108      	movs	r1, #8
 33a:	430a      	orrs	r2, r1
 33c:	701a      	strb	r2, [r3, #0]
    if (nibble & 0x08u) data |= LCD_D7;
 33e:	1dfb      	adds	r3, r7, #7
 340:	781b      	ldrb	r3, [r3, #0]
 342:	2208      	movs	r2, #8
 344:	4013      	ands	r3, r2
 346:	d006      	beq.n	356 <LCD_SendNibble+0x38>
 348:	183b      	adds	r3, r7, r0
 34a:	183a      	adds	r2, r7, r0
 34c:	7812      	ldrb	r2, [r2, #0]
 34e:	2180      	movs	r1, #128	@ 0x80
 350:	4249      	negs	r1, r1
 352:	430a      	orrs	r2, r1
 354:	701a      	strb	r2, [r3, #0]
    if (nibble & 0x04u) data |= LCD_D6;
 356:	1dfb      	adds	r3, r7, #7
 358:	781b      	ldrb	r3, [r3, #0]
 35a:	2204      	movs	r2, #4
 35c:	4013      	ands	r3, r2
 35e:	d006      	beq.n	36e <LCD_SendNibble+0x50>
 360:	220f      	movs	r2, #15
 362:	18bb      	adds	r3, r7, r2
 364:	18ba      	adds	r2, r7, r2
 366:	7812      	ldrb	r2, [r2, #0]
 368:	2140      	movs	r1, #64	@ 0x40
 36a:	430a      	orrs	r2, r1
 36c:	701a      	strb	r2, [r3, #0]
    if (nibble & 0x02u) data |= LCD_D5;
 36e:	1dfb      	adds	r3, r7, #7
 370:	781b      	ldrb	r3, [r3, #0]
 372:	2202      	movs	r2, #2
 374:	4013      	ands	r3, r2
 376:	d006      	beq.n	386 <LCD_SendNibble+0x68>
 378:	220f      	movs	r2, #15
 37a:	18bb      	adds	r3, r7, r2
 37c:	18ba      	adds	r2, r7, r2
 37e:	7812      	ldrb	r2, [r2, #0]
 380:	2120      	movs	r1, #32
 382:	430a      	orrs	r2, r1
 384:	701a      	strb	r2, [r3, #0]
    if (nibble & 0x01u) data |= LCD_D4;
 386:	1dfb      	adds	r3, r7, #7
 388:	781b      	ldrb	r3, [r3, #0]
 38a:	2201      	movs	r2, #1
 38c:	4013      	ands	r3, r2
 38e:	d006      	beq.n	39e <LCD_SendNibble+0x80>
 390:	220f      	movs	r2, #15
 392:	18bb      	adds	r3, r7, r2
 394:	18ba      	adds	r2, r7, r2
 396:	7812      	ldrb	r2, [r2, #0]
 398:	2110      	movs	r1, #16
 39a:	430a      	orrs	r2, r1
 39c:	701a      	strb	r2, [r3, #0]
    LCD_PulseEnable(data);
 39e:	230f      	movs	r3, #15
 3a0:	18fb      	adds	r3, r7, r3
 3a2:	781b      	ldrb	r3, [r3, #0]
 3a4:	0018      	movs	r0, r3
 3a6:	f7ff ff99 	bl	2dc <LCD_PulseEnable>
}
 3aa:	46c0      	nop			@ (mov r8, r8)
 3ac:	46bd      	mov	sp, r7
 3ae:	b004      	add	sp, #16
 3b0:	bd80      	pop	{r7, pc}

000003b2 <LCD_SendByte>:

static void LCD_SendByte(uint8_t byte, uint8_t mode)
{
 3b2:	b580      	push	{r7, lr}
 3b4:	b082      	sub	sp, #8
 3b6:	af00      	add	r7, sp, #0
 3b8:	0002      	movs	r2, r0
 3ba:	1dfb      	adds	r3, r7, #7
 3bc:	701a      	strb	r2, [r3, #0]
 3be:	1dbb      	adds	r3, r7, #6
 3c0:	1c0a      	adds	r2, r1, #0
 3c2:	701a      	strb	r2, [r3, #0]
    LCD_SendNibble(byte >> 4u,   mode);   /* high nibble */
 3c4:	1dfb      	adds	r3, r7, #7
 3c6:	781b      	ldrb	r3, [r3, #0]
 3c8:	091b      	lsrs	r3, r3, #4
 3ca:	b2da      	uxtb	r2, r3
 3cc:	1dbb      	adds	r3, r7, #6
 3ce:	781b      	ldrb	r3, [r3, #0]
 3d0:	0019      	movs	r1, r3
 3d2:	0010      	movs	r0, r2
 3d4:	f7ff ffa3 	bl	31e <LCD_SendNibble>
    LCD_SendNibble(byte & 0x0Fu, mode);   /* low nibble  */
 3d8:	1dfb      	adds	r3, r7, #7
 3da:	781b      	ldrb	r3, [r3, #0]
 3dc:	220f      	movs	r2, #15
 3de:	4013      	ands	r3, r2
 3e0:	b2da      	uxtb	r2, r3
 3e2:	1dbb      	adds	r3, r7, #6
 3e4:	781b      	ldrb	r3, [r3, #0]
 3e6:	0019      	movs	r1, r3
 3e8:	0010      	movs	r0, r2
 3ea:	f7ff ff98 	bl	31e <LCD_SendNibble>
    Delay(2000);
 3ee:	23fa      	movs	r3, #250	@ 0xfa
 3f0:	00db      	lsls	r3, r3, #3
 3f2:	0018      	movs	r0, r3
 3f4:	f7ff fe64 	bl	c0 <Delay>
}
 3f8:	46c0      	nop			@ (mov r8, r8)
 3fa:	46bd      	mov	sp, r7
 3fc:	b002      	add	sp, #8
 3fe:	bd80      	pop	{r7, pc}

00000400 <LCD_Cmd>:

static void LCD_Cmd(uint8_t cmd)       { LCD_SendByte(cmd,  0u);     }
 400:	b580      	push	{r7, lr}
 402:	b082      	sub	sp, #8
 404:	af00      	add	r7, sp, #0
 406:	0002      	movs	r2, r0
 408:	1dfb      	adds	r3, r7, #7
 40a:	701a      	strb	r2, [r3, #0]
 40c:	1dfb      	adds	r3, r7, #7
 40e:	781b      	ldrb	r3, [r3, #0]
 410:	2100      	movs	r1, #0
 412:	0018      	movs	r0, r3
 414:	f7ff ffcd 	bl	3b2 <LCD_SendByte>
 418:	46c0      	nop			@ (mov r8, r8)
 41a:	46bd      	mov	sp, r7
 41c:	b002      	add	sp, #8
 41e:	bd80      	pop	{r7, pc}

00000420 <LCD_Char>:
static void LCD_Char(uint8_t ch)       { LCD_SendByte(ch,   LCD_RS); }
 420:	b580      	push	{r7, lr}
 422:	b082      	sub	sp, #8
 424:	af00      	add	r7, sp, #0
 426:	0002      	movs	r2, r0
 428:	1dfb      	adds	r3, r7, #7
 42a:	701a      	strb	r2, [r3, #0]
 42c:	1dfb      	adds	r3, r7, #7
 42e:	781b      	ldrb	r3, [r3, #0]
 430:	2101      	movs	r1, #1
 432:	0018      	movs	r0, r3
 434:	f7ff ffbd 	bl	3b2 <LCD_SendByte>
 438:	46c0      	nop			@ (mov r8, r8)
 43a:	46bd      	mov	sp, r7
 43c:	b002      	add	sp, #8
 43e:	bd80      	pop	{r7, pc}

00000440 <LCD_Init>:

static void LCD_Init(void)
{
 440:	b580      	push	{r7, lr}
 442:	af00      	add	r7, sp, #0
    Delay(500000);                          /* power-up wait            */
 444:	4b19      	ldr	r3, [pc, #100]	@ (4ac <LCD_Init+0x6c>)
 446:	0018      	movs	r0, r3
 448:	f7ff fe3a 	bl	c0 <Delay>
    LCD_SendNibble(0x03u, 0u); Delay(50000);
 44c:	2100      	movs	r1, #0
 44e:	2003      	movs	r0, #3
 450:	f7ff ff65 	bl	31e <LCD_SendNibble>
 454:	4b16      	ldr	r3, [pc, #88]	@ (4b0 <LCD_Init+0x70>)
 456:	0018      	movs	r0, r3
 458:	f7ff fe32 	bl	c0 <Delay>
    LCD_SendNibble(0x03u, 0u); Delay(5000);
 45c:	2100      	movs	r1, #0
 45e:	2003      	movs	r0, #3
 460:	f7ff ff5d 	bl	31e <LCD_SendNibble>
 464:	4b13      	ldr	r3, [pc, #76]	@ (4b4 <LCD_Init+0x74>)
 466:	0018      	movs	r0, r3
 468:	f7ff fe2a 	bl	c0 <Delay>
    LCD_SendNibble(0x03u, 0u); Delay(2000);
 46c:	2100      	movs	r1, #0
 46e:	2003      	movs	r0, #3
 470:	f7ff ff55 	bl	31e <LCD_SendNibble>
 474:	23fa      	movs	r3, #250	@ 0xfa
 476:	00db      	lsls	r3, r3, #3
 478:	0018      	movs	r0, r3
 47a:	f7ff fe21 	bl	c0 <Delay>
    LCD_SendNibble(0x02u, 0u);              /* switch to 4-bit mode     */
 47e:	2100      	movs	r1, #0
 480:	2002      	movs	r0, #2
 482:	f7ff ff4c 	bl	31e <LCD_SendNibble>
    LCD_Cmd(0x28u);                         /* 2 lines, 5x8 font        */
 486:	2028      	movs	r0, #40	@ 0x28
 488:	f7ff ffba 	bl	400 <LCD_Cmd>
    LCD_Cmd(0x0Cu);                         /* display on, cursor off   */
 48c:	200c      	movs	r0, #12
 48e:	f7ff ffb7 	bl	400 <LCD_Cmd>
    LCD_Cmd(0x06u);                         /* auto-increment           */
 492:	2006      	movs	r0, #6
 494:	f7ff ffb4 	bl	400 <LCD_Cmd>
    LCD_Cmd(0x01u);                         /* clear display            */
 498:	2001      	movs	r0, #1
 49a:	f7ff ffb1 	bl	400 <LCD_Cmd>
    Delay(20000);
 49e:	4b06      	ldr	r3, [pc, #24]	@ (4b8 <LCD_Init+0x78>)
 4a0:	0018      	movs	r0, r3
 4a2:	f7ff fe0d 	bl	c0 <Delay>
}
 4a6:	46c0      	nop			@ (mov r8, r8)
 4a8:	46bd      	mov	sp, r7
 4aa:	bd80      	pop	{r7, pc}
 4ac:	0007a120 	.word	0x0007a120
 4b0:	0000c350 	.word	0x0000c350
 4b4:	00001388 	.word	0x00001388
 4b8:	00004e20 	.word	0x00004e20

000004bc <LCD_SetCursor>:

static void LCD_SetCursor(uint8_t row, uint8_t col)
{
 4bc:	b580      	push	{r7, lr}
 4be:	b084      	sub	sp, #16
 4c0:	af00      	add	r7, sp, #0
 4c2:	0002      	movs	r2, r0
 4c4:	1dfb      	adds	r3, r7, #7
 4c6:	701a      	strb	r2, [r3, #0]
 4c8:	1dbb      	adds	r3, r7, #6
 4ca:	1c0a      	adds	r2, r1, #0
 4cc:	701a      	strb	r2, [r3, #0]
    uint8_t addr = (row == 0u) ? 0x00u : 0x40u;
 4ce:	1dfb      	adds	r3, r7, #7
 4d0:	781b      	ldrb	r3, [r3, #0]
 4d2:	2b00      	cmp	r3, #0
 4d4:	d104      	bne.n	4e0 <LCD_SetCursor+0x24>
 4d6:	230f      	movs	r3, #15
 4d8:	18fb      	adds	r3, r7, r3
 4da:	2200      	movs	r2, #0
 4dc:	701a      	strb	r2, [r3, #0]
 4de:	e003      	b.n	4e8 <LCD_SetCursor+0x2c>
 4e0:	230f      	movs	r3, #15
 4e2:	18fb      	adds	r3, r7, r3
 4e4:	2240      	movs	r2, #64	@ 0x40
 4e6:	701a      	strb	r2, [r3, #0]
    LCD_Cmd(0x80u | (addr + col));
 4e8:	230f      	movs	r3, #15
 4ea:	18fa      	adds	r2, r7, r3
 4ec:	1dbb      	adds	r3, r7, #6
 4ee:	7812      	ldrb	r2, [r2, #0]
 4f0:	781b      	ldrb	r3, [r3, #0]
 4f2:	18d3      	adds	r3, r2, r3
 4f4:	b2db      	uxtb	r3, r3
 4f6:	2280      	movs	r2, #128	@ 0x80
 4f8:	4252      	negs	r2, r2
 4fa:	4313      	orrs	r3, r2
 4fc:	b2db      	uxtb	r3, r3
 4fe:	0018      	movs	r0, r3
 500:	f7ff ff7e 	bl	400 <LCD_Cmd>
}
 504:	46c0      	nop			@ (mov r8, r8)
 506:	46bd      	mov	sp, r7
 508:	b004      	add	sp, #16
 50a:	bd80      	pop	{r7, pc}

0000050c <LCD_Print>:

static void LCD_Print(const char *str)
{
 50c:	b580      	push	{r7, lr}
 50e:	b082      	sub	sp, #8
 510:	af00      	add	r7, sp, #0
 512:	6078      	str	r0, [r7, #4]
    while (*str)
 514:	e006      	b.n	524 <LCD_Print+0x18>
        LCD_Char((uint8_t)(*str++));
 516:	687b      	ldr	r3, [r7, #4]
 518:	1c5a      	adds	r2, r3, #1
 51a:	607a      	str	r2, [r7, #4]
 51c:	781b      	ldrb	r3, [r3, #0]
 51e:	0018      	movs	r0, r3
 520:	f7ff ff7e 	bl	420 <LCD_Char>
    while (*str)
 524:	687b      	ldr	r3, [r7, #4]
 526:	781b      	ldrb	r3, [r3, #0]
 528:	2b00      	cmp	r3, #0
 52a:	d1f4      	bne.n	516 <LCD_Print+0xa>
}
 52c:	46c0      	nop			@ (mov r8, r8)
 52e:	46c0      	nop			@ (mov r8, r8)
 530:	46bd      	mov	sp, r7
 532:	b002      	add	sp, #8
 534:	bd80      	pop	{r7, pc}

00000536 <LCD_Clear>:

static void LCD_Clear(void)
{
 536:	b580      	push	{r7, lr}
 538:	af00      	add	r7, sp, #0
    LCD_Cmd(0x01u);
 53a:	2001      	movs	r0, #1
 53c:	f7ff ff60 	bl	400 <LCD_Cmd>
    Delay(20000);
 540:	4b03      	ldr	r3, [pc, #12]	@ (550 <LCD_Clear+0x1a>)
 542:	0018      	movs	r0, r3
 544:	f7ff fdbc 	bl	c0 <Delay>
}
 548:	46c0      	nop			@ (mov r8, r8)
 54a:	46bd      	mov	sp, r7
 54c:	bd80      	pop	{r7, pc}
 54e:	46c0      	nop			@ (mov r8, r8)
 550:	00004e20 	.word	0x00004e20

00000554 <main>:

/*------------------------------------------------------------------
 *  Main — basic LCD test
 *------------------------------------------------------------------*/
int main(void)
{
 554:	b580      	push	{r7, lr}
 556:	af00      	add	r7, sp, #0
    I2C_Init();
 558:	f7ff fdd6 	bl	108 <I2C_Init>
    LCD_Init();
 55c:	f7ff ff70 	bl	440 <LCD_Init>

    /* Line 0 */
    LCD_SetCursor(0, 0);
 560:	2100      	movs	r1, #0
 562:	2000      	movs	r0, #0
 564:	f7ff ffaa 	bl	4bc <LCD_SetCursor>
    LCD_Print("  Hello World!  ");
 568:	4b0d      	ldr	r3, [pc, #52]	@ (5a0 <main+0x4c>)
 56a:	0018      	movs	r0, r3
 56c:	f7ff ffce 	bl	50c <LCD_Print>

    /* Line 1 */
    LCD_SetCursor(1, 0);
 570:	2100      	movs	r1, #0
 572:	2001      	movs	r0, #1
 574:	f7ff ffa2 	bl	4bc <LCD_SetCursor>
    LCD_Print(" PSoC 4100S Plus");
 578:	4b0a      	ldr	r3, [pc, #40]	@ (5a4 <main+0x50>)
 57a:	0018      	movs	r0, r3
 57c:	f7ff ffc6 	bl	50c <LCD_Print>

    /* Blink the text every 2 seconds to confirm it's alive */
    for (;;)
    {
        LCD_Cmd(0x08u);   /* display OFF */
 580:	2008      	movs	r0, #8
 582:	f7ff ff3d 	bl	400 <LCD_Cmd>
        Delay(400000);
 586:	4b08      	ldr	r3, [pc, #32]	@ (5a8 <main+0x54>)
 588:	0018      	movs	r0, r3
 58a:	f7ff fd99 	bl	c0 <Delay>
        LCD_Cmd(0x0Cu);   /* display ON  */
 58e:	200c      	movs	r0, #12
 590:	f7ff ff36 	bl	400 <LCD_Cmd>
        Delay(400000);
 594:	4b04      	ldr	r3, [pc, #16]	@ (5a8 <main+0x54>)
 596:	0018      	movs	r0, r3
 598:	f7ff fd92 	bl	c0 <Delay>
        LCD_Cmd(0x08u);   /* display OFF */
 59c:	46c0      	nop			@ (mov r8, r8)
 59e:	e7ef      	b.n	580 <main+0x2c>
 5a0:	000006a4 	.word	0x000006a4
 5a4:	000006b8 	.word	0x000006b8
 5a8:	00061a80 	.word	0x00061a80

000005ac <_init>:
 5ac:	b580      	push	{r7, lr}
 5ae:	af00      	add	r7, sp, #0
 5b0:	46c0      	nop			@ (mov r8, r8)
 5b2:	46bd      	mov	sp, r7
 5b4:	bd80      	pop	{r7, pc}

000005b6 <Reset_handler>:
 5b6:	b580      	push	{r7, lr}
 5b8:	b086      	sub	sp, #24
 5ba:	af00      	add	r7, sp, #0
 5bc:	4b1c      	ldr	r3, [pc, #112]	@ (630 <Reset_handler+0x7a>)
 5be:	4a1d      	ldr	r2, [pc, #116]	@ (634 <Reset_handler+0x7e>)
 5c0:	601a      	str	r2, [r3, #0]
 5c2:	4a1d      	ldr	r2, [pc, #116]	@ (638 <Reset_handler+0x82>)
 5c4:	4b1d      	ldr	r3, [pc, #116]	@ (63c <Reset_handler+0x86>)
 5c6:	1ad3      	subs	r3, r2, r3
 5c8:	109b      	asrs	r3, r3, #2
 5ca:	607b      	str	r3, [r7, #4]
 5cc:	4b1b      	ldr	r3, [pc, #108]	@ (63c <Reset_handler+0x86>)
 5ce:	617b      	str	r3, [r7, #20]
 5d0:	4b1b      	ldr	r3, [pc, #108]	@ (640 <Reset_handler+0x8a>)
 5d2:	613b      	str	r3, [r7, #16]
 5d4:	2300      	movs	r3, #0
 5d6:	60fb      	str	r3, [r7, #12]
 5d8:	e00a      	b.n	5f0 <Reset_handler+0x3a>
 5da:	693a      	ldr	r2, [r7, #16]
 5dc:	1d13      	adds	r3, r2, #4
 5de:	613b      	str	r3, [r7, #16]
 5e0:	697b      	ldr	r3, [r7, #20]
 5e2:	1d19      	adds	r1, r3, #4
 5e4:	6179      	str	r1, [r7, #20]
 5e6:	6812      	ldr	r2, [r2, #0]
 5e8:	601a      	str	r2, [r3, #0]
 5ea:	68fb      	ldr	r3, [r7, #12]
 5ec:	3301      	adds	r3, #1
 5ee:	60fb      	str	r3, [r7, #12]
 5f0:	68fa      	ldr	r2, [r7, #12]
 5f2:	687b      	ldr	r3, [r7, #4]
 5f4:	429a      	cmp	r2, r3
 5f6:	d3f0      	bcc.n	5da <Reset_handler+0x24>
 5f8:	4a12      	ldr	r2, [pc, #72]	@ (644 <Reset_handler+0x8e>)
 5fa:	4b13      	ldr	r3, [pc, #76]	@ (648 <Reset_handler+0x92>)
 5fc:	1ad3      	subs	r3, r2, r3
 5fe:	109b      	asrs	r3, r3, #2
 600:	607b      	str	r3, [r7, #4]
 602:	4b11      	ldr	r3, [pc, #68]	@ (648 <Reset_handler+0x92>)
 604:	617b      	str	r3, [r7, #20]
 606:	2300      	movs	r3, #0
 608:	60bb      	str	r3, [r7, #8]
 60a:	e007      	b.n	61c <Reset_handler+0x66>
 60c:	697b      	ldr	r3, [r7, #20]
 60e:	1d1a      	adds	r2, r3, #4
 610:	617a      	str	r2, [r7, #20]
 612:	2200      	movs	r2, #0
 614:	601a      	str	r2, [r3, #0]
 616:	68bb      	ldr	r3, [r7, #8]
 618:	3301      	adds	r3, #1
 61a:	60bb      	str	r3, [r7, #8]
 61c:	68ba      	ldr	r2, [r7, #8]
 61e:	687b      	ldr	r3, [r7, #4]
 620:	429a      	cmp	r2, r3
 622:	d3f3      	bcc.n	60c <Reset_handler+0x56>
 624:	f000 f81a 	bl	65c <__libc_init_array>
 628:	f7ff ff94 	bl	554 <main>
 62c:	46c0      	nop			@ (mov r8, r8)
 62e:	e7fd      	b.n	62c <Reset_handler+0x76>
 630:	40030038 	.word	0x40030038
 634:	aced8865 	.word	0xaced8865
 638:	20000000 	.word	0x20000000
 63c:	20000000 	.word	0x20000000
 640:	000006cc 	.word	0x000006cc
 644:	20000000 	.word	0x20000000
 648:	20000000 	.word	0x20000000

0000064c <Default_Handler>:
 64c:	b580      	push	{r7, lr}
 64e:	af00      	add	r7, sp, #0
 650:	46c0      	nop			@ (mov r8, r8)
 652:	e7fd      	b.n	650 <Default_Handler+0x4>

00000654 <HRDFLT_Handler>:
 654:	b580      	push	{r7, lr}
 656:	af00      	add	r7, sp, #0
 658:	46c0      	nop			@ (mov r8, r8)
 65a:	e7fd      	b.n	658 <HRDFLT_Handler+0x4>

0000065c <__libc_init_array>:
 65c:	b570      	push	{r4, r5, r6, lr}
 65e:	2600      	movs	r6, #0
 660:	4c0c      	ldr	r4, [pc, #48]	@ (694 <__libc_init_array+0x38>)
 662:	4d0d      	ldr	r5, [pc, #52]	@ (698 <__libc_init_array+0x3c>)
 664:	1b64      	subs	r4, r4, r5
 666:	10a4      	asrs	r4, r4, #2
 668:	42a6      	cmp	r6, r4
 66a:	d109      	bne.n	680 <__libc_init_array+0x24>
 66c:	2600      	movs	r6, #0
 66e:	f7ff ff9d 	bl	5ac <_init>
 672:	4c0a      	ldr	r4, [pc, #40]	@ (69c <__libc_init_array+0x40>)
 674:	4d0a      	ldr	r5, [pc, #40]	@ (6a0 <__libc_init_array+0x44>)
 676:	1b64      	subs	r4, r4, r5
 678:	10a4      	asrs	r4, r4, #2
 67a:	42a6      	cmp	r6, r4
 67c:	d105      	bne.n	68a <__libc_init_array+0x2e>
 67e:	bd70      	pop	{r4, r5, r6, pc}
 680:	00b3      	lsls	r3, r6, #2
 682:	58eb      	ldr	r3, [r5, r3]
 684:	4798      	blx	r3
 686:	3601      	adds	r6, #1
 688:	e7ee      	b.n	668 <__libc_init_array+0xc>
 68a:	00b3      	lsls	r3, r6, #2
 68c:	58eb      	ldr	r3, [r5, r3]
 68e:	4798      	blx	r3
 690:	3601      	adds	r6, #1
 692:	e7f2      	b.n	67a <__libc_init_array+0x1e>
	...
 6a4:	65482020 	.word	0x65482020
 6a8:	206f6c6c 	.word	0x206f6c6c
 6ac:	6c726f57 	.word	0x6c726f57
 6b0:	20202164 	.word	0x20202164
 6b4:	00000000 	.word	0x00000000
 6b8:	6f535020 	.word	0x6f535020
 6bc:	31342043 	.word	0x31342043
 6c0:	20533030 	.word	0x20533030
 6c4:	73756c50 	.word	0x73756c50
 6c8:	00000000 	.word	0x00000000
