Archive member included to satisfy reference by file (symbol)

D:/Infineon/Softwares/Arm_GNU_Toolchain/bin/../lib/gcc/arm-none-eabi/15.2.1/thumb/v6-m/nofp\libgcc.a(_udivsi3.o)
                              ./Application_Source/main.o (__aeabi_uidivmod)
D:/Infineon/Softwares/Arm_GNU_Toolchain/bin/../lib/gcc/arm-none-eabi/15.2.1/thumb/v6-m/nofp\libgcc.a(_dvmd_tls.o)
                              D:/Infineon/Softwares/Arm_GNU_Toolchain/bin/../lib/gcc/arm-none-eabi/15.2.1/thumb/v6-m/nofp\libgcc.a(_udivsi3.o) (__aeabi_idiv0)
D:/Infineon/Softwares/Arm_GNU_Toolchain/bin/../lib/gcc/arm-none-eabi/15.2.1/../../../../arm-none-eabi/lib/thumb/v6-m/nofp\libc_nano.a(libc_a-errno.o)
                              ./Libc_Device_Support/syscalls.o (__errno)
D:/Infineon/Softwares/Arm_GNU_Toolchain/bin/../lib/gcc/arm-none-eabi/15.2.1/../../../../arm-none-eabi/lib/thumb/v6-m/nofp\libc_nano.a(libc_a-init.o)
                              ./Startup/startup.o (__libc_init_array)
D:/Infineon/Softwares/Arm_GNU_Toolchain/bin/../lib/gcc/arm-none-eabi/15.2.1/../../../../arm-none-eabi/lib/thumb/v6-m/nofp\libc_nano.a(libc_a-impure.o)
                              D:/Infineon/Softwares/Arm_GNU_Toolchain/bin/../lib/gcc/arm-none-eabi/15.2.1/../../../../arm-none-eabi/lib/thumb/v6-m/nofp\libc_nano.a(libc_a-errno.o) (_impure_ptr)

Discarded input sections

 .data          0x00000000        0x0 ./Application_Source/main.o
 .text          0x00000000      0x2f8 ./Device_Drivers/GPIO/gpio.o
 .data          0x00000000        0x0 ./Device_Drivers/GPIO/gpio.o
 .bss           0x00000000        0x0 ./Device_Drivers/GPIO/gpio.o
 .debug_info    0x00000000      0x670 ./Device_Drivers/GPIO/gpio.o
 .debug_abbrev  0x00000000      0x13e ./Device_Drivers/GPIO/gpio.o
 .debug_aranges
                0x00000000       0x20 ./Device_Drivers/GPIO/gpio.o
 .debug_line    0x00000000      0x24b ./Device_Drivers/GPIO/gpio.o
 .debug_str     0x00000000      0x34e ./Device_Drivers/GPIO/gpio.o
 .comment       0x00000000       0x46 ./Device_Drivers/GPIO/gpio.o
 .debug_frame   0x00000000      0x1b0 ./Device_Drivers/GPIO/gpio.o
 .ARM.attributes
                0x00000000       0x2c ./Device_Drivers/GPIO/gpio.o
 .text          0x00000000        0xa ./Libc_Device_Support/malloc_support.o
 .data          0x00000000        0x0 ./Libc_Device_Support/malloc_support.o
 .bss           0x00000000        0x0 ./Libc_Device_Support/malloc_support.o
 .debug_info    0x00000000       0x39 ./Libc_Device_Support/malloc_support.o
 .debug_abbrev  0x00000000       0x2d ./Libc_Device_Support/malloc_support.o
 .debug_aranges
                0x00000000       0x20 ./Libc_Device_Support/malloc_support.o
 .debug_line    0x00000000       0x5a ./Libc_Device_Support/malloc_support.o
 .debug_str     0x00000000       0xc4 ./Libc_Device_Support/malloc_support.o
 .comment       0x00000000       0x46 ./Libc_Device_Support/malloc_support.o
 .debug_frame   0x00000000       0x2c ./Libc_Device_Support/malloc_support.o
 .ARM.attributes
                0x00000000       0x2c ./Libc_Device_Support/malloc_support.o
 .text          0x00000000        0xa ./Libc_Device_Support/printf_support.o
 .data          0x00000000        0x0 ./Libc_Device_Support/printf_support.o
 .bss           0x00000000        0x0 ./Libc_Device_Support/printf_support.o
 .debug_info    0x00000000       0x39 ./Libc_Device_Support/printf_support.o
 .debug_abbrev  0x00000000       0x2d ./Libc_Device_Support/printf_support.o
 .debug_aranges
                0x00000000       0x20 ./Libc_Device_Support/printf_support.o
 .debug_line    0x00000000       0x5a ./Libc_Device_Support/printf_support.o
 .debug_str     0x00000000       0xc4 ./Libc_Device_Support/printf_support.o
 .comment       0x00000000       0x46 ./Libc_Device_Support/printf_support.o
 .debug_frame   0x00000000       0x2c ./Libc_Device_Support/printf_support.o
 .ARM.attributes
                0x00000000       0x2c ./Libc_Device_Support/printf_support.o
 .text          0x00000000      0x294 ./Libc_Device_Support/syscalls.o
 .data          0x00000000        0x4 ./Libc_Device_Support/syscalls.o
 .bss           0x00000000        0x8 ./Libc_Device_Support/syscalls.o
 .debug_info    0x00000000      0x711 ./Libc_Device_Support/syscalls.o
 .debug_abbrev  0x00000000      0x1c8 ./Libc_Device_Support/syscalls.o
 .debug_aranges
                0x00000000       0x20 ./Libc_Device_Support/syscalls.o
 .debug_line    0x00000000      0x28f ./Libc_Device_Support/syscalls.o
 .debug_str     0x00000000      0x3df ./Libc_Device_Support/syscalls.o
 .comment       0x00000000       0x46 ./Libc_Device_Support/syscalls.o
 .debug_frame   0x00000000      0x264 ./Libc_Device_Support/syscalls.o
 .ARM.attributes
                0x00000000       0x2c ./Libc_Device_Support/syscalls.o
 .text          0x00000000       0x14 ./Special_Libraries/dsplib.o
 .data          0x00000000        0x0 ./Special_Libraries/dsplib.o
 .bss           0x00000000        0x0 ./Special_Libraries/dsplib.o
 .debug_info    0x00000000       0x47 ./Special_Libraries/dsplib.o
 .debug_abbrev  0x00000000       0x2f ./Special_Libraries/dsplib.o
 .debug_aranges
                0x00000000       0x20 ./Special_Libraries/dsplib.o
 .debug_line    0x00000000       0x56 ./Special_Libraries/dsplib.o
 .debug_str     0x00000000       0xbd ./Special_Libraries/dsplib.o
 .comment       0x00000000       0x46 ./Special_Libraries/dsplib.o
 .debug_frame   0x00000000       0x48 ./Special_Libraries/dsplib.o
 .ARM.attributes
                0x00000000       0x2c ./Special_Libraries/dsplib.o
 .text          0x00000000       0x54 ./Special_Libraries/reset.o
 .data          0x00000000        0x0 ./Special_Libraries/reset.o
 .bss           0x00000000        0x0 ./Special_Libraries/reset.o
 .debug_info    0x00000000       0xd0 ./Special_Libraries/reset.o
 .debug_abbrev  0x00000000       0x91 ./Special_Libraries/reset.o
 .debug_aranges
                0x00000000       0x20 ./Special_Libraries/reset.o
 .debug_line    0x00000000      0x121 ./Special_Libraries/reset.o
 .debug_str     0x00000000      0x17c ./Special_Libraries/reset.o
 .comment       0x00000000       0x46 ./Special_Libraries/reset.o
 .debug_frame   0x00000000       0x4c ./Special_Libraries/reset.o
 .ARM.attributes
                0x00000000       0x2c ./Special_Libraries/reset.o
 .text          0x00000000      0x100 ./Special_Libraries/cmsis_gcc.o
 .data          0x00000000        0x0 ./Special_Libraries/cmsis_gcc.o
 .bss           0x00000000        0x0 ./Special_Libraries/cmsis_gcc.o
 .debug_info    0x00000000      0x226 ./Special_Libraries/cmsis_gcc.o
 .debug_abbrev  0x00000000       0xe0 ./Special_Libraries/cmsis_gcc.o
 .debug_aranges
                0x00000000       0x20 ./Special_Libraries/cmsis_gcc.o
 .debug_line    0x00000000      0x198 ./Special_Libraries/cmsis_gcc.o
 .debug_str     0x00000000      0x214 ./Special_Libraries/cmsis_gcc.o
 .comment       0x00000000       0x46 ./Special_Libraries/cmsis_gcc.o
 .debug_frame   0x00000000       0xc8 ./Special_Libraries/cmsis_gcc.o
 .ARM.attributes
                0x00000000       0x2c ./Special_Libraries/cmsis_gcc.o
 .data          0x00000000        0x0 ./Startup/startup.o
 .bss           0x00000000        0x0 ./Startup/startup.o
 .bss           0x00000000        0x0 ./Application_Source/i2c_lcd.o
 .data          0x00000000        0x0 D:/Infineon/Softwares/Arm_GNU_Toolchain/bin/../lib/gcc/arm-none-eabi/15.2.1/thumb/v6-m/nofp\libgcc.a(_udivsi3.o)
 .bss           0x00000000        0x0 D:/Infineon/Softwares/Arm_GNU_Toolchain/bin/../lib/gcc/arm-none-eabi/15.2.1/thumb/v6-m/nofp\libgcc.a(_udivsi3.o)
 .data          0x00000000        0x0 D:/Infineon/Softwares/Arm_GNU_Toolchain/bin/../lib/gcc/arm-none-eabi/15.2.1/thumb/v6-m/nofp\libgcc.a(_dvmd_tls.o)
 .bss           0x00000000        0x0 D:/Infineon/Softwares/Arm_GNU_Toolchain/bin/../lib/gcc/arm-none-eabi/15.2.1/thumb/v6-m/nofp\libgcc.a(_dvmd_tls.o)
 .text          0x00000000        0x0 D:/Infineon/Softwares/Arm_GNU_Toolchain/bin/../lib/gcc/arm-none-eabi/15.2.1/../../../../arm-none-eabi/lib/thumb/v6-m/nofp\libc_nano.a(libc_a-errno.o)
 .data          0x00000000        0x0 D:/Infineon/Softwares/Arm_GNU_Toolchain/bin/../lib/gcc/arm-none-eabi/15.2.1/../../../../arm-none-eabi/lib/thumb/v6-m/nofp\libc_nano.a(libc_a-errno.o)
 .bss           0x00000000        0x0 D:/Infineon/Softwares/Arm_GNU_Toolchain/bin/../lib/gcc/arm-none-eabi/15.2.1/../../../../arm-none-eabi/lib/thumb/v6-m/nofp\libc_nano.a(libc_a-errno.o)
 .text.__errno  0x00000000        0xc D:/Infineon/Softwares/Arm_GNU_Toolchain/bin/../lib/gcc/arm-none-eabi/15.2.1/../../../../arm-none-eabi/lib/thumb/v6-m/nofp\libc_nano.a(libc_a-errno.o)
 .debug_frame   0x00000000       0x20 D:/Infineon/Softwares/Arm_GNU_Toolchain/bin/../lib/gcc/arm-none-eabi/15.2.1/../../../../arm-none-eabi/lib/thumb/v6-m/nofp\libc_nano.a(libc_a-errno.o)
 .ARM.attributes
                0x00000000       0x2c D:/Infineon/Softwares/Arm_GNU_Toolchain/bin/../lib/gcc/arm-none-eabi/15.2.1/../../../../arm-none-eabi/lib/thumb/v6-m/nofp\libc_nano.a(libc_a-errno.o)
 .text          0x00000000        0x0 D:/Infineon/Softwares/Arm_GNU_Toolchain/bin/../lib/gcc/arm-none-eabi/15.2.1/../../../../arm-none-eabi/lib/thumb/v6-m/nofp\libc_nano.a(libc_a-init.o)
 .data          0x00000000        0x0 D:/Infineon/Softwares/Arm_GNU_Toolchain/bin/../lib/gcc/arm-none-eabi/15.2.1/../../../../arm-none-eabi/lib/thumb/v6-m/nofp\libc_nano.a(libc_a-init.o)
 .bss           0x00000000        0x0 D:/Infineon/Softwares/Arm_GNU_Toolchain/bin/../lib/gcc/arm-none-eabi/15.2.1/../../../../arm-none-eabi/lib/thumb/v6-m/nofp\libc_nano.a(libc_a-init.o)
 .text          0x00000000        0x0 D:/Infineon/Softwares/Arm_GNU_Toolchain/bin/../lib/gcc/arm-none-eabi/15.2.1/../../../../arm-none-eabi/lib/thumb/v6-m/nofp\libc_nano.a(libc_a-impure.o)
 .data          0x00000000        0x0 D:/Infineon/Softwares/Arm_GNU_Toolchain/bin/../lib/gcc/arm-none-eabi/15.2.1/../../../../arm-none-eabi/lib/thumb/v6-m/nofp\libc_nano.a(libc_a-impure.o)
 .bss           0x00000000        0x0 D:/Infineon/Softwares/Arm_GNU_Toolchain/bin/../lib/gcc/arm-none-eabi/15.2.1/../../../../arm-none-eabi/lib/thumb/v6-m/nofp\libc_nano.a(libc_a-impure.o)
 .data._impure_ptr
                0x00000000        0x4 D:/Infineon/Softwares/Arm_GNU_Toolchain/bin/../lib/gcc/arm-none-eabi/15.2.1/../../../../arm-none-eabi/lib/thumb/v6-m/nofp\libc_nano.a(libc_a-impure.o)
 .data._impure_data
                0x00000000       0x4c D:/Infineon/Softwares/Arm_GNU_Toolchain/bin/../lib/gcc/arm-none-eabi/15.2.1/../../../../arm-none-eabi/lib/thumb/v6-m/nofp\libc_nano.a(libc_a-impure.o)
 .ARM.attributes
                0x00000000       0x2c D:/Infineon/Softwares/Arm_GNU_Toolchain/bin/../lib/gcc/arm-none-eabi/15.2.1/../../../../arm-none-eabi/lib/thumb/v6-m/nofp\libc_nano.a(libc_a-impure.o)

Memory Configuration

Name             Origin             Length             Attributes
FLASH            0x00000000         0x00020000         xr
RAM              0x20000000         0x00004000         xrw
*default*        0x00000000         0xffffffff

Linker script and memory map

LOAD ./Application_Source/main.o
LOAD ./Device_Drivers/GPIO/gpio.o
LOAD ./Libc_Device_Support/malloc_support.o
LOAD ./Libc_Device_Support/printf_support.o
LOAD ./Libc_Device_Support/syscalls.o
LOAD ./Special_Libraries/dsplib.o
LOAD ./Special_Libraries/reset.o
LOAD ./Special_Libraries/cmsis_gcc.o
LOAD ./Startup/startup.o
LOAD ./Application_Source/i2c_lcd.o
START GROUP
LOAD D:/Infineon/Softwares/Arm_GNU_Toolchain/bin/../lib/gcc/arm-none-eabi/15.2.1/thumb/v6-m/nofp\libgcc.a
LOAD D:/Infineon/Softwares/Arm_GNU_Toolchain/bin/../lib/gcc/arm-none-eabi/15.2.1/../../../../arm-none-eabi/lib/thumb/v6-m/nofp\libc_nano.a
END GROUP
START GROUP
LOAD D:/Infineon/Softwares/Arm_GNU_Toolchain/bin/../lib/gcc/arm-none-eabi/15.2.1/thumb/v6-m/nofp\libgcc.a
LOAD D:/Infineon/Softwares/Arm_GNU_Toolchain/bin/../lib/gcc/arm-none-eabi/15.2.1/../../../../arm-none-eabi/lib/thumb/v6-m/nofp\libc_nano.a
LOAD D:/Infineon/Softwares/Arm_GNU_Toolchain/bin/../lib/gcc/arm-none-eabi/15.2.1/../../../../arm-none-eabi/lib/thumb/v6-m/nofp\libnosys.a
END GROUP
START GROUP
LOAD D:/Infineon/Softwares/Arm_GNU_Toolchain/bin/../lib/gcc/arm-none-eabi/15.2.1/thumb/v6-m/nofp\libgcc.a
LOAD D:/Infineon/Softwares/Arm_GNU_Toolchain/bin/../lib/gcc/arm-none-eabi/15.2.1/../../../../arm-none-eabi/lib/thumb/v6-m/nofp\libc_nano.a
LOAD D:/Infineon/Softwares/Arm_GNU_Toolchain/bin/../lib/gcc/arm-none-eabi/15.2.1/../../../../arm-none-eabi/lib/thumb/v6-m/nofp\libnosys.a
END GROUP
                0x00000000                        __FLASH_START = 0x0
                0x00020000                        __FLASH_SIZE = 0x20000
                0x20000000                        __RAM_START = 0x20000000
                0x00004000                        __RAM_SIZE = 0x4000
                0x00001000                        __STACK_SIZE = 0x1000
                0x00000200                        __HEAP_SIZE = 0x200
                0x00000010                        __GAURDBUFFER = 0x10
                0x20004000                        __STACK_START = (__RAM_START + __RAM_SIZE)
                0x20003000                        __STACK_END = (__STACK_START - __STACK_SIZE)
                0x20002df0                        __HEAP_START = ((__STACK_END - __HEAP_SIZE) - __GAURDBUFFER)
                0x20002ff0                        __HEAP_END = (__STACK_END - __GAURDBUFFER)

.text           0x00000000      0x9bc
 *(.isr_vector_section)
 .isr_vector_section
                0x00000000       0xc0 ./Startup/startup.o
                0x00000000                vector_table
 *(.text*)
 .text          0x000000c0      0x18c ./Application_Source/main.o
                0x000000c0                Delay
                0x000000de                GPIO_Init
                0x0000013c                main
 .text          0x0000024c       0xb0 ./Startup/startup.o
                0x0000024c                _init
                0x00000256                Reset_handler
                0x000002ec                tcpwm_interrupts_7_IRQHandler
                0x000002ec                pass_0_interrupt_sar_IRQHandler
                0x000002ec                SysTick_Handler
                0x000002ec                PendSV_Handler
                0x000002ec                NMI_Handler
                0x000002ec                ioss_interrupts_gpio_1_IRQHandler
                0x000002ec                cpuss_interrupt_dma_IRQHandler
                0x000002ec                scb_4_interrupt_IRQHandler
                0x000002ec                ioss_interrupts_gpio_2_IRQHandler
                0x000002ec                can_interrupt_can_IRQHandler
                0x000002ec                tcpwm_interrupts_4_IRQHandler
                0x000002ec                cpuss_interrupt_spcif_IRQHandler
                0x000002ec                scb_0_interrupt_IRQHandler
                0x000002ec                tcpwm_interrupts_3_IRQHandler
                0x000002ec                csd_interrupt_IRQHandler
                0x000002ec                tcpwm_interrupts_1_IRQHandler
                0x000002ec                lpcomp_interrupt_IRQHandler
                0x000002ec                crypto_interrupt_IRQHandler
                0x000002ec                tcpwm_interrupts_6_IRQHandler
                0x000002ec                ioss_interrupt_gpio_IRQHandler
                0x000002ec                scb_2_interrupt_IRQHandler
                0x000002ec                scb_1_interrupt_IRQHandler
                0x000002ec                Default_Handler
                0x000002ec                scb_3_interrupt_IRQHandler
                0x000002ec                ioss_interrupts_gpio_3_IRQHandler
                0x000002ec                ioss_interrupts_gpio_0_IRQHandler
                0x000002ec                tcpwm_interrupts_0_IRQHandler
                0x000002ec                SVC_Handler
                0x000002ec                tcpwm_interrupts_2_IRQHandler
                0x000002ec                tcpwm_interrupts_5_IRQHandler
                0x000002ec                srss_interrupt_wdt_IRQHandler
                0x000002ec                pass_0_interrupt_ctbs_IRQHandler
                0x000002ec                wco_interrupt_IRQHandler
                0x000002f4                HRDFLT_Handler
                0x000002f4                HardFault_Handler
 .text          0x000002fc      0x540 ./Application_Source/i2c_lcd.o
                0x000006b0                LCD_Init
                0x00000770                LCD_Clear
                0x000007a0                LCD_SetCursor
                0x000007f4                LCD_PrintChar
                0x00000812                LCD_Print
 .text          0x0000083c      0x114 D:/Infineon/Softwares/Arm_GNU_Toolchain/bin/../lib/gcc/arm-none-eabi/15.2.1/thumb/v6-m/nofp\libgcc.a(_udivsi3.o)
                0x0000083c                __aeabi_uidiv
                0x0000083c                __udivsi3
                0x00000948                __aeabi_uidivmod
 .text          0x00000950        0x4 D:/Infineon/Softwares/Arm_GNU_Toolchain/bin/../lib/gcc/arm-none-eabi/15.2.1/thumb/v6-m/nofp\libgcc.a(_dvmd_tls.o)
                0x00000950                __aeabi_idiv0
                0x00000950                __aeabi_ldiv0
 .text.__libc_init_array
                0x00000954       0x48 D:/Infineon/Softwares/Arm_GNU_Toolchain/bin/../lib/gcc/arm-none-eabi/15.2.1/../../../../arm-none-eabi/lib/thumb/v6-m/nofp\libc_nano.a(libc_a-init.o)
                0x00000954                __libc_init_array
 *(.init*)
 *(.fini*)
                0x0000099c                        . = ALIGN (0x4)
 *(.rodata .rodata.*)
 .rodata        0x0000099c       0x1e ./Application_Source/main.o
                0x000009bc                        . = ALIGN (0x4)
 *fill*         0x000009ba        0x2 
                0x000009bc                        __etext = .
                0x000009bc                        _la_data = LOADADDR (.data)

.glue_7         0x000009bc        0x0
 .glue_7        0x000009bc        0x0 linker stubs

.glue_7t        0x000009bc        0x0
 .glue_7t       0x000009bc        0x0 linker stubs

.vfp11_veneer   0x000009bc        0x0
 .vfp11_veneer  0x000009bc        0x0 linker stubs

.v4_bx          0x000009bc        0x0
 .v4_bx         0x000009bc        0x0 linker stubs

.iplt           0x000009bc        0x0
 .iplt          0x000009bc        0x0 ./Application_Source/main.o

.rel.dyn        0x000009bc        0x0
 .rel.iplt      0x000009bc        0x0 ./Application_Source/main.o

.data           0x20000000        0x4 load address 0x000009bc
                0x20000000                        __data_start = .
 *(.data*)
 .data          0x20000000        0x1 ./Application_Source/i2c_lcd.o
                0x20000004                        . = ALIGN (0x4)
 *fill*         0x20000001        0x3 
                0x20000004                        __data_end = .

.igot.plt       0x20000004        0x0 load address 0x000009c0
 .igot.plt      0x20000004        0x0 ./Application_Source/main.o

.bss            0x20000004        0x4 load address 0x000009c0
                0x20000004                        __bss_start__ = .
 *(.bss)
 .bss           0x20000004        0x4 ./Application_Source/main.o
                0x20000004                tick
 *(.bss.*)
 *(COMMON)
                0x20000008                        . = ALIGN (0x4)
                0x20000008                        __bss_end__ = .
                0x20000008                        . = ALIGN (0x4)
                0x20000008                        end = .
                0x20000008                        __end__ = .

.heap           0x20002df0        0x0
                0x20002df0                        __heap_Start__ = .
 *(.heap)
                0x20002df0                        . = ALIGN (0x4)
                0x20002df0                        __heap_End__ = .

.stack          0x20000008     0x2ff8
                0x20003000                        . = ABSOLUTE (__STACK_END)
 *fill*         0x20000008     0x2ff8 
                0x20003000                        __stack_End__ = .
 *(.stack)
                0x20003000                        __stack_Start__ = .
OUTPUT(bin/BareMetal.elf elf32-littlearm)
LOAD linker stubs

.debug_info     0x00000000      0x758
 .debug_info    0x00000000      0x19f ./Application_Source/main.o
 .debug_info    0x0000019f      0x1a9 ./Startup/startup.o
 .debug_info    0x00000348      0x410 ./Application_Source/i2c_lcd.o

.debug_abbrev   0x00000000      0x394
 .debug_abbrev  0x00000000      0x135 ./Application_Source/main.o
 .debug_abbrev  0x00000135      0x119 ./Startup/startup.o
 .debug_abbrev  0x0000024e      0x146 ./Application_Source/i2c_lcd.o

.debug_aranges  0x00000000       0x60
 .debug_aranges
                0x00000000       0x20 ./Application_Source/main.o
 .debug_aranges
                0x00000020       0x20 ./Startup/startup.o
 .debug_aranges
                0x00000040       0x20 ./Application_Source/i2c_lcd.o

.debug_line     0x00000000      0x600
 .debug_line    0x00000000      0x1a3 ./Application_Source/main.o
 .debug_line    0x000001a3      0x15e ./Startup/startup.o
 .debug_line    0x00000301      0x2ff ./Application_Source/i2c_lcd.o

.debug_str      0x00000000      0x30f
 .debug_str     0x00000000      0x30f ./Application_Source/main.o
                                0x1aa (size before relaxing)
 .debug_str     0x0000030f        0x0 ./Startup/startup.o
                                0x1ed (size before relaxing)
 .debug_str     0x0000030f        0x0 ./Application_Source/i2c_lcd.o
                                0x26f (size before relaxing)

.comment        0x00000000       0x45
 .comment       0x00000000       0x45 ./Application_Source/main.o
                                 0x46 (size before relaxing)
 .comment       0x00000045        0x0 ./Startup/startup.o
                                 0x46 (size before relaxing)
 .comment       0x00000045        0x0 ./Application_Source/i2c_lcd.o
                                 0x46 (size before relaxing)

.ARM.attributes
                0x00000000       0x2c
 .ARM.attributes
                0x00000000       0x2c ./Application_Source/main.o
 .ARM.attributes
                0x0000002c       0x2c ./Startup/startup.o
 .ARM.attributes
                0x00000058       0x2c ./Application_Source/i2c_lcd.o
 .ARM.attributes
                0x00000084       0x1e D:/Infineon/Softwares/Arm_GNU_Toolchain/bin/../lib/gcc/arm-none-eabi/15.2.1/thumb/v6-m/nofp\libgcc.a(_udivsi3.o)
 .ARM.attributes
                0x000000a2       0x1e D:/Infineon/Softwares/Arm_GNU_Toolchain/bin/../lib/gcc/arm-none-eabi/15.2.1/thumb/v6-m/nofp\libgcc.a(_dvmd_tls.o)
 .ARM.attributes
                0x000000c0       0x2c D:/Infineon/Softwares/Arm_GNU_Toolchain/bin/../lib/gcc/arm-none-eabi/15.2.1/../../../../arm-none-eabi/lib/thumb/v6-m/nofp\libc_nano.a(libc_a-init.o)

.debug_frame    0x00000000      0x380
 .debug_frame   0x00000000       0x6c ./Application_Source/main.o
 .debug_frame   0x0000006c       0x84 ./Startup/startup.o
 .debug_frame   0x000000f0      0x244 ./Application_Source/i2c_lcd.o
 .debug_frame   0x00000334       0x20 D:/Infineon/Softwares/Arm_GNU_Toolchain/bin/../lib/gcc/arm-none-eabi/15.2.1/thumb/v6-m/nofp\libgcc.a(_udivsi3.o)
 .debug_frame   0x00000354       0x2c D:/Infineon/Softwares/Arm_GNU_Toolchain/bin/../lib/gcc/arm-none-eabi/15.2.1/../../../../arm-none-eabi/lib/thumb/v6-m/nofp\libc_nano.a(libc_a-init.o)

.debug_line_str
                0x00000000       0xc9
 .debug_line_str
                0x00000000       0xc9 D:/Infineon/Softwares/Arm_GNU_Toolchain/bin/../lib/gcc/arm-none-eabi/15.2.1/thumb/v6-m/nofp\libgcc.a(_udivsi3.o)
 .debug_line_str
                0x000000c9        0x0 D:/Infineon/Softwares/Arm_GNU_Toolchain/bin/../lib/gcc/arm-none-eabi/15.2.1/thumb/v6-m/nofp\libgcc.a(_dvmd_tls.o)
                                 0xc9 (size before relaxing)
