
bin/BareMetal.elf:     file format elf32-littlearm

Sections:
Idx Name          Size      VMA       LMA       File off  Algn
  0 .text         000009bc  00000000  00000000  00001000  2**2
                  CONTENTS, ALLOC, LOAD, READONLY, CODE
  1 .data         00000004  20000000  000009bc  00002000  2**0
                  CONTENTS, ALLOC, LOAD, DATA
  2 .bss          00000004  20000004  000009c0  00002004  2**2
                  ALLOC
  3 .heap         00000000  20002df0  20002df0  00002004  2**0
                  CONTENTS
  4 .stack        00002ff8  20000008  20000008  00002008  2**0
                  ALLOC
  5 .debug_info   00000758  00000000  00000000  00002004  2**0
                  CONTENTS, READONLY, DEBUGGING, OCTETS
  6 .debug_abbrev 00000394  00000000  00000000  0000275c  2**0
                  CONTENTS, READONLY, DEBUGGING, OCTETS
  7 .debug_aranges 00000060  00000000  00000000  00002af0  2**0
                  CONTENTS, READONLY, DEBUGGING, OCTETS
  8 .debug_line   00000600  00000000  00000000  00002b50  2**0
                  CONTENTS, READONLY, DEBUGGING, OCTETS
  9 .debug_str    0000030f  00000000  00000000  00003150  2**0
                  CONTENTS, READONLY, DEBUGGING, OCTETS
 10 .comment      00000045  00000000  00000000  0000345f  2**0
                  CONTENTS, READONLY
 11 .ARM.attributes 0000002c  00000000  00000000  000034a4  2**0
                  CONTENTS, READONLY
 12 .debug_frame  00000380  00000000  00000000  000034d0  2**2
                  CONTENTS, READONLY, DEBUGGING, OCTETS
 13 .debug_line_str 000000c9  00000000  00000000  00003850  2**0
                  CONTENTS, READONLY, DEBUGGING, OCTETS

Disassembly of section .text:

00000000 <vector_table>:
   0:	00 30 00 20 57 02 00 00 ed 02 00 00 f5 02 00 00     .0. W...........
	...
  2c:	ed 02 00 00 00 00 00 00 00 00 00 00 ed 02 00 00     ................
  3c:	ed 02 00 00 ed 02 00 00 ed 02 00 00 ed 02 00 00     ................
  4c:	ed 02 00 00 ed 02 00 00 ed 02 00 00 ed 02 00 00     ................
  5c:	ed 02 00 00 ed 02 00 00 ed 02 00 00 ed 02 00 00     ................
  6c:	ed 02 00 00 ed 02 00 00 ed 02 00 00 ed 02 00 00     ................
  7c:	ed 02 00 00 ed 02 00 00 ed 02 00 00 ed 02 00 00     ................
  8c:	ed 02 00 00 ed 02 00 00 ed 02 00 00 ed 02 00 00     ................
  9c:	ed 02 00 00 ed 02 00 00 ed 02 00 00 ed 02 00 00     ................
  ac:	ed 02 00 00 00 00 00 00 00 00 00 00 00 00 00 00     ................
  bc:	00 00 00 00                                         ....

000000c0 <Delay>:
/* ================= Variables ================= */
volatile uint32_t tick = 0;

/* ================= Delay ================= */
void Delay(uint32_t d)
{
  c0:	b580      	push	{r7, lr}
  c2:	b082      	sub	sp, #8
  c4:	af00      	add	r7, sp, #0
  c6:	6078      	str	r0, [r7, #4]
    while(d--);
  c8:	46c0      	nop			@ (mov r8, r8)
  ca:	687b      	ldr	r3, [r7, #4]
  cc:	1e5a      	subs	r2, r3, #1
  ce:	607a      	str	r2, [r7, #4]
  d0:	2b00      	cmp	r3, #0
  d2:	d1fa      	bne.n	ca <Delay+0xa>
}
  d4:	46c0      	nop			@ (mov r8, r8)
  d6:	46c0      	nop			@ (mov r8, r8)
  d8:	46bd      	mov	sp, r7
  da:	b002      	add	sp, #8
  dc:	bd80      	pop	{r7, pc}

000000de <GPIO_Init>:


/* ================= GPIO ================= */
void GPIO_Init(void)
{
  de:	b580      	push	{r7, lr}
  e0:	af00      	add	r7, sp, #0
    /* SW1 input pull-up */
    PC3 = (PC3 & ~(7u << 21)) | (2u << 21);
  e2:	4b10      	ldr	r3, [pc, #64]	@ (124 <GPIO_Init+0x46>)
  e4:	681b      	ldr	r3, [r3, #0]
  e6:	4a10      	ldr	r2, [pc, #64]	@ (128 <GPIO_Init+0x4a>)
  e8:	401a      	ands	r2, r3
  ea:	4b0e      	ldr	r3, [pc, #56]	@ (124 <GPIO_Init+0x46>)
  ec:	2180      	movs	r1, #128	@ 0x80
  ee:	03c9      	lsls	r1, r1, #15
  f0:	430a      	orrs	r2, r1
  f2:	601a      	str	r2, [r3, #0]
    DR3 |= (1u << 7);
  f4:	4b0d      	ldr	r3, [pc, #52]	@ (12c <GPIO_Init+0x4e>)
  f6:	681a      	ldr	r2, [r3, #0]
  f8:	4b0c      	ldr	r3, [pc, #48]	@ (12c <GPIO_Init+0x4e>)
  fa:	2180      	movs	r1, #128	@ 0x80
  fc:	430a      	orrs	r2, r1
  fe:	601a      	str	r2, [r3, #0]

    /* LED output */
    PC2 = (PC2 & ~(7u << 6)) | (6u << 6);
 100:	4b0b      	ldr	r3, [pc, #44]	@ (130 <GPIO_Init+0x52>)
 102:	681b      	ldr	r3, [r3, #0]
 104:	4a0b      	ldr	r2, [pc, #44]	@ (134 <GPIO_Init+0x56>)
 106:	401a      	ands	r2, r3
 108:	4b09      	ldr	r3, [pc, #36]	@ (130 <GPIO_Init+0x52>)
 10a:	21c0      	movs	r1, #192	@ 0xc0
 10c:	0049      	lsls	r1, r1, #1
 10e:	430a      	orrs	r2, r1
 110:	601a      	str	r2, [r3, #0]
    DR2 |= (1u << 2);
 112:	4b09      	ldr	r3, [pc, #36]	@ (138 <GPIO_Init+0x5a>)
 114:	681a      	ldr	r2, [r3, #0]
 116:	4b08      	ldr	r3, [pc, #32]	@ (138 <GPIO_Init+0x5a>)
 118:	2104      	movs	r1, #4
 11a:	430a      	orrs	r2, r1
 11c:	601a      	str	r2, [r3, #0]
}
 11e:	46c0      	nop			@ (mov r8, r8)
 120:	46bd      	mov	sp, r7
 122:	bd80      	pop	{r7, pc}
 124:	40040308 	.word	0x40040308
 128:	ff1fffff 	.word	0xff1fffff
 12c:	40040300 	.word	0x40040300
 130:	40040208 	.word	0x40040208
 134:	fffffe3f 	.word	0xfffffe3f
 138:	40040200 	.word	0x40040200

0000013c <main>:

/* ================= Main ================= */
int main(void)
{
 13c:	b580      	push	{r7, lr}
 13e:	b082      	sub	sp, #8
 140:	af00      	add	r7, sp, #0
    GPIO_Init();
 142:	f7ff ffcc 	bl	de <GPIO_Init>
    LCD_Init();
 146:	f000 fab3 	bl	6b0 <LCD_Init>

    LCD_Clear();
 14a:	f000 fb11 	bl	770 <LCD_Clear>
    LCD_SetCursor(0,0);
 14e:	2100      	movs	r1, #0
 150:	2000      	movs	r0, #0
 152:	f000 fb25 	bl	7a0 <LCD_SetCursor>
    LCD_Print(" Digital Dice ");
 156:	4b36      	ldr	r3, [pc, #216]	@ (230 <__HEAP_SIZE+0x30>)
 158:	0018      	movs	r0, r3
 15a:	f000 fb5a 	bl	812 <LCD_Print>

    uint8_t last = 1;
 15e:	1dfb      	adds	r3, r7, #7
 160:	2201      	movs	r2, #1
 162:	701a      	strb	r2, [r3, #0]

    while(1)
    {
        tick++;
 164:	4b33      	ldr	r3, [pc, #204]	@ (234 <__HEAP_SIZE+0x34>)
 166:	681b      	ldr	r3, [r3, #0]
 168:	1c5a      	adds	r2, r3, #1
 16a:	4b32      	ldr	r3, [pc, #200]	@ (234 <__HEAP_SIZE+0x34>)
 16c:	601a      	str	r2, [r3, #0]

        uint8_t sw = READ_SW1();
 16e:	4b32      	ldr	r3, [pc, #200]	@ (238 <__HEAP_SIZE+0x38>)
 170:	681b      	ldr	r3, [r3, #0]
 172:	09db      	lsrs	r3, r3, #7
 174:	b2da      	uxtb	r2, r3
 176:	1dbb      	adds	r3, r7, #6
 178:	2101      	movs	r1, #1
 17a:	400a      	ands	r2, r1
 17c:	701a      	strb	r2, [r3, #0]

        if(sw == 0 && last == 1)
 17e:	1dbb      	adds	r3, r7, #6
 180:	781b      	ldrb	r3, [r3, #0]
 182:	2b00      	cmp	r3, #0
 184:	d14e      	bne.n	224 <__HEAP_SIZE+0x24>
 186:	1dfb      	adds	r3, r7, #7
 188:	781b      	ldrb	r3, [r3, #0]
 18a:	2b01      	cmp	r3, #1
 18c:	d14a      	bne.n	224 <__HEAP_SIZE+0x24>
        {
            Delay(20000);
 18e:	4b2b      	ldr	r3, [pc, #172]	@ (23c <__HEAP_SIZE+0x3c>)
 190:	0018      	movs	r0, r3
 192:	f7ff ff95 	bl	c0 <Delay>

            if(READ_SW1() == 0)
 196:	4b28      	ldr	r3, [pc, #160]	@ (238 <__HEAP_SIZE+0x38>)
 198:	681b      	ldr	r3, [r3, #0]
 19a:	09db      	lsrs	r3, r3, #7
 19c:	2201      	movs	r2, #1
 19e:	4013      	ands	r3, r2
 1a0:	d140      	bne.n	224 <__HEAP_SIZE+0x24>
            {
                uint8_t dice = (tick % 6) + 1;
 1a2:	4b24      	ldr	r3, [pc, #144]	@ (234 <__HEAP_SIZE+0x34>)
 1a4:	681b      	ldr	r3, [r3, #0]
 1a6:	2106      	movs	r1, #6
 1a8:	0018      	movs	r0, r3
 1aa:	f000 fbcd 	bl	948 <__aeabi_uidivmod>
 1ae:	000b      	movs	r3, r1
 1b0:	b2da      	uxtb	r2, r3
 1b2:	1d7b      	adds	r3, r7, #5
 1b4:	3201      	adds	r2, #1
 1b6:	701a      	strb	r2, [r3, #0]

                /* LED blink */
                LED_ON();
 1b8:	4b21      	ldr	r3, [pc, #132]	@ (240 <__HEAP_SIZE+0x40>)
 1ba:	681a      	ldr	r2, [r3, #0]
 1bc:	4b20      	ldr	r3, [pc, #128]	@ (240 <__HEAP_SIZE+0x40>)
 1be:	2104      	movs	r1, #4
 1c0:	438a      	bics	r2, r1
 1c2:	601a      	str	r2, [r3, #0]
                Delay(30000);
 1c4:	4b1f      	ldr	r3, [pc, #124]	@ (244 <__HEAP_SIZE+0x44>)
 1c6:	0018      	movs	r0, r3
 1c8:	f7ff ff7a 	bl	c0 <Delay>
                LED_OFF();
 1cc:	4b1c      	ldr	r3, [pc, #112]	@ (240 <__HEAP_SIZE+0x40>)
 1ce:	681a      	ldr	r2, [r3, #0]
 1d0:	4b1b      	ldr	r3, [pc, #108]	@ (240 <__HEAP_SIZE+0x40>)
 1d2:	2104      	movs	r1, #4
 1d4:	430a      	orrs	r2, r1
 1d6:	601a      	str	r2, [r3, #0]

                /* LCD display */
                LCD_Clear();
 1d8:	f000 faca 	bl	770 <LCD_Clear>
                LCD_SetCursor(0,0);
 1dc:	2100      	movs	r1, #0
 1de:	2000      	movs	r0, #0
 1e0:	f000 fade 	bl	7a0 <LCD_SetCursor>
                LCD_Print(" Roll Result ");
 1e4:	4b18      	ldr	r3, [pc, #96]	@ (248 <__HEAP_SIZE+0x48>)
 1e6:	0018      	movs	r0, r3
 1e8:	f000 fb13 	bl	812 <LCD_Print>

                LCD_SetCursor(1,0);
 1ec:	2100      	movs	r1, #0
 1ee:	2001      	movs	r0, #1
 1f0:	f000 fad6 	bl	7a0 <LCD_SetCursor>

                char num[2];
                num[0] = '0' + dice;
 1f4:	1d7b      	adds	r3, r7, #5
 1f6:	781b      	ldrb	r3, [r3, #0]
 1f8:	3330      	adds	r3, #48	@ 0x30
 1fa:	b2da      	uxtb	r2, r3
 1fc:	003b      	movs	r3, r7
 1fe:	701a      	strb	r2, [r3, #0]
                num[1] = '\0';
 200:	003b      	movs	r3, r7
 202:	2200      	movs	r2, #0
 204:	705a      	strb	r2, [r3, #1]

                LCD_Print(num);
 206:	003b      	movs	r3, r7
 208:	0018      	movs	r0, r3
 20a:	f000 fb02 	bl	812 <LCD_Print>

                while(READ_SW1() == 0);
 20e:	46c0      	nop			@ (mov r8, r8)
 210:	4b09      	ldr	r3, [pc, #36]	@ (238 <__HEAP_SIZE+0x38>)
 212:	681b      	ldr	r3, [r3, #0]
 214:	09db      	lsrs	r3, r3, #7
 216:	2201      	movs	r2, #1
 218:	4013      	ands	r3, r2
 21a:	d0f9      	beq.n	210 <__HEAP_SIZE+0x10>
                Delay(20000);
 21c:	4b07      	ldr	r3, [pc, #28]	@ (23c <__HEAP_SIZE+0x3c>)
 21e:	0018      	movs	r0, r3
 220:	f7ff ff4e 	bl	c0 <Delay>
            }
        }

        last = sw;
 224:	1dfb      	adds	r3, r7, #7
 226:	1dba      	adds	r2, r7, #6
 228:	7812      	ldrb	r2, [r2, #0]
 22a:	701a      	strb	r2, [r3, #0]
    {
 22c:	e79a      	b.n	164 <main+0x28>
 22e:	46c0      	nop			@ (mov r8, r8)
 230:	0000099c 	.word	0x0000099c
 234:	20000004 	.word	0x20000004
 238:	40040304 	.word	0x40040304
 23c:	00004e20 	.word	0x00004e20
 240:	40040200 	.word	0x40040200
 244:	00007530 	.word	0x00007530
 248:	000009ac 	.word	0x000009ac

0000024c <_init>:

extern uint32_t __stack_Start__;
extern uint32_t __STACK_START;
extern uint32_t __STACK_END;

extern void _init(void) {;}
 24c:	b580      	push	{r7, lr}
 24e:	af00      	add	r7, sp, #0
 250:	46c0      	nop			@ (mov r8, r8)
 252:	46bd      	mov	sp, r7
 254:	bd80      	pop	{r7, pc}

00000256 <Reset_handler>:
    (uint32_t)can_interrupt_can_IRQHandler,             /*  26 CAN Interrupt */
    (uint32_t)crypto_interrupt_IRQHandler               /*  27 Crypto Interrupt */
};

void Reset_handler(void)
{
 256:	b580      	push	{r7, lr}
 258:	b086      	sub	sp, #24
 25a:	af00      	add	r7, sp, #0
    //disable watchdog
    (*(uint32_t *) CYREG_WDT_DISABLE_KEY) = CY_SYS_WDT_KEY;
 25c:	4b1c      	ldr	r3, [pc, #112]	@ (2d0 <Reset_handler+0x7a>)
 25e:	4a1d      	ldr	r2, [pc, #116]	@ (2d4 <Reset_handler+0x7e>)
 260:	601a      	str	r2, [r3, #0]

    //copy .data section to SRAM
    uint32_t size = &__data_end - &__data_start;
 262:	4a1d      	ldr	r2, [pc, #116]	@ (2d8 <Reset_handler+0x82>)
 264:	4b1d      	ldr	r3, [pc, #116]	@ (2dc <Reset_handler+0x86>)
 266:	1ad3      	subs	r3, r2, r3
 268:	109b      	asrs	r3, r3, #2
 26a:	607b      	str	r3, [r7, #4]
    uint32_t *pDst = (uint32_t*)&__data_start;
 26c:	4b1b      	ldr	r3, [pc, #108]	@ (2dc <Reset_handler+0x86>)
 26e:	617b      	str	r3, [r7, #20]
    uint32_t *pSrc = (uint32_t*)&_la_data;
 270:	4b1b      	ldr	r3, [pc, #108]	@ (2e0 <Reset_handler+0x8a>)
 272:	613b      	str	r3, [r7, #16]

    for(uint32_t i = 0; i< size; i++)
 274:	2300      	movs	r3, #0
 276:	60fb      	str	r3, [r7, #12]
 278:	e00a      	b.n	290 <Reset_handler+0x3a>
    {
        *pDst++ = *pSrc++;
 27a:	693a      	ldr	r2, [r7, #16]
 27c:	1d13      	adds	r3, r2, #4
 27e:	613b      	str	r3, [r7, #16]
 280:	697b      	ldr	r3, [r7, #20]
 282:	1d19      	adds	r1, r3, #4
 284:	6179      	str	r1, [r7, #20]
 286:	6812      	ldr	r2, [r2, #0]
 288:	601a      	str	r2, [r3, #0]
    for(uint32_t i = 0; i< size; i++)
 28a:	68fb      	ldr	r3, [r7, #12]
 28c:	3301      	adds	r3, #1
 28e:	60fb      	str	r3, [r7, #12]
 290:	68fa      	ldr	r2, [r7, #12]
 292:	687b      	ldr	r3, [r7, #4]
 294:	429a      	cmp	r2, r3
 296:	d3f0      	bcc.n	27a <Reset_handler+0x24>
    }
    //int the .bss section to zero in SRAM
    size = &__bss_end__ - &__bss_start__;
 298:	4a12      	ldr	r2, [pc, #72]	@ (2e4 <Reset_handler+0x8e>)
 29a:	4b13      	ldr	r3, [pc, #76]	@ (2e8 <Reset_handler+0x92>)
 29c:	1ad3      	subs	r3, r2, r3
 29e:	109b      	asrs	r3, r3, #2
 2a0:	607b      	str	r3, [r7, #4]
    pDst = (uint32_t*)&__bss_start__;
 2a2:	4b11      	ldr	r3, [pc, #68]	@ (2e8 <Reset_handler+0x92>)
 2a4:	617b      	str	r3, [r7, #20]

    for(uint32_t i = 0; i< size; i++)
 2a6:	2300      	movs	r3, #0
 2a8:	60bb      	str	r3, [r7, #8]
 2aa:	e007      	b.n	2bc <Reset_handler+0x66>
    {
        *pDst++ = 0;
 2ac:	697b      	ldr	r3, [r7, #20]
 2ae:	1d1a      	adds	r2, r3, #4
 2b0:	617a      	str	r2, [r7, #20]
 2b2:	2200      	movs	r2, #0
 2b4:	601a      	str	r2, [r3, #0]
    for(uint32_t i = 0; i< size; i++)
 2b6:	68bb      	ldr	r3, [r7, #8]
 2b8:	3301      	adds	r3, #1
 2ba:	60bb      	str	r3, [r7, #8]
 2bc:	68ba      	ldr	r2, [r7, #8]
 2be:	687b      	ldr	r3, [r7, #4]
 2c0:	429a      	cmp	r2, r3
 2c2:	d3f3      	bcc.n	2ac <Reset_handler+0x56>
    }

    // Init C std libs
    __libc_init_array();
 2c4:	f000 fb46 	bl	954 <__libc_init_array>

    //call main()
    main();
 2c8:	f7ff ff38 	bl	13c <main>

    while (1)
 2cc:	46c0      	nop			@ (mov r8, r8)
 2ce:	e7fd      	b.n	2cc <Reset_handler+0x76>
 2d0:	40030038 	.word	0x40030038
 2d4:	aced8865 	.word	0xaced8865
 2d8:	20000004 	.word	0x20000004
 2dc:	20000000 	.word	0x20000000
 2e0:	000009bc 	.word	0x000009bc
 2e4:	20000008 	.word	0x20000008
 2e8:	20000004 	.word	0x20000004

000002ec <Default_Handler>:

/*----------------------------------------------------------------------------
  Default Handler for Exceptions / Interrupts
 *----------------------------------------------------------------------------*/
void Default_Handler(void)
{
 2ec:	b580      	push	{r7, lr}
 2ee:	af00      	add	r7, sp, #0
    while(1);
 2f0:	46c0      	nop			@ (mov r8, r8)
 2f2:	e7fd      	b.n	2f0 <Default_Handler+0x4>

000002f4 <HRDFLT_Handler>:

/*----------------------------------------------------------------------------
  Default Handler for Hard Fault
 *----------------------------------------------------------------------------*/
void HRDFLT_Handler(void)
{
 2f4:	b580      	push	{r7, lr}
 2f6:	af00      	add	r7, sp, #0
    while (1)
 2f8:	46c0      	nop			@ (mov r8, r8)
 2fa:	e7fd      	b.n	2f8 <HRDFLT_Handler+0x4>

000002fc <i2c_delay>:
#define SCL_LOW()   (DR3 &= ~(1u << SCL_PIN))
#define SDA_HIGH()  (DR3 |=  (1u << SDA_PIN))
#define SDA_LOW()   (DR3 &= ~(1u << SDA_PIN))

static void i2c_delay(void)
{
 2fc:	b580      	push	{r7, lr}
 2fe:	b082      	sub	sp, #8
 300:	af00      	add	r7, sp, #0
    for (volatile uint32_t i = 0; i < 50; i++);
 302:	2300      	movs	r3, #0
 304:	607b      	str	r3, [r7, #4]
 306:	e002      	b.n	30e <i2c_delay+0x12>
 308:	687b      	ldr	r3, [r7, #4]
 30a:	3301      	adds	r3, #1
 30c:	607b      	str	r3, [r7, #4]
 30e:	687b      	ldr	r3, [r7, #4]
 310:	2b31      	cmp	r3, #49	@ 0x31
 312:	d9f9      	bls.n	308 <i2c_delay+0xc>
}
 314:	46c0      	nop			@ (mov r8, r8)
 316:	46c0      	nop			@ (mov r8, r8)
 318:	46bd      	mov	sp, r7
 31a:	b002      	add	sp, #8
 31c:	bd80      	pop	{r7, pc}

0000031e <i2c_init_pins>:

static void i2c_init_pins(void)
{
 31e:	b580      	push	{r7, lr}
 320:	af00      	add	r7, sp, #0
    /* P3.0 SCL, P3.1 SDA: Open-drain (drive mode 4 = open-drain drives low) */
    /* PC bits: 3 bits per pin. Pin0 = bits[2:0], Pin1 = bits[5:3] */
    PC3 = (PC3 & ~(0x3Fu)) | (4u << 0) | (4u << 3);
 322:	4b09      	ldr	r3, [pc, #36]	@ (348 <i2c_init_pins+0x2a>)
 324:	681b      	ldr	r3, [r3, #0]
 326:	223f      	movs	r2, #63	@ 0x3f
 328:	4393      	bics	r3, r2
 32a:	001a      	movs	r2, r3
 32c:	4b06      	ldr	r3, [pc, #24]	@ (348 <i2c_init_pins+0x2a>)
 32e:	2124      	movs	r1, #36	@ 0x24
 330:	430a      	orrs	r2, r1
 332:	601a      	str	r2, [r3, #0]
    DR3 |= (1u << SCL_PIN) | (1u << SDA_PIN); /* both high */
 334:	4b05      	ldr	r3, [pc, #20]	@ (34c <i2c_init_pins+0x2e>)
 336:	681a      	ldr	r2, [r3, #0]
 338:	4b04      	ldr	r3, [pc, #16]	@ (34c <i2c_init_pins+0x2e>)
 33a:	2103      	movs	r1, #3
 33c:	430a      	orrs	r2, r1
 33e:	601a      	str	r2, [r3, #0]
}
 340:	46c0      	nop			@ (mov r8, r8)
 342:	46bd      	mov	sp, r7
 344:	bd80      	pop	{r7, pc}
 346:	46c0      	nop			@ (mov r8, r8)
 348:	40040308 	.word	0x40040308
 34c:	40040300 	.word	0x40040300

00000350 <i2c_start>:

static void i2c_start(void)
{
 350:	b580      	push	{r7, lr}
 352:	af00      	add	r7, sp, #0
    SDA_HIGH(); SCL_HIGH(); i2c_delay();
 354:	4b10      	ldr	r3, [pc, #64]	@ (398 <i2c_start+0x48>)
 356:	681a      	ldr	r2, [r3, #0]
 358:	4b0f      	ldr	r3, [pc, #60]	@ (398 <i2c_start+0x48>)
 35a:	2102      	movs	r1, #2
 35c:	430a      	orrs	r2, r1
 35e:	601a      	str	r2, [r3, #0]
 360:	4b0d      	ldr	r3, [pc, #52]	@ (398 <i2c_start+0x48>)
 362:	681a      	ldr	r2, [r3, #0]
 364:	4b0c      	ldr	r3, [pc, #48]	@ (398 <i2c_start+0x48>)
 366:	2101      	movs	r1, #1
 368:	430a      	orrs	r2, r1
 36a:	601a      	str	r2, [r3, #0]
 36c:	f7ff ffc6 	bl	2fc <i2c_delay>
    SDA_LOW();  i2c_delay();
 370:	4b09      	ldr	r3, [pc, #36]	@ (398 <i2c_start+0x48>)
 372:	681a      	ldr	r2, [r3, #0]
 374:	4b08      	ldr	r3, [pc, #32]	@ (398 <i2c_start+0x48>)
 376:	2102      	movs	r1, #2
 378:	438a      	bics	r2, r1
 37a:	601a      	str	r2, [r3, #0]
 37c:	f7ff ffbe 	bl	2fc <i2c_delay>
    SCL_LOW();  i2c_delay();
 380:	4b05      	ldr	r3, [pc, #20]	@ (398 <i2c_start+0x48>)
 382:	681a      	ldr	r2, [r3, #0]
 384:	4b04      	ldr	r3, [pc, #16]	@ (398 <i2c_start+0x48>)
 386:	2101      	movs	r1, #1
 388:	438a      	bics	r2, r1
 38a:	601a      	str	r2, [r3, #0]
 38c:	f7ff ffb6 	bl	2fc <i2c_delay>
}
 390:	46c0      	nop			@ (mov r8, r8)
 392:	46bd      	mov	sp, r7
 394:	bd80      	pop	{r7, pc}
 396:	46c0      	nop			@ (mov r8, r8)
 398:	40040300 	.word	0x40040300

0000039c <i2c_stop>:

static void i2c_stop(void)
{
 39c:	b580      	push	{r7, lr}
 39e:	af00      	add	r7, sp, #0
    SDA_LOW();  i2c_delay();
 3a0:	4b0d      	ldr	r3, [pc, #52]	@ (3d8 <i2c_stop+0x3c>)
 3a2:	681a      	ldr	r2, [r3, #0]
 3a4:	4b0c      	ldr	r3, [pc, #48]	@ (3d8 <i2c_stop+0x3c>)
 3a6:	2102      	movs	r1, #2
 3a8:	438a      	bics	r2, r1
 3aa:	601a      	str	r2, [r3, #0]
 3ac:	f7ff ffa6 	bl	2fc <i2c_delay>
    SCL_HIGH(); i2c_delay();
 3b0:	4b09      	ldr	r3, [pc, #36]	@ (3d8 <i2c_stop+0x3c>)
 3b2:	681a      	ldr	r2, [r3, #0]
 3b4:	4b08      	ldr	r3, [pc, #32]	@ (3d8 <i2c_stop+0x3c>)
 3b6:	2101      	movs	r1, #1
 3b8:	430a      	orrs	r2, r1
 3ba:	601a      	str	r2, [r3, #0]
 3bc:	f7ff ff9e 	bl	2fc <i2c_delay>
    SDA_HIGH(); i2c_delay();
 3c0:	4b05      	ldr	r3, [pc, #20]	@ (3d8 <i2c_stop+0x3c>)
 3c2:	681a      	ldr	r2, [r3, #0]
 3c4:	4b04      	ldr	r3, [pc, #16]	@ (3d8 <i2c_stop+0x3c>)
 3c6:	2102      	movs	r1, #2
 3c8:	430a      	orrs	r2, r1
 3ca:	601a      	str	r2, [r3, #0]
 3cc:	f7ff ff96 	bl	2fc <i2c_delay>
}
 3d0:	46c0      	nop			@ (mov r8, r8)
 3d2:	46bd      	mov	sp, r7
 3d4:	bd80      	pop	{r7, pc}
 3d6:	46c0      	nop			@ (mov r8, r8)
 3d8:	40040300 	.word	0x40040300

000003dc <i2c_write_bit>:

static void i2c_write_bit(uint8_t bit)
{
 3dc:	b580      	push	{r7, lr}
 3de:	b082      	sub	sp, #8
 3e0:	af00      	add	r7, sp, #0
 3e2:	0002      	movs	r2, r0
 3e4:	1dfb      	adds	r3, r7, #7
 3e6:	701a      	strb	r2, [r3, #0]
    if (bit) SDA_HIGH(); else SDA_LOW();
 3e8:	1dfb      	adds	r3, r7, #7
 3ea:	781b      	ldrb	r3, [r3, #0]
 3ec:	2b00      	cmp	r3, #0
 3ee:	d006      	beq.n	3fe <i2c_write_bit+0x22>
 3f0:	4b11      	ldr	r3, [pc, #68]	@ (438 <i2c_write_bit+0x5c>)
 3f2:	681a      	ldr	r2, [r3, #0]
 3f4:	4b10      	ldr	r3, [pc, #64]	@ (438 <i2c_write_bit+0x5c>)
 3f6:	2102      	movs	r1, #2
 3f8:	430a      	orrs	r2, r1
 3fa:	601a      	str	r2, [r3, #0]
 3fc:	e005      	b.n	40a <i2c_write_bit+0x2e>
 3fe:	4b0e      	ldr	r3, [pc, #56]	@ (438 <i2c_write_bit+0x5c>)
 400:	681a      	ldr	r2, [r3, #0]
 402:	4b0d      	ldr	r3, [pc, #52]	@ (438 <i2c_write_bit+0x5c>)
 404:	2102      	movs	r1, #2
 406:	438a      	bics	r2, r1
 408:	601a      	str	r2, [r3, #0]
    i2c_delay();
 40a:	f7ff ff77 	bl	2fc <i2c_delay>
    SCL_HIGH(); i2c_delay();
 40e:	4b0a      	ldr	r3, [pc, #40]	@ (438 <i2c_write_bit+0x5c>)
 410:	681a      	ldr	r2, [r3, #0]
 412:	4b09      	ldr	r3, [pc, #36]	@ (438 <i2c_write_bit+0x5c>)
 414:	2101      	movs	r1, #1
 416:	430a      	orrs	r2, r1
 418:	601a      	str	r2, [r3, #0]
 41a:	f7ff ff6f 	bl	2fc <i2c_delay>
    SCL_LOW();  i2c_delay();
 41e:	4b06      	ldr	r3, [pc, #24]	@ (438 <i2c_write_bit+0x5c>)
 420:	681a      	ldr	r2, [r3, #0]
 422:	4b05      	ldr	r3, [pc, #20]	@ (438 <i2c_write_bit+0x5c>)
 424:	2101      	movs	r1, #1
 426:	438a      	bics	r2, r1
 428:	601a      	str	r2, [r3, #0]
 42a:	f7ff ff67 	bl	2fc <i2c_delay>
}
 42e:	46c0      	nop			@ (mov r8, r8)
 430:	46bd      	mov	sp, r7
 432:	b002      	add	sp, #8
 434:	bd80      	pop	{r7, pc}
 436:	46c0      	nop			@ (mov r8, r8)
 438:	40040300 	.word	0x40040300

0000043c <i2c_read_ack>:

static uint8_t i2c_read_ack(void)
{
 43c:	b580      	push	{r7, lr}
 43e:	b082      	sub	sp, #8
 440:	af00      	add	r7, sp, #0
    SDA_HIGH(); i2c_delay();
 442:	4b15      	ldr	r3, [pc, #84]	@ (498 <i2c_read_ack+0x5c>)
 444:	681a      	ldr	r2, [r3, #0]
 446:	4b14      	ldr	r3, [pc, #80]	@ (498 <i2c_read_ack+0x5c>)
 448:	2102      	movs	r1, #2
 44a:	430a      	orrs	r2, r1
 44c:	601a      	str	r2, [r3, #0]
 44e:	f7ff ff55 	bl	2fc <i2c_delay>
    SCL_HIGH(); i2c_delay();
 452:	4b11      	ldr	r3, [pc, #68]	@ (498 <i2c_read_ack+0x5c>)
 454:	681a      	ldr	r2, [r3, #0]
 456:	4b10      	ldr	r3, [pc, #64]	@ (498 <i2c_read_ack+0x5c>)
 458:	2101      	movs	r1, #1
 45a:	430a      	orrs	r2, r1
 45c:	601a      	str	r2, [r3, #0]
 45e:	f7ff ff4d 	bl	2fc <i2c_delay>
    uint8_t ack = !((PS3 >> SDA_PIN) & 1u); /* ACK = SDA pulled low by slave */
 462:	4b0e      	ldr	r3, [pc, #56]	@ (49c <i2c_read_ack+0x60>)
 464:	681b      	ldr	r3, [r3, #0]
 466:	085b      	lsrs	r3, r3, #1
 468:	2201      	movs	r2, #1
 46a:	4013      	ands	r3, r2
 46c:	07db      	lsls	r3, r3, #31
 46e:	0fdb      	lsrs	r3, r3, #31
 470:	2201      	movs	r2, #1
 472:	4053      	eors	r3, r2
 474:	b2da      	uxtb	r2, r3
 476:	1dfb      	adds	r3, r7, #7
 478:	701a      	strb	r2, [r3, #0]
    SCL_LOW();  i2c_delay();
 47a:	4b07      	ldr	r3, [pc, #28]	@ (498 <i2c_read_ack+0x5c>)
 47c:	681a      	ldr	r2, [r3, #0]
 47e:	4b06      	ldr	r3, [pc, #24]	@ (498 <i2c_read_ack+0x5c>)
 480:	2101      	movs	r1, #1
 482:	438a      	bics	r2, r1
 484:	601a      	str	r2, [r3, #0]
 486:	f7ff ff39 	bl	2fc <i2c_delay>
    return ack;
 48a:	1dfb      	adds	r3, r7, #7
 48c:	781b      	ldrb	r3, [r3, #0]
}
 48e:	0018      	movs	r0, r3
 490:	46bd      	mov	sp, r7
 492:	b002      	add	sp, #8
 494:	bd80      	pop	{r7, pc}
 496:	46c0      	nop			@ (mov r8, r8)
 498:	40040300 	.word	0x40040300
 49c:	40040304 	.word	0x40040304

000004a0 <i2c_write_byte>:

static void i2c_write_byte(uint8_t byte)
{
 4a0:	b590      	push	{r4, r7, lr}
 4a2:	b085      	sub	sp, #20
 4a4:	af00      	add	r7, sp, #0
 4a6:	0002      	movs	r2, r0
 4a8:	1dfb      	adds	r3, r7, #7
 4aa:	701a      	strb	r2, [r3, #0]
    for (int8_t i = 7; i >= 0; i--)
 4ac:	230f      	movs	r3, #15
 4ae:	18fb      	adds	r3, r7, r3
 4b0:	2207      	movs	r2, #7
 4b2:	701a      	strb	r2, [r3, #0]
 4b4:	e016      	b.n	4e4 <i2c_write_byte+0x44>
        i2c_write_bit((byte >> i) & 1u);
 4b6:	1dfb      	adds	r3, r7, #7
 4b8:	781a      	ldrb	r2, [r3, #0]
 4ba:	240f      	movs	r4, #15
 4bc:	193b      	adds	r3, r7, r4
 4be:	781b      	ldrb	r3, [r3, #0]
 4c0:	b25b      	sxtb	r3, r3
 4c2:	411a      	asrs	r2, r3
 4c4:	0013      	movs	r3, r2
 4c6:	b2db      	uxtb	r3, r3
 4c8:	2201      	movs	r2, #1
 4ca:	4013      	ands	r3, r2
 4cc:	b2db      	uxtb	r3, r3
 4ce:	0018      	movs	r0, r3
 4d0:	f7ff ff84 	bl	3dc <i2c_write_bit>
    for (int8_t i = 7; i >= 0; i--)
 4d4:	193b      	adds	r3, r7, r4
 4d6:	781b      	ldrb	r3, [r3, #0]
 4d8:	b25b      	sxtb	r3, r3
 4da:	b2db      	uxtb	r3, r3
 4dc:	3b01      	subs	r3, #1
 4de:	b2da      	uxtb	r2, r3
 4e0:	193b      	adds	r3, r7, r4
 4e2:	701a      	strb	r2, [r3, #0]
 4e4:	230f      	movs	r3, #15
 4e6:	18fb      	adds	r3, r7, r3
 4e8:	781b      	ldrb	r3, [r3, #0]
 4ea:	2b7f      	cmp	r3, #127	@ 0x7f
 4ec:	d9e3      	bls.n	4b6 <i2c_write_byte+0x16>
    i2c_read_ack(); /* read and discard ACK */
 4ee:	f7ff ffa5 	bl	43c <i2c_read_ack>
}
 4f2:	46c0      	nop			@ (mov r8, r8)
 4f4:	46bd      	mov	sp, r7
 4f6:	b005      	add	sp, #20
 4f8:	bd90      	pop	{r4, r7, pc}

000004fa <pcf8574_write>:

static void pcf8574_write(uint8_t data)
{
 4fa:	b580      	push	{r7, lr}
 4fc:	b082      	sub	sp, #8
 4fe:	af00      	add	r7, sp, #0
 500:	0002      	movs	r2, r0
 502:	1dfb      	adds	r3, r7, #7
 504:	701a      	strb	r2, [r3, #0]
    i2c_start();
 506:	f7ff ff23 	bl	350 <i2c_start>
    i2c_write_byte((LCD_I2C_ADDR << 1) | 0u); /* write mode */
 50a:	204e      	movs	r0, #78	@ 0x4e
 50c:	f7ff ffc8 	bl	4a0 <i2c_write_byte>
    i2c_write_byte(data);
 510:	1dfb      	adds	r3, r7, #7
 512:	781b      	ldrb	r3, [r3, #0]
 514:	0018      	movs	r0, r3
 516:	f7ff ffc3 	bl	4a0 <i2c_write_byte>
    i2c_stop();
 51a:	f7ff ff3f 	bl	39c <i2c_stop>
}
 51e:	46c0      	nop			@ (mov r8, r8)
 520:	46bd      	mov	sp, r7
 522:	b002      	add	sp, #8
 524:	bd80      	pop	{r7, pc}

00000526 <lcd_pulse_enable>:
/*  HD44780 via PCF8574 (4-bit mode)                                   */
/* ------------------------------------------------------------------ */
static uint8_t backlight = LCD_BL;

static void lcd_pulse_enable(uint8_t data)
{
 526:	b580      	push	{r7, lr}
 528:	b082      	sub	sp, #8
 52a:	af00      	add	r7, sp, #0
 52c:	0002      	movs	r2, r0
 52e:	1dfb      	adds	r3, r7, #7
 530:	701a      	strb	r2, [r3, #0]
    pcf8574_write(data | LCD_EN);
 532:	1dfb      	adds	r3, r7, #7
 534:	781b      	ldrb	r3, [r3, #0]
 536:	2204      	movs	r2, #4
 538:	4313      	orrs	r3, r2
 53a:	b2db      	uxtb	r3, r3
 53c:	0018      	movs	r0, r3
 53e:	f7ff ffdc 	bl	4fa <pcf8574_write>
    i2c_delay();
 542:	f7ff fedb 	bl	2fc <i2c_delay>
    pcf8574_write(data & ~LCD_EN);
 546:	1dfb      	adds	r3, r7, #7
 548:	781b      	ldrb	r3, [r3, #0]
 54a:	2204      	movs	r2, #4
 54c:	4393      	bics	r3, r2
 54e:	b2db      	uxtb	r3, r3
 550:	0018      	movs	r0, r3
 552:	f7ff ffd2 	bl	4fa <pcf8574_write>
    i2c_delay();
 556:	f7ff fed1 	bl	2fc <i2c_delay>
}
 55a:	46c0      	nop			@ (mov r8, r8)
 55c:	46bd      	mov	sp, r7
 55e:	b002      	add	sp, #8
 560:	bd80      	pop	{r7, pc}

00000562 <lcd_send_nibble>:

static void lcd_send_nibble(uint8_t nibble, uint8_t mode)
{
 562:	b580      	push	{r7, lr}
 564:	b084      	sub	sp, #16
 566:	af00      	add	r7, sp, #0
 568:	0002      	movs	r2, r0
 56a:	1dfb      	adds	r3, r7, #7
 56c:	701a      	strb	r2, [r3, #0]
 56e:	1dbb      	adds	r3, r7, #6
 570:	1c0a      	adds	r2, r1, #0
 572:	701a      	strb	r2, [r3, #0]
    uint8_t data = backlight | mode;
 574:	4b26      	ldr	r3, [pc, #152]	@ (610 <lcd_send_nibble+0xae>)
 576:	7819      	ldrb	r1, [r3, #0]
 578:	200f      	movs	r0, #15
 57a:	183b      	adds	r3, r7, r0
 57c:	1dba      	adds	r2, r7, #6
 57e:	7812      	ldrb	r2, [r2, #0]
 580:	430a      	orrs	r2, r1
 582:	701a      	strb	r2, [r3, #0]
    data |= ((nibble & 0x08) ? LCD_D7 : 0);
 584:	1dfb      	adds	r3, r7, #7
 586:	781b      	ldrb	r3, [r3, #0]
 588:	b25b      	sxtb	r3, r3
 58a:	011b      	lsls	r3, r3, #4
 58c:	b25b      	sxtb	r3, r3
 58e:	227f      	movs	r2, #127	@ 0x7f
 590:	4393      	bics	r3, r2
 592:	b25a      	sxtb	r2, r3
 594:	0001      	movs	r1, r0
 596:	187b      	adds	r3, r7, r1
 598:	781b      	ldrb	r3, [r3, #0]
 59a:	b25b      	sxtb	r3, r3
 59c:	4313      	orrs	r3, r2
 59e:	b25a      	sxtb	r2, r3
 5a0:	187b      	adds	r3, r7, r1
 5a2:	701a      	strb	r2, [r3, #0]
    data |= ((nibble & 0x04) ? LCD_D6 : 0);
 5a4:	1dfb      	adds	r3, r7, #7
 5a6:	781b      	ldrb	r3, [r3, #0]
 5a8:	b25b      	sxtb	r3, r3
 5aa:	011b      	lsls	r3, r3, #4
 5ac:	b25b      	sxtb	r3, r3
 5ae:	2240      	movs	r2, #64	@ 0x40
 5b0:	4013      	ands	r3, r2
 5b2:	b25a      	sxtb	r2, r3
 5b4:	187b      	adds	r3, r7, r1
 5b6:	781b      	ldrb	r3, [r3, #0]
 5b8:	b25b      	sxtb	r3, r3
 5ba:	4313      	orrs	r3, r2
 5bc:	b25a      	sxtb	r2, r3
 5be:	187b      	adds	r3, r7, r1
 5c0:	701a      	strb	r2, [r3, #0]
    data |= ((nibble & 0x02) ? LCD_D5 : 0);
 5c2:	1dfb      	adds	r3, r7, #7
 5c4:	781b      	ldrb	r3, [r3, #0]
 5c6:	b25b      	sxtb	r3, r3
 5c8:	011b      	lsls	r3, r3, #4
 5ca:	b25b      	sxtb	r3, r3
 5cc:	2220      	movs	r2, #32
 5ce:	4013      	ands	r3, r2
 5d0:	b25a      	sxtb	r2, r3
 5d2:	187b      	adds	r3, r7, r1
 5d4:	781b      	ldrb	r3, [r3, #0]
 5d6:	b25b      	sxtb	r3, r3
 5d8:	4313      	orrs	r3, r2
 5da:	b25a      	sxtb	r2, r3
 5dc:	187b      	adds	r3, r7, r1
 5de:	701a      	strb	r2, [r3, #0]
    data |= ((nibble & 0x01) ? LCD_D4 : 0);
 5e0:	1dfb      	adds	r3, r7, #7
 5e2:	781b      	ldrb	r3, [r3, #0]
 5e4:	b25b      	sxtb	r3, r3
 5e6:	011b      	lsls	r3, r3, #4
 5e8:	b25b      	sxtb	r3, r3
 5ea:	2210      	movs	r2, #16
 5ec:	4013      	ands	r3, r2
 5ee:	b25a      	sxtb	r2, r3
 5f0:	187b      	adds	r3, r7, r1
 5f2:	781b      	ldrb	r3, [r3, #0]
 5f4:	b25b      	sxtb	r3, r3
 5f6:	4313      	orrs	r3, r2
 5f8:	b25a      	sxtb	r2, r3
 5fa:	187b      	adds	r3, r7, r1
 5fc:	701a      	strb	r2, [r3, #0]
    lcd_pulse_enable(data);
 5fe:	187b      	adds	r3, r7, r1
 600:	781b      	ldrb	r3, [r3, #0]
 602:	0018      	movs	r0, r3
 604:	f7ff ff8f 	bl	526 <lcd_pulse_enable>
}
 608:	46c0      	nop			@ (mov r8, r8)
 60a:	46bd      	mov	sp, r7
 60c:	b004      	add	sp, #16
 60e:	bd80      	pop	{r7, pc}
 610:	20000000 	.word	0x20000000

00000614 <lcd_send_byte>:

static void lcd_send_byte(uint8_t byte, uint8_t mode)
{
 614:	b580      	push	{r7, lr}
 616:	b084      	sub	sp, #16
 618:	af00      	add	r7, sp, #0
 61a:	0002      	movs	r2, r0
 61c:	1dfb      	adds	r3, r7, #7
 61e:	701a      	strb	r2, [r3, #0]
 620:	1dbb      	adds	r3, r7, #6
 622:	1c0a      	adds	r2, r1, #0
 624:	701a      	strb	r2, [r3, #0]
    lcd_send_nibble(byte >> 4, mode);   /* high nibble first */
 626:	1dfb      	adds	r3, r7, #7
 628:	781b      	ldrb	r3, [r3, #0]
 62a:	091b      	lsrs	r3, r3, #4
 62c:	b2da      	uxtb	r2, r3
 62e:	1dbb      	adds	r3, r7, #6
 630:	781b      	ldrb	r3, [r3, #0]
 632:	0019      	movs	r1, r3
 634:	0010      	movs	r0, r2
 636:	f7ff ff94 	bl	562 <lcd_send_nibble>
    lcd_send_nibble(byte & 0x0F, mode); /* low nibble */
 63a:	1dfb      	adds	r3, r7, #7
 63c:	781b      	ldrb	r3, [r3, #0]
 63e:	220f      	movs	r2, #15
 640:	4013      	ands	r3, r2
 642:	b2da      	uxtb	r2, r3
 644:	1dbb      	adds	r3, r7, #6
 646:	781b      	ldrb	r3, [r3, #0]
 648:	0019      	movs	r1, r3
 64a:	0010      	movs	r0, r2
 64c:	f7ff ff89 	bl	562 <lcd_send_nibble>
    /* command needs more time */
    for (volatile uint32_t i = 0; i < 2000; i++);
 650:	2300      	movs	r3, #0
 652:	60fb      	str	r3, [r7, #12]
 654:	e002      	b.n	65c <lcd_send_byte+0x48>
 656:	68fb      	ldr	r3, [r7, #12]
 658:	3301      	adds	r3, #1
 65a:	60fb      	str	r3, [r7, #12]
 65c:	68fa      	ldr	r2, [r7, #12]
 65e:	23fa      	movs	r3, #250	@ 0xfa
 660:	00db      	lsls	r3, r3, #3
 662:	429a      	cmp	r2, r3
 664:	d3f7      	bcc.n	656 <lcd_send_byte+0x42>
}
 666:	46c0      	nop			@ (mov r8, r8)
 668:	46c0      	nop			@ (mov r8, r8)
 66a:	46bd      	mov	sp, r7
 66c:	b004      	add	sp, #16
 66e:	bd80      	pop	{r7, pc}

00000670 <lcd_cmd>:

static void lcd_cmd(uint8_t cmd)  { lcd_send_byte(cmd, 0u); }
 670:	b580      	push	{r7, lr}
 672:	b082      	sub	sp, #8
 674:	af00      	add	r7, sp, #0
 676:	0002      	movs	r2, r0
 678:	1dfb      	adds	r3, r7, #7
 67a:	701a      	strb	r2, [r3, #0]
 67c:	1dfb      	adds	r3, r7, #7
 67e:	781b      	ldrb	r3, [r3, #0]
 680:	2100      	movs	r1, #0
 682:	0018      	movs	r0, r3
 684:	f7ff ffc6 	bl	614 <lcd_send_byte>
 688:	46c0      	nop			@ (mov r8, r8)
 68a:	46bd      	mov	sp, r7
 68c:	b002      	add	sp, #8
 68e:	bd80      	pop	{r7, pc}

00000690 <lcd_data>:
static void lcd_data(uint8_t dat) { lcd_send_byte(dat, LCD_RS); }
 690:	b580      	push	{r7, lr}
 692:	b082      	sub	sp, #8
 694:	af00      	add	r7, sp, #0
 696:	0002      	movs	r2, r0
 698:	1dfb      	adds	r3, r7, #7
 69a:	701a      	strb	r2, [r3, #0]
 69c:	1dfb      	adds	r3, r7, #7
 69e:	781b      	ldrb	r3, [r3, #0]
 6a0:	2101      	movs	r1, #1
 6a2:	0018      	movs	r0, r3
 6a4:	f7ff ffb6 	bl	614 <lcd_send_byte>
 6a8:	46c0      	nop			@ (mov r8, r8)
 6aa:	46bd      	mov	sp, r7
 6ac:	b002      	add	sp, #8
 6ae:	bd80      	pop	{r7, pc}

000006b0 <LCD_Init>:

void LCD_Init(void)
{
 6b0:	b580      	push	{r7, lr}
 6b2:	b086      	sub	sp, #24
 6b4:	af00      	add	r7, sp, #0
    i2c_init_pins();
 6b6:	f7ff fe32 	bl	31e <i2c_init_pins>
    /* Wait for LCD power-up */
    for (volatile uint32_t i = 0; i < 500000; i++);
 6ba:	2300      	movs	r3, #0
 6bc:	617b      	str	r3, [r7, #20]
 6be:	e002      	b.n	6c6 <LCD_Init+0x16>
 6c0:	697b      	ldr	r3, [r7, #20]
 6c2:	3301      	adds	r3, #1
 6c4:	617b      	str	r3, [r7, #20]
 6c6:	697b      	ldr	r3, [r7, #20]
 6c8:	4a26      	ldr	r2, [pc, #152]	@ (764 <LCD_Init+0xb4>)
 6ca:	4293      	cmp	r3, r2
 6cc:	d9f8      	bls.n	6c0 <LCD_Init+0x10>

    /* Initialization sequence for 4-bit mode */
    lcd_send_nibble(0x03, 0); for (volatile uint32_t i=0;i<40000;i++);
 6ce:	2100      	movs	r1, #0
 6d0:	2003      	movs	r0, #3
 6d2:	f7ff ff46 	bl	562 <lcd_send_nibble>
 6d6:	2300      	movs	r3, #0
 6d8:	613b      	str	r3, [r7, #16]
 6da:	e002      	b.n	6e2 <LCD_Init+0x32>
 6dc:	693b      	ldr	r3, [r7, #16]
 6de:	3301      	adds	r3, #1
 6e0:	613b      	str	r3, [r7, #16]
 6e2:	693b      	ldr	r3, [r7, #16]
 6e4:	4a20      	ldr	r2, [pc, #128]	@ (768 <LCD_Init+0xb8>)
 6e6:	4293      	cmp	r3, r2
 6e8:	d9f8      	bls.n	6dc <LCD_Init+0x2c>
    lcd_send_nibble(0x03, 0); for (volatile uint32_t i=0;i<4000;i++);
 6ea:	2100      	movs	r1, #0
 6ec:	2003      	movs	r0, #3
 6ee:	f7ff ff38 	bl	562 <lcd_send_nibble>
 6f2:	2300      	movs	r3, #0
 6f4:	60fb      	str	r3, [r7, #12]
 6f6:	e002      	b.n	6fe <LCD_Init+0x4e>
 6f8:	68fb      	ldr	r3, [r7, #12]
 6fa:	3301      	adds	r3, #1
 6fc:	60fb      	str	r3, [r7, #12]
 6fe:	68fa      	ldr	r2, [r7, #12]
 700:	23fa      	movs	r3, #250	@ 0xfa
 702:	011b      	lsls	r3, r3, #4
 704:	429a      	cmp	r2, r3
 706:	d3f7      	bcc.n	6f8 <LCD_Init+0x48>
    lcd_send_nibble(0x03, 0); for (volatile uint32_t i=0;i<4000;i++);
 708:	2100      	movs	r1, #0
 70a:	2003      	movs	r0, #3
 70c:	f7ff ff29 	bl	562 <lcd_send_nibble>
 710:	2300      	movs	r3, #0
 712:	60bb      	str	r3, [r7, #8]
 714:	e002      	b.n	71c <LCD_Init+0x6c>
 716:	68bb      	ldr	r3, [r7, #8]
 718:	3301      	adds	r3, #1
 71a:	60bb      	str	r3, [r7, #8]
 71c:	68ba      	ldr	r2, [r7, #8]
 71e:	23fa      	movs	r3, #250	@ 0xfa
 720:	011b      	lsls	r3, r3, #4
 722:	429a      	cmp	r2, r3
 724:	d3f7      	bcc.n	716 <LCD_Init+0x66>
    lcd_send_nibble(0x02, 0); /* switch to 4-bit */
 726:	2100      	movs	r1, #0
 728:	2002      	movs	r0, #2
 72a:	f7ff ff1a 	bl	562 <lcd_send_nibble>

    lcd_cmd(0x28); /* 4-bit, 2 lines, 5x8 font */
 72e:	2028      	movs	r0, #40	@ 0x28
 730:	f7ff ff9e 	bl	670 <lcd_cmd>
    lcd_cmd(0x0C); /* Display on, cursor off */
 734:	200c      	movs	r0, #12
 736:	f7ff ff9b 	bl	670 <lcd_cmd>
    lcd_cmd(0x06); /* Auto-increment, no shift */
 73a:	2006      	movs	r0, #6
 73c:	f7ff ff98 	bl	670 <lcd_cmd>
    lcd_cmd(0x01); /* Clear display */
 740:	2001      	movs	r0, #1
 742:	f7ff ff95 	bl	670 <lcd_cmd>
    for (volatile uint32_t i = 0; i < 20000; i++); /* clear needs 1.6ms */
 746:	2300      	movs	r3, #0
 748:	607b      	str	r3, [r7, #4]
 74a:	e002      	b.n	752 <LCD_Init+0xa2>
 74c:	687b      	ldr	r3, [r7, #4]
 74e:	3301      	adds	r3, #1
 750:	607b      	str	r3, [r7, #4]
 752:	687b      	ldr	r3, [r7, #4]
 754:	4a05      	ldr	r2, [pc, #20]	@ (76c <LCD_Init+0xbc>)
 756:	4293      	cmp	r3, r2
 758:	d9f8      	bls.n	74c <LCD_Init+0x9c>
}
 75a:	46c0      	nop			@ (mov r8, r8)
 75c:	46c0      	nop			@ (mov r8, r8)
 75e:	46bd      	mov	sp, r7
 760:	b006      	add	sp, #24
 762:	bd80      	pop	{r7, pc}
 764:	0007a11f 	.word	0x0007a11f
 768:	00009c3f 	.word	0x00009c3f
 76c:	00004e1f 	.word	0x00004e1f

00000770 <LCD_Clear>:

void LCD_Clear(void)
{
 770:	b580      	push	{r7, lr}
 772:	b082      	sub	sp, #8
 774:	af00      	add	r7, sp, #0
    lcd_cmd(0x01);
 776:	2001      	movs	r0, #1
 778:	f7ff ff7a 	bl	670 <lcd_cmd>
    for (volatile uint32_t i = 0; i < 20000; i++);
 77c:	2300      	movs	r3, #0
 77e:	607b      	str	r3, [r7, #4]
 780:	e002      	b.n	788 <LCD_Clear+0x18>
 782:	687b      	ldr	r3, [r7, #4]
 784:	3301      	adds	r3, #1
 786:	607b      	str	r3, [r7, #4]
 788:	687b      	ldr	r3, [r7, #4]
 78a:	4a04      	ldr	r2, [pc, #16]	@ (79c <LCD_Clear+0x2c>)
 78c:	4293      	cmp	r3, r2
 78e:	d9f8      	bls.n	782 <LCD_Clear+0x12>
}
 790:	46c0      	nop			@ (mov r8, r8)
 792:	46c0      	nop			@ (mov r8, r8)
 794:	46bd      	mov	sp, r7
 796:	b002      	add	sp, #8
 798:	bd80      	pop	{r7, pc}
 79a:	46c0      	nop			@ (mov r8, r8)
 79c:	00004e1f 	.word	0x00004e1f

000007a0 <LCD_SetCursor>:

void LCD_SetCursor(uint8_t row, uint8_t col)
{
 7a0:	b580      	push	{r7, lr}
 7a2:	b084      	sub	sp, #16
 7a4:	af00      	add	r7, sp, #0
 7a6:	0002      	movs	r2, r0
 7a8:	1dfb      	adds	r3, r7, #7
 7aa:	701a      	strb	r2, [r3, #0]
 7ac:	1dbb      	adds	r3, r7, #6
 7ae:	1c0a      	adds	r2, r1, #0
 7b0:	701a      	strb	r2, [r3, #0]
    uint8_t addr = (row == 0) ? 0x00 : 0x40;
 7b2:	1dfb      	adds	r3, r7, #7
 7b4:	781b      	ldrb	r3, [r3, #0]
 7b6:	2b00      	cmp	r3, #0
 7b8:	d104      	bne.n	7c4 <LCD_SetCursor+0x24>
 7ba:	230f      	movs	r3, #15
 7bc:	18fb      	adds	r3, r7, r3
 7be:	2200      	movs	r2, #0
 7c0:	701a      	strb	r2, [r3, #0]
 7c2:	e003      	b.n	7cc <LCD_SetCursor+0x2c>
 7c4:	230f      	movs	r3, #15
 7c6:	18fb      	adds	r3, r7, r3
 7c8:	2240      	movs	r2, #64	@ 0x40
 7ca:	701a      	strb	r2, [r3, #0]
    lcd_cmd(0x80 | (addr + col));
 7cc:	230f      	movs	r3, #15
 7ce:	18fa      	adds	r2, r7, r3
 7d0:	1dbb      	adds	r3, r7, #6
 7d2:	7812      	ldrb	r2, [r2, #0]
 7d4:	781b      	ldrb	r3, [r3, #0]
 7d6:	18d3      	adds	r3, r2, r3
 7d8:	b2db      	uxtb	r3, r3
 7da:	b25b      	sxtb	r3, r3
 7dc:	2280      	movs	r2, #128	@ 0x80
 7de:	4252      	negs	r2, r2
 7e0:	4313      	orrs	r3, r2
 7e2:	b25b      	sxtb	r3, r3
 7e4:	b2db      	uxtb	r3, r3
 7e6:	0018      	movs	r0, r3
 7e8:	f7ff ff42 	bl	670 <lcd_cmd>
}
 7ec:	46c0      	nop			@ (mov r8, r8)
 7ee:	46bd      	mov	sp, r7
 7f0:	b004      	add	sp, #16
 7f2:	bd80      	pop	{r7, pc}

000007f4 <LCD_PrintChar>:

void LCD_PrintChar(char c)
{
 7f4:	b580      	push	{r7, lr}
 7f6:	b082      	sub	sp, #8
 7f8:	af00      	add	r7, sp, #0
 7fa:	0002      	movs	r2, r0
 7fc:	1dfb      	adds	r3, r7, #7
 7fe:	701a      	strb	r2, [r3, #0]
    lcd_data((uint8_t)c);
 800:	1dfb      	adds	r3, r7, #7
 802:	781b      	ldrb	r3, [r3, #0]
 804:	0018      	movs	r0, r3
 806:	f7ff ff43 	bl	690 <lcd_data>
}
 80a:	46c0      	nop			@ (mov r8, r8)
 80c:	46bd      	mov	sp, r7
 80e:	b002      	add	sp, #8
 810:	bd80      	pop	{r7, pc}

00000812 <LCD_Print>:

void LCD_Print(const char *str)
{
 812:	b580      	push	{r7, lr}
 814:	b082      	sub	sp, #8
 816:	af00      	add	r7, sp, #0
 818:	6078      	str	r0, [r7, #4]
    while (*str)
 81a:	e006      	b.n	82a <LCD_Print+0x18>
        lcd_data((uint8_t)(*str++));
 81c:	687b      	ldr	r3, [r7, #4]
 81e:	1c5a      	adds	r2, r3, #1
 820:	607a      	str	r2, [r7, #4]
 822:	781b      	ldrb	r3, [r3, #0]
 824:	0018      	movs	r0, r3
 826:	f7ff ff33 	bl	690 <lcd_data>
    while (*str)
 82a:	687b      	ldr	r3, [r7, #4]
 82c:	781b      	ldrb	r3, [r3, #0]
 82e:	2b00      	cmp	r3, #0
 830:	d1f4      	bne.n	81c <LCD_Print+0xa>
 832:	46c0      	nop			@ (mov r8, r8)
 834:	46c0      	nop			@ (mov r8, r8)
 836:	46bd      	mov	sp, r7
 838:	b002      	add	sp, #8
 83a:	bd80      	pop	{r7, pc}

0000083c <__udivsi3>:
 83c:	2200      	movs	r2, #0
 83e:	0843      	lsrs	r3, r0, #1
 840:	428b      	cmp	r3, r1
 842:	d374      	bcc.n	92e <__udivsi3+0xf2>
 844:	0903      	lsrs	r3, r0, #4
 846:	428b      	cmp	r3, r1
 848:	d35f      	bcc.n	90a <__udivsi3+0xce>
 84a:	0a03      	lsrs	r3, r0, #8
 84c:	428b      	cmp	r3, r1
 84e:	d344      	bcc.n	8da <__udivsi3+0x9e>
 850:	0b03      	lsrs	r3, r0, #12
 852:	428b      	cmp	r3, r1
 854:	d328      	bcc.n	8a8 <__udivsi3+0x6c>
 856:	0c03      	lsrs	r3, r0, #16
 858:	428b      	cmp	r3, r1
 85a:	d30d      	bcc.n	878 <__udivsi3+0x3c>
 85c:	22ff      	movs	r2, #255	@ 0xff
 85e:	0209      	lsls	r1, r1, #8
 860:	ba12      	rev	r2, r2
 862:	0c03      	lsrs	r3, r0, #16
 864:	428b      	cmp	r3, r1
 866:	d302      	bcc.n	86e <__udivsi3+0x32>
 868:	1212      	asrs	r2, r2, #8
 86a:	0209      	lsls	r1, r1, #8
 86c:	d065      	beq.n	93a <__udivsi3+0xfe>
 86e:	0b03      	lsrs	r3, r0, #12
 870:	428b      	cmp	r3, r1
 872:	d319      	bcc.n	8a8 <__udivsi3+0x6c>
 874:	e000      	b.n	878 <__udivsi3+0x3c>
 876:	0a09      	lsrs	r1, r1, #8
 878:	0bc3      	lsrs	r3, r0, #15
 87a:	428b      	cmp	r3, r1
 87c:	d301      	bcc.n	882 <__udivsi3+0x46>
 87e:	03cb      	lsls	r3, r1, #15
 880:	1ac0      	subs	r0, r0, r3
 882:	4152      	adcs	r2, r2
 884:	0b83      	lsrs	r3, r0, #14
 886:	428b      	cmp	r3, r1
 888:	d301      	bcc.n	88e <__udivsi3+0x52>
 88a:	038b      	lsls	r3, r1, #14
 88c:	1ac0      	subs	r0, r0, r3
 88e:	4152      	adcs	r2, r2
 890:	0b43      	lsrs	r3, r0, #13
 892:	428b      	cmp	r3, r1
 894:	d301      	bcc.n	89a <__udivsi3+0x5e>
 896:	034b      	lsls	r3, r1, #13
 898:	1ac0      	subs	r0, r0, r3
 89a:	4152      	adcs	r2, r2
 89c:	0b03      	lsrs	r3, r0, #12
 89e:	428b      	cmp	r3, r1
 8a0:	d301      	bcc.n	8a6 <__udivsi3+0x6a>
 8a2:	030b      	lsls	r3, r1, #12
 8a4:	1ac0      	subs	r0, r0, r3
 8a6:	4152      	adcs	r2, r2
 8a8:	0ac3      	lsrs	r3, r0, #11
 8aa:	428b      	cmp	r3, r1
 8ac:	d301      	bcc.n	8b2 <__udivsi3+0x76>
 8ae:	02cb      	lsls	r3, r1, #11
 8b0:	1ac0      	subs	r0, r0, r3
 8b2:	4152      	adcs	r2, r2
 8b4:	0a83      	lsrs	r3, r0, #10
 8b6:	428b      	cmp	r3, r1
 8b8:	d301      	bcc.n	8be <__udivsi3+0x82>
 8ba:	028b      	lsls	r3, r1, #10
 8bc:	1ac0      	subs	r0, r0, r3
 8be:	4152      	adcs	r2, r2
 8c0:	0a43      	lsrs	r3, r0, #9
 8c2:	428b      	cmp	r3, r1
 8c4:	d301      	bcc.n	8ca <__udivsi3+0x8e>
 8c6:	024b      	lsls	r3, r1, #9
 8c8:	1ac0      	subs	r0, r0, r3
 8ca:	4152      	adcs	r2, r2
 8cc:	0a03      	lsrs	r3, r0, #8
 8ce:	428b      	cmp	r3, r1
 8d0:	d301      	bcc.n	8d6 <__udivsi3+0x9a>
 8d2:	020b      	lsls	r3, r1, #8
 8d4:	1ac0      	subs	r0, r0, r3
 8d6:	4152      	adcs	r2, r2
 8d8:	d2cd      	bcs.n	876 <__udivsi3+0x3a>
 8da:	09c3      	lsrs	r3, r0, #7
 8dc:	428b      	cmp	r3, r1
 8de:	d301      	bcc.n	8e4 <__udivsi3+0xa8>
 8e0:	01cb      	lsls	r3, r1, #7
 8e2:	1ac0      	subs	r0, r0, r3
 8e4:	4152      	adcs	r2, r2
 8e6:	0983      	lsrs	r3, r0, #6
 8e8:	428b      	cmp	r3, r1
 8ea:	d301      	bcc.n	8f0 <__udivsi3+0xb4>
 8ec:	018b      	lsls	r3, r1, #6
 8ee:	1ac0      	subs	r0, r0, r3
 8f0:	4152      	adcs	r2, r2
 8f2:	0943      	lsrs	r3, r0, #5
 8f4:	428b      	cmp	r3, r1
 8f6:	d301      	bcc.n	8fc <__udivsi3+0xc0>
 8f8:	014b      	lsls	r3, r1, #5
 8fa:	1ac0      	subs	r0, r0, r3
 8fc:	4152      	adcs	r2, r2
 8fe:	0903      	lsrs	r3, r0, #4
 900:	428b      	cmp	r3, r1
 902:	d301      	bcc.n	908 <__udivsi3+0xcc>
 904:	010b      	lsls	r3, r1, #4
 906:	1ac0      	subs	r0, r0, r3
 908:	4152      	adcs	r2, r2
 90a:	08c3      	lsrs	r3, r0, #3
 90c:	428b      	cmp	r3, r1
 90e:	d301      	bcc.n	914 <__udivsi3+0xd8>
 910:	00cb      	lsls	r3, r1, #3
 912:	1ac0      	subs	r0, r0, r3
 914:	4152      	adcs	r2, r2
 916:	0883      	lsrs	r3, r0, #2
 918:	428b      	cmp	r3, r1
 91a:	d301      	bcc.n	920 <__udivsi3+0xe4>
 91c:	008b      	lsls	r3, r1, #2
 91e:	1ac0      	subs	r0, r0, r3
 920:	4152      	adcs	r2, r2
 922:	0843      	lsrs	r3, r0, #1
 924:	428b      	cmp	r3, r1
 926:	d301      	bcc.n	92c <__udivsi3+0xf0>
 928:	004b      	lsls	r3, r1, #1
 92a:	1ac0      	subs	r0, r0, r3
 92c:	4152      	adcs	r2, r2
 92e:	1a41      	subs	r1, r0, r1
 930:	d200      	bcs.n	934 <__udivsi3+0xf8>
 932:	4601      	mov	r1, r0
 934:	4152      	adcs	r2, r2
 936:	4610      	mov	r0, r2
 938:	4770      	bx	lr
 93a:	e7ff      	b.n	93c <__udivsi3+0x100>
 93c:	b501      	push	{r0, lr}
 93e:	2000      	movs	r0, #0
 940:	f000 f806 	bl	950 <__aeabi_idiv0>
 944:	bd02      	pop	{r1, pc}
 946:	46c0      	nop			@ (mov r8, r8)

00000948 <__aeabi_uidivmod>:
 948:	2900      	cmp	r1, #0
 94a:	d0f7      	beq.n	93c <__udivsi3+0x100>
 94c:	e776      	b.n	83c <__udivsi3>
 94e:	4770      	bx	lr

00000950 <__aeabi_idiv0>:
 950:	4770      	bx	lr
 952:	46c0      	nop			@ (mov r8, r8)

00000954 <__libc_init_array>:
 954:	b570      	push	{r4, r5, r6, lr}
 956:	2600      	movs	r6, #0
 958:	4c0c      	ldr	r4, [pc, #48]	@ (98c <__libc_init_array+0x38>)
 95a:	4d0d      	ldr	r5, [pc, #52]	@ (990 <__libc_init_array+0x3c>)
 95c:	1b64      	subs	r4, r4, r5
 95e:	10a4      	asrs	r4, r4, #2
 960:	42a6      	cmp	r6, r4
 962:	d109      	bne.n	978 <__libc_init_array+0x24>
 964:	2600      	movs	r6, #0
 966:	f7ff fc71 	bl	24c <_init>
 96a:	4c0a      	ldr	r4, [pc, #40]	@ (994 <__libc_init_array+0x40>)
 96c:	4d0a      	ldr	r5, [pc, #40]	@ (998 <__libc_init_array+0x44>)
 96e:	1b64      	subs	r4, r4, r5
 970:	10a4      	asrs	r4, r4, #2
 972:	42a6      	cmp	r6, r4
 974:	d105      	bne.n	982 <__libc_init_array+0x2e>
 976:	bd70      	pop	{r4, r5, r6, pc}
 978:	00b3      	lsls	r3, r6, #2
 97a:	58eb      	ldr	r3, [r5, r3]
 97c:	4798      	blx	r3
 97e:	3601      	adds	r6, #1
 980:	e7ee      	b.n	960 <__libc_init_array+0xc>
 982:	00b3      	lsls	r3, r6, #2
 984:	58eb      	ldr	r3, [r5, r3]
 986:	4798      	blx	r3
 988:	3601      	adds	r6, #1
 98a:	e7f2      	b.n	972 <__libc_init_array+0x1e>
	...
 99c:	67694420 	.word	0x67694420
 9a0:	6c617469 	.word	0x6c617469
 9a4:	63694420 	.word	0x63694420
 9a8:	00002065 	.word	0x00002065
 9ac:	6c6f5220 	.word	0x6c6f5220
 9b0:	6552206c 	.word	0x6552206c
 9b4:	746c7573 	.word	0x746c7573
 9b8:	00000020 	.word	0x00000020
