Archive member included to satisfy reference by file (symbol)

D:/Infineon board/bin/../lib/gcc/arm-none-eabi/15.2.1/thumb/v6-m/nofp\libgcc.a(_udivsi3.o)
                              ./Application_Source/main.o (__aeabi_uidiv)
D:/Infineon board/bin/../lib/gcc/arm-none-eabi/15.2.1/thumb/v6-m/nofp\libgcc.a(_dvmd_tls.o)
                              D:/Infineon board/bin/../lib/gcc/arm-none-eabi/15.2.1/thumb/v6-m/nofp\libgcc.a(_udivsi3.o) (__aeabi_idiv0)
D:/Infineon board/bin/../lib/gcc/arm-none-eabi/15.2.1/../../../../arm-none-eabi/lib/thumb/v6-m/nofp\libc_nano.a(libc_a-errno.o)
                              ./Libc_Device_Support/syscalls.o (__errno)
D:/Infineon board/bin/../lib/gcc/arm-none-eabi/15.2.1/../../../../arm-none-eabi/lib/thumb/v6-m/nofp\libc_nano.a(libc_a-init.o)
                              ./Startup/startup.o (__libc_init_array)
D:/Infineon board/bin/../lib/gcc/arm-none-eabi/15.2.1/../../../../arm-none-eabi/lib/thumb/v6-m/nofp\libc_nano.a(libc_a-impure.o)
                              D:/Infineon board/bin/../lib/gcc/arm-none-eabi/15.2.1/../../../../arm-none-eabi/lib/thumb/v6-m/nofp\libc_nano.a(libc_a-errno.o) (_impure_ptr)

Discarded input sections

 .data          0x00000000        0x0 ./Application_Source/main.o
 .bss           0x00000000        0x0 ./Application_Source/main.o
 .text          0x00000000      0x2f8 ./Device_Drivers/GPIO/gpio.o
 .data          0x00000000        0x0 ./Device_Drivers/GPIO/gpio.o
 .bss           0x00000000        0x0 ./Device_Drivers/GPIO/gpio.o
 .debug_info    0x00000000      0x670 ./Device_Drivers/GPIO/gpio.o
 .debug_abbrev  0x00000000      0x13e ./Device_Drivers/GPIO/gpio.o
 .debug_aranges
                0x00000000       0x20 ./Device_Drivers/GPIO/gpio.o
 .debug_line    0x00000000      0x293 ./Device_Drivers/GPIO/gpio.o
 .debug_str     0x00000000      0x351 ./Device_Drivers/GPIO/gpio.o
 .comment       0x00000000       0x45 ./Device_Drivers/GPIO/gpio.o
 .debug_frame   0x00000000      0x1b0 ./Device_Drivers/GPIO/gpio.o
 .ARM.attributes
                0x00000000       0x2c ./Device_Drivers/GPIO/gpio.o
 .text          0x00000000        0xa ./Libc_Device_Support/malloc_support.o
 .data          0x00000000        0x0 ./Libc_Device_Support/malloc_support.o
 .bss           0x00000000        0x0 ./Libc_Device_Support/malloc_support.o
 .debug_info    0x00000000       0x39 ./Libc_Device_Support/malloc_support.o
 .debug_abbrev  0x00000000       0x2d ./Libc_Device_Support/malloc_support.o
 .debug_aranges
                0x00000000       0x20 ./Libc_Device_Support/malloc_support.o
 .debug_line    0x00000000       0x5a ./Libc_Device_Support/malloc_support.o
 .debug_str     0x00000000       0xc7 ./Libc_Device_Support/malloc_support.o
 .comment       0x00000000       0x45 ./Libc_Device_Support/malloc_support.o
 .debug_frame   0x00000000       0x2c ./Libc_Device_Support/malloc_support.o
 .ARM.attributes
                0x00000000       0x2c ./Libc_Device_Support/malloc_support.o
 .text          0x00000000        0xa ./Libc_Device_Support/printf_support.o
 .data          0x00000000        0x0 ./Libc_Device_Support/printf_support.o
 .bss           0x00000000        0x0 ./Libc_Device_Support/printf_support.o
 .debug_info    0x00000000       0x39 ./Libc_Device_Support/printf_support.o
 .debug_abbrev  0x00000000       0x2d ./Libc_Device_Support/printf_support.o
 .debug_aranges
                0x00000000       0x20 ./Libc_Device_Support/printf_support.o
 .debug_line    0x00000000       0x5a ./Libc_Device_Support/printf_support.o
 .debug_str     0x00000000       0xc7 ./Libc_Device_Support/printf_support.o
 .comment       0x00000000       0x45 ./Libc_Device_Support/printf_support.o
 .debug_frame   0x00000000       0x2c ./Libc_Device_Support/printf_support.o
 .ARM.attributes
                0x00000000       0x2c ./Libc_Device_Support/printf_support.o
 .text          0x00000000      0x294 ./Libc_Device_Support/syscalls.o
 .data          0x00000000        0x4 ./Libc_Device_Support/syscalls.o
 .bss           0x00000000        0x8 ./Libc_Device_Support/syscalls.o
 .debug_info    0x00000000      0x711 ./Libc_Device_Support/syscalls.o
 .debug_abbrev  0x00000000      0x1c8 ./Libc_Device_Support/syscalls.o
 .debug_aranges
                0x00000000       0x20 ./Libc_Device_Support/syscalls.o
 .debug_line    0x00000000      0x2d7 ./Libc_Device_Support/syscalls.o
 .debug_str     0x00000000      0x3e2 ./Libc_Device_Support/syscalls.o
 .comment       0x00000000       0x45 ./Libc_Device_Support/syscalls.o
 .debug_frame   0x00000000      0x264 ./Libc_Device_Support/syscalls.o
 .ARM.attributes
                0x00000000       0x2c ./Libc_Device_Support/syscalls.o
 .text          0x00000000       0x14 ./Special_Libraries/dsplib.o
 .data          0x00000000        0x0 ./Special_Libraries/dsplib.o
 .bss           0x00000000        0x0 ./Special_Libraries/dsplib.o
 .debug_info    0x00000000       0x47 ./Special_Libraries/dsplib.o
 .debug_abbrev  0x00000000       0x2f ./Special_Libraries/dsplib.o
 .debug_aranges
                0x00000000       0x20 ./Special_Libraries/dsplib.o
 .debug_line    0x00000000       0x56 ./Special_Libraries/dsplib.o
 .debug_str     0x00000000       0xc0 ./Special_Libraries/dsplib.o
 .comment       0x00000000       0x45 ./Special_Libraries/dsplib.o
 .debug_frame   0x00000000       0x48 ./Special_Libraries/dsplib.o
 .ARM.attributes
                0x00000000       0x2c ./Special_Libraries/dsplib.o
 .text          0x00000000       0x54 ./Special_Libraries/reset.o
 .data          0x00000000        0x0 ./Special_Libraries/reset.o
 .bss           0x00000000        0x0 ./Special_Libraries/reset.o
 .debug_info    0x00000000       0xd0 ./Special_Libraries/reset.o
 .debug_abbrev  0x00000000       0x91 ./Special_Libraries/reset.o
 .debug_aranges
                0x00000000       0x20 ./Special_Libraries/reset.o
 .debug_line    0x00000000      0x169 ./Special_Libraries/reset.o
 .debug_str     0x00000000      0x17f ./Special_Libraries/reset.o
 .comment       0x00000000       0x45 ./Special_Libraries/reset.o
 .debug_frame   0x00000000       0x4c ./Special_Libraries/reset.o
 .ARM.attributes
                0x00000000       0x2c ./Special_Libraries/reset.o
 .text          0x00000000      0x100 ./Special_Libraries/cmsis_gcc.o
 .data          0x00000000        0x0 ./Special_Libraries/cmsis_gcc.o
 .bss           0x00000000        0x0 ./Special_Libraries/cmsis_gcc.o
 .debug_info    0x00000000      0x226 ./Special_Libraries/cmsis_gcc.o
 .debug_abbrev  0x00000000       0xe0 ./Special_Libraries/cmsis_gcc.o
 .debug_aranges
                0x00000000       0x20 ./Special_Libraries/cmsis_gcc.o
 .debug_line    0x00000000      0x1e0 ./Special_Libraries/cmsis_gcc.o
 .debug_str     0x00000000      0x217 ./Special_Libraries/cmsis_gcc.o
 .comment       0x00000000       0x45 ./Special_Libraries/cmsis_gcc.o
 .debug_frame   0x00000000       0xc8 ./Special_Libraries/cmsis_gcc.o
 .ARM.attributes
                0x00000000       0x2c ./Special_Libraries/cmsis_gcc.o
 .data          0x00000000        0x0 ./Startup/startup.o
 .bss           0x00000000        0x0 ./Startup/startup.o
 .data          0x00000000        0x0 D:/Infineon board/bin/../lib/gcc/arm-none-eabi/15.2.1/thumb/v6-m/nofp\libgcc.a(_udivsi3.o)
 .bss           0x00000000        0x0 D:/Infineon board/bin/../lib/gcc/arm-none-eabi/15.2.1/thumb/v6-m/nofp\libgcc.a(_udivsi3.o)
 .data          0x00000000        0x0 D:/Infineon board/bin/../lib/gcc/arm-none-eabi/15.2.1/thumb/v6-m/nofp\libgcc.a(_dvmd_tls.o)
 .bss           0x00000000        0x0 D:/Infineon board/bin/../lib/gcc/arm-none-eabi/15.2.1/thumb/v6-m/nofp\libgcc.a(_dvmd_tls.o)
 .text          0x00000000        0x0 D:/Infineon board/bin/../lib/gcc/arm-none-eabi/15.2.1/../../../../arm-none-eabi/lib/thumb/v6-m/nofp\libc_nano.a(libc_a-errno.o)
 .data          0x00000000        0x0 D:/Infineon board/bin/../lib/gcc/arm-none-eabi/15.2.1/../../../../arm-none-eabi/lib/thumb/v6-m/nofp\libc_nano.a(libc_a-errno.o)
 .bss           0x00000000        0x0 D:/Infineon board/bin/../lib/gcc/arm-none-eabi/15.2.1/../../../../arm-none-eabi/lib/thumb/v6-m/nofp\libc_nano.a(libc_a-errno.o)
 .text.__errno  0x00000000        0xc D:/Infineon board/bin/../lib/gcc/arm-none-eabi/15.2.1/../../../../arm-none-eabi/lib/thumb/v6-m/nofp\libc_nano.a(libc_a-errno.o)
 .debug_frame   0x00000000       0x20 D:/Infineon board/bin/../lib/gcc/arm-none-eabi/15.2.1/../../../../arm-none-eabi/lib/thumb/v6-m/nofp\libc_nano.a(libc_a-errno.o)
 .ARM.attributes
                0x00000000       0x2c D:/Infineon board/bin/../lib/gcc/arm-none-eabi/15.2.1/../../../../arm-none-eabi/lib/thumb/v6-m/nofp\libc_nano.a(libc_a-errno.o)
 .text          0x00000000        0x0 D:/Infineon board/bin/../lib/gcc/arm-none-eabi/15.2.1/../../../../arm-none-eabi/lib/thumb/v6-m/nofp\libc_nano.a(libc_a-init.o)
 .data          0x00000000        0x0 D:/Infineon board/bin/../lib/gcc/arm-none-eabi/15.2.1/../../../../arm-none-eabi/lib/thumb/v6-m/nofp\libc_nano.a(libc_a-init.o)
 .bss           0x00000000        0x0 D:/Infineon board/bin/../lib/gcc/arm-none-eabi/15.2.1/../../../../arm-none-eabi/lib/thumb/v6-m/nofp\libc_nano.a(libc_a-init.o)
 .text          0x00000000        0x0 D:/Infineon board/bin/../lib/gcc/arm-none-eabi/15.2.1/../../../../arm-none-eabi/lib/thumb/v6-m/nofp\libc_nano.a(libc_a-impure.o)
 .data          0x00000000        0x0 D:/Infineon board/bin/../lib/gcc/arm-none-eabi/15.2.1/../../../../arm-none-eabi/lib/thumb/v6-m/nofp\libc_nano.a(libc_a-impure.o)
 .bss           0x00000000        0x0 D:/Infineon board/bin/../lib/gcc/arm-none-eabi/15.2.1/../../../../arm-none-eabi/lib/thumb/v6-m/nofp\libc_nano.a(libc_a-impure.o)
 .data._impure_ptr
                0x00000000        0x4 D:/Infineon board/bin/../lib/gcc/arm-none-eabi/15.2.1/../../../../arm-none-eabi/lib/thumb/v6-m/nofp\libc_nano.a(libc_a-impure.o)
 .data._impure_data
                0x00000000       0x4c D:/Infineon board/bin/../lib/gcc/arm-none-eabi/15.2.1/../../../../arm-none-eabi/lib/thumb/v6-m/nofp\libc_nano.a(libc_a-impure.o)
 .ARM.attributes
                0x00000000       0x2c D:/Infineon board/bin/../lib/gcc/arm-none-eabi/15.2.1/../../../../arm-none-eabi/lib/thumb/v6-m/nofp\libc_nano.a(libc_a-impure.o)

Memory Configuration

Name             Origin             Length             Attributes
FLASH            0x00000000         0x00020000         xr
RAM              0x20000000         0x00004000         xrw
*default*        0x00000000         0xffffffff

Linker script and memory map

LOAD ./Application_Source/main.o
LOAD ./Device_Drivers/GPIO/gpio.o
LOAD ./Libc_Device_Support/malloc_support.o
LOAD ./Libc_Device_Support/printf_support.o
LOAD ./Libc_Device_Support/syscalls.o
LOAD ./Special_Libraries/dsplib.o
LOAD ./Special_Libraries/reset.o
LOAD ./Special_Libraries/cmsis_gcc.o
LOAD ./Startup/startup.o
START GROUP
LOAD D:/Infineon board/bin/../lib/gcc/arm-none-eabi/15.2.1/thumb/v6-m/nofp\libgcc.a
LOAD D:/Infineon board/bin/../lib/gcc/arm-none-eabi/15.2.1/../../../../arm-none-eabi/lib/thumb/v6-m/nofp\libc_nano.a
END GROUP
START GROUP
LOAD D:/Infineon board/bin/../lib/gcc/arm-none-eabi/15.2.1/thumb/v6-m/nofp\libgcc.a
LOAD D:/Infineon board/bin/../lib/gcc/arm-none-eabi/15.2.1/../../../../arm-none-eabi/lib/thumb/v6-m/nofp\libc_nano.a
LOAD D:/Infineon board/bin/../lib/gcc/arm-none-eabi/15.2.1/../../../../arm-none-eabi/lib/thumb/v6-m/nofp\libnosys.a
END GROUP
START GROUP
LOAD D:/Infineon board/bin/../lib/gcc/arm-none-eabi/15.2.1/thumb/v6-m/nofp\libgcc.a
LOAD D:/Infineon board/bin/../lib/gcc/arm-none-eabi/15.2.1/../../../../arm-none-eabi/lib/thumb/v6-m/nofp\libc_nano.a
LOAD D:/Infineon board/bin/../lib/gcc/arm-none-eabi/15.2.1/../../../../arm-none-eabi/lib/thumb/v6-m/nofp\libnosys.a
END GROUP
                0x00000000                        __FLASH_START = 0x0
                0x00020000                        __FLASH_SIZE = 0x20000
                0x20000000                        __RAM_START = 0x20000000
                0x00004000                        __RAM_SIZE = 0x4000
                0x00001000                        __STACK_SIZE = 0x1000
                0x00000200                        __HEAP_SIZE = 0x200
                0x00000010                        __GAURDBUFFER = 0x10
                0x20004000                        __STACK_START = (__RAM_START + __RAM_SIZE)
                0x20003000                        __STACK_END = (__STACK_START - __STACK_SIZE)
                0x20002df0                        __HEAP_START = ((__STACK_END - __HEAP_SIZE) - __GAURDBUFFER)
                0x20002ff0                        __HEAP_END = (__STACK_END - __GAURDBUFFER)

.text           0x00000000      0xc9c
 *(.isr_vector_section)
 .isr_vector_section
                0x00000000       0xc0 ./Startup/startup.o
                0x00000000                vector_table
 *(.text*)
 .text          0x000000c0      0x908 ./Application_Source/main.o
                0x00000918                main
 .text          0x000009c8       0xb0 ./Startup/startup.o
                0x000009c8                _init
                0x000009d2                Reset_handler
                0x00000a68                tcpwm_interrupts_7_IRQHandler
                0x00000a68                pass_0_interrupt_sar_IRQHandler
                0x00000a68                SysTick_Handler
                0x00000a68                PendSV_Handler
                0x00000a68                NMI_Handler
                0x00000a68                ioss_interrupts_gpio_1_IRQHandler
                0x00000a68                cpuss_interrupt_dma_IRQHandler
                0x00000a68                scb_4_interrupt_IRQHandler
                0x00000a68                ioss_interrupts_gpio_2_IRQHandler
                0x00000a68                can_interrupt_can_IRQHandler
                0x00000a68                tcpwm_interrupts_4_IRQHandler
                0x00000a68                cpuss_interrupt_spcif_IRQHandler
                0x00000a68                scb_0_interrupt_IRQHandler
                0x00000a68                tcpwm_interrupts_3_IRQHandler
                0x00000a68                csd_interrupt_IRQHandler
                0x00000a68                tcpwm_interrupts_1_IRQHandler
                0x00000a68                lpcomp_interrupt_IRQHandler
                0x00000a68                crypto_interrupt_IRQHandler
                0x00000a68                tcpwm_interrupts_6_IRQHandler
                0x00000a68                ioss_interrupt_gpio_IRQHandler
                0x00000a68                scb_2_interrupt_IRQHandler
                0x00000a68                scb_1_interrupt_IRQHandler
                0x00000a68                Default_Handler
                0x00000a68                scb_3_interrupt_IRQHandler
                0x00000a68                ioss_interrupts_gpio_3_IRQHandler
                0x00000a68                ioss_interrupts_gpio_0_IRQHandler
                0x00000a68                tcpwm_interrupts_0_IRQHandler
                0x00000a68                SVC_Handler
                0x00000a68                tcpwm_interrupts_2_IRQHandler
                0x00000a68                tcpwm_interrupts_5_IRQHandler
                0x00000a68                srss_interrupt_wdt_IRQHandler
                0x00000a68                pass_0_interrupt_ctbs_IRQHandler
                0x00000a68                wco_interrupt_IRQHandler
                0x00000a70                HRDFLT_Handler
                0x00000a70                HardFault_Handler
 .text          0x00000a78      0x114 D:/Infineon board/bin/../lib/gcc/arm-none-eabi/15.2.1/thumb/v6-m/nofp\libgcc.a(_udivsi3.o)
                0x00000a78                __aeabi_uidiv
                0x00000a78                __udivsi3
                0x00000b84                __aeabi_uidivmod
 .text          0x00000b8c        0x4 D:/Infineon board/bin/../lib/gcc/arm-none-eabi/15.2.1/thumb/v6-m/nofp\libgcc.a(_dvmd_tls.o)
                0x00000b8c                __aeabi_idiv0
                0x00000b8c                __aeabi_ldiv0
 .text.__libc_init_array
                0x00000b90       0x48 D:/Infineon board/bin/../lib/gcc/arm-none-eabi/15.2.1/../../../../arm-none-eabi/lib/thumb/v6-m/nofp\libc_nano.a(libc_a-init.o)
                0x00000b90                __libc_init_array
 *(.init*)
 *(.fini*)
                0x00000bd8                        . = ALIGN (0x4)
 *(.rodata .rodata.*)
 .rodata        0x00000bd8       0xc1 ./Application_Source/main.o
                0x00000c9c                        . = ALIGN (0x4)
 *fill*         0x00000c99        0x3 
                0x00000c9c                        __etext = .
                0x00000c9c                        _la_data = LOADADDR (.data)

.glue_7         0x00000c9c        0x0
 .glue_7        0x00000c9c        0x0 linker stubs

.glue_7t        0x00000c9c        0x0
 .glue_7t       0x00000c9c        0x0 linker stubs

.vfp11_veneer   0x00000c9c        0x0
 .vfp11_veneer  0x00000c9c        0x0 linker stubs

.v4_bx          0x00000c9c        0x0
 .v4_bx         0x00000c9c        0x0 linker stubs

.iplt           0x00000c9c        0x0
 .iplt          0x00000c9c        0x0 ./Application_Source/main.o

.rel.dyn        0x00000c9c        0x0
 .rel.iplt      0x00000c9c        0x0 ./Application_Source/main.o

.data           0x20000000        0x0 load address 0x00000c9c
                0x20000000                        __data_start = .
 *(.data*)
                0x20000000                        . = ALIGN (0x4)
                0x20000000                        __data_end = .

.igot.plt       0x20000000        0x0 load address 0x00000c9c
 .igot.plt      0x20000000        0x0 ./Application_Source/main.o

.bss            0x20000000        0x0 load address 0x00000c9c
                0x20000000                        __bss_start__ = .
 *(.bss)
 *(.bss.*)
 *(COMMON)
                0x20000000                        . = ALIGN (0x4)
                0x20000000                        __bss_end__ = .
                0x20000000                        . = ALIGN (0x4)
                0x20000000                        end = .
                0x20000000                        __end__ = .

.heap           0x20002df0      0x200
                0x20002df0                        __heap_Start__ = .
 *(.heap)
 .heap          0x20002df0      0x200 ./Application_Source/main.o
                0x20002df0                app_heap
                0x20002ff0                        . = ALIGN (0x4)
                0x20002ff0                        __heap_End__ = .

.stack          0x20002ff0     0x1010
                0x20003000                        . = ABSOLUTE (__STACK_END)
 *fill*         0x20002ff0       0x10 
                0x20003000                        __stack_End__ = .
 *(.stack)
 .stack         0x20003000     0x1000 ./Application_Source/main.o
                0x20003000                app_stack
                0x20004000                        __stack_Start__ = .
OUTPUT(bin/BareMetal.elf elf32-littlearm)
LOAD linker stubs

.debug_info     0x00000000      0x73c
 .debug_info    0x00000000      0x593 ./Application_Source/main.o
 .debug_info    0x00000593      0x1a9 ./Startup/startup.o

.debug_abbrev   0x00000000      0x30a
 .debug_abbrev  0x00000000      0x1f1 ./Application_Source/main.o
 .debug_abbrev  0x000001f1      0x119 ./Startup/startup.o

.debug_aranges  0x00000000       0x40
 .debug_aranges
                0x00000000       0x20 ./Application_Source/main.o
 .debug_aranges
                0x00000020       0x20 ./Startup/startup.o

.debug_line     0x00000000      0x697
 .debug_line    0x00000000      0x565 ./Application_Source/main.o
 .debug_line    0x00000565      0x132 ./Startup/startup.o

.debug_str      0x00000000      0x3a2
 .debug_str     0x00000000      0x3a2 ./Application_Source/main.o
                                0x317 (size before relaxing)
 .debug_str     0x000003a2        0x0 ./Startup/startup.o
                                0x1f0 (size before relaxing)

.comment        0x00000000       0x45
 .comment       0x00000000       0x45 ./Application_Source/main.o
                                 0x46 (size before relaxing)
 .comment       0x00000045        0x0 ./Startup/startup.o
                                 0x46 (size before relaxing)

.ARM.attributes
                0x00000000       0x2c
 .ARM.attributes
                0x00000000       0x2c ./Application_Source/main.o
 .ARM.attributes
                0x0000002c       0x2c ./Startup/startup.o
 .ARM.attributes
                0x00000058       0x1e D:/Infineon board/bin/../lib/gcc/arm-none-eabi/15.2.1/thumb/v6-m/nofp\libgcc.a(_udivsi3.o)
 .ARM.attributes
                0x00000076       0x1e D:/Infineon board/bin/../lib/gcc/arm-none-eabi/15.2.1/thumb/v6-m/nofp\libgcc.a(_dvmd_tls.o)
 .ARM.attributes
                0x00000094       0x2c D:/Infineon board/bin/../lib/gcc/arm-none-eabi/15.2.1/../../../../arm-none-eabi/lib/thumb/v6-m/nofp\libc_nano.a(libc_a-init.o)

.debug_frame    0x00000000      0x424
 .debug_frame   0x00000000      0x354 ./Application_Source/main.o
 .debug_frame   0x00000354       0x84 ./Startup/startup.o
 .debug_frame   0x000003d8       0x20 D:/Infineon board/bin/../lib/gcc/arm-none-eabi/15.2.1/thumb/v6-m/nofp\libgcc.a(_udivsi3.o)
 .debug_frame   0x000003f8       0x2c D:/Infineon board/bin/../lib/gcc/arm-none-eabi/15.2.1/../../../../arm-none-eabi/lib/thumb/v6-m/nofp\libc_nano.a(libc_a-init.o)

.debug_line_str
                0x00000000       0xc9
 .debug_line_str
                0x00000000       0xc9 D:/Infineon board/bin/../lib/gcc/arm-none-eabi/15.2.1/thumb/v6-m/nofp\libgcc.a(_udivsi3.o)
 .debug_line_str
                0x000000c9        0x0 D:/Infineon board/bin/../lib/gcc/arm-none-eabi/15.2.1/thumb/v6-m/nofp\libgcc.a(_dvmd_tls.o)
                                 0xc9 (size before relaxing)
